=== stdout ===
[2026-06-04T17:38:42.832964+00:00] Detailed log file -> /app/paper/benchmark_outputs/logs/real_transfer_20260604T173842Z.log
[2026-06-04T17:38:42.833009+00:00] Resume checkpoint -> /app/paper/real_transfer/resume_real_transfer.json
[2026-06-04T17:38:43.425931+00:00] Loaded pre-mapped real JSONL (5584 rows) from /app/external_data/edurabsa_all_mapped.jsonl
[2026-06-04T17:38:43.705230+00:00] [bert-base-uncased] transfer evaluation start
[2026-06-04T17:38:43.705499+00:00] [bert-base-uncased:detection] acquired GPU training lock -> /app/paper/benchmark_outputs/gpu_training.lock
[2026-06-04T17:38:51.259492+00:00] [bert-base-uncased] detection training start: train_rows=2317 val_rows=289 epochs=3 batch_size=8 device=cuda
[2026-06-04T17:39:24.013903+00:00] [bert-base-uncased] detection epoch 1/3: train_loss=1.0664 val_micro_f1=0.4669 val_macro_f1=0.5011 best_macro_f1=0.5011 patience=0 epoch_seconds=32.8
[2026-06-04T17:39:56.793944+00:00] [bert-base-uncased] detection epoch 2/3: train_loss=0.8993 val_micro_f1=0.5119 val_macro_f1=0.5418 best_macro_f1=0.5418 patience=0 epoch_seconds=32.6
[2026-06-04T17:40:29.795797+00:00] [bert-base-uncased] detection epoch 3/3: train_loss=0.8103 val_micro_f1=0.5167 val_macro_f1=0.5449 best_macro_f1=0.5449 patience=0 epoch_seconds=32.8
[2026-06-04T17:40:29.906059+00:00] [bert-base-uncased] detection training complete: best_macro_f1=0.5449
[2026-06-04T17:40:29.906513+00:00] [bert-base-uncased:detection] released GPU training lock
[2026-06-04T17:40:29.912091+00:00] [bert-base-uncased:sentiment] acquired GPU training lock -> /app/paper/benchmark_outputs/gpu_training.lock
[2026-06-04T17:40:30.469735+00:00] [bert-base-uncased] sentiment training start: train_rows=2317 val_rows=289 epochs=3 batch_size=8 device=cuda
[2026-06-04T17:41:03.496738+00:00] [bert-base-uncased] sentiment epoch 1/3: train_loss=0.6833 val_mse=0.5935 best_val_mse=0.5935 patience=0 epoch_seconds=33.0
[2026-06-04T17:41:36.683037+00:00] [bert-base-uncased] sentiment epoch 2/3: train_loss=0.4701 val_mse=0.4718 best_val_mse=0.4718 patience=0 epoch_seconds=33.2
[2026-06-04T17:42:10.055844+00:00] [bert-base-uncased] sentiment epoch 3/3: train_loss=0.2947 val_mse=0.4374 best_val_mse=0.4374 patience=0 epoch_seconds=33.3
[2026-06-04T17:42:10.149917+00:00] [bert-base-uncased] sentiment training complete: best_val_mse=0.4374
[2026-06-04T17:42:10.150478+00:00] [bert-base-uncased:sentiment] released GPU training lock
[2026-06-04T17:42:59.747858+00:00] [bert-base-uncased] transfer evaluation complete: micro_f1=0.4398 sentiment_mse=0.5579
{
  "real_jsonl": "/app/paper/real_transfer/herath_mapped_real_reviews.jsonl",
  "overlap_summary": "/app/paper/real_transfer/herath_overlap_summary.csv",
  "summary": "/app/paper/real_transfer/synthetic_to_real_transfer_summary.csv",
  "per_aspect": "/app/paper/real_transfer/synthetic_to_real_transfer_per_aspect.csv",
  "run_dir": "/app/paper/real_transfer/runs/synthetic_to_real_transfer_20260604T174259Z",
  "n_real_reviews": 5584,
  "overlap_aspects": [
    "accessibility",
    "exam_fairness",
    "lecturer_quality",
    "materials",
    "organization",
    "overall_experience",
    "workload"
  ]
}

=== stderr ===

