=== stdout ===
[2026-06-04T18:00:47.746945+00:00] Resume signature mismatch at /app/paper/real_transfer/resume_real_transfer.json; starting a fresh checkpoint
[2026-06-04T18:00:47.749060+00:00] Detailed log file -> /app/paper/benchmark_outputs/logs/real_transfer_20260604T180047Z.log
[2026-06-04T18:00:47.749125+00:00] Resume checkpoint -> /app/paper/real_transfer/resume_real_transfer.json
[2026-06-04T18:00:48.090151+00:00] Loaded pre-mapped real JSONL (5584 rows) from /app/external_data/edurabsa_all_mapped.jsonl
[2026-06-04T18:00:48.257762+00:00] [distilbert-base-uncased] transfer evaluation start
[2026-06-04T18:00:48.258017+00:00] [distilbert-base-uncased:detection] acquired GPU training lock -> /app/paper/benchmark_outputs/gpu_training.lock
[2026-06-04T18:00:50.523411+00:00] [distilbert-base-uncased] detection training start: train_rows=986 val_rows=123 epochs=3 batch_size=8 device=cuda
[2026-06-04T18:00:58.236246+00:00] [distilbert-base-uncased] detection epoch 1/3: train_loss=1.1592 val_micro_f1=0.2816 val_macro_f1=0.1781 best_macro_f1=0.1781 patience=0 epoch_seconds=7.7
[2026-06-04T18:01:05.625425+00:00] [distilbert-base-uncased] detection epoch 2/3: train_loss=1.1420 val_micro_f1=0.3043 val_macro_f1=0.2650 best_macro_f1=0.2650 patience=0 epoch_seconds=7.3
[2026-06-04T18:01:13.014888+00:00] [distilbert-base-uncased] detection epoch 3/3: train_loss=1.1026 val_micro_f1=0.3058 val_macro_f1=0.2587 best_macro_f1=0.2650 patience=0 epoch_seconds=7.3
[2026-06-04T18:01:13.045250+00:00] [distilbert-base-uncased] detection training complete: best_macro_f1=0.2650
[2026-06-04T18:01:13.045684+00:00] [distilbert-base-uncased:detection] released GPU training lock
[2026-06-04T18:01:13.048174+00:00] [distilbert-base-uncased:sentiment] acquired GPU training lock -> /app/paper/benchmark_outputs/gpu_training.lock
[2026-06-04T18:01:13.490099+00:00] [distilbert-base-uncased] sentiment training start: train_rows=986 val_rows=123 epochs=3 batch_size=8 device=cuda
[2026-06-04T18:01:20.801838+00:00] [distilbert-base-uncased] sentiment epoch 1/3: train_loss=0.4837 val_mse=0.4967 best_val_mse=0.4967 patience=0 epoch_seconds=7.3
[2026-06-04T18:01:28.115123+00:00] [distilbert-base-uncased] sentiment epoch 2/3: train_loss=0.4437 val_mse=0.5024 best_val_mse=0.4967 patience=0 epoch_seconds=7.3
[2026-06-04T18:01:35.410592+00:00] [distilbert-base-uncased] sentiment epoch 3/3: train_loss=0.4037 val_mse=0.5107 best_val_mse=0.4967 patience=1 epoch_seconds=7.3
[2026-06-04T18:01:35.410713+00:00] [distilbert-base-uncased] sentiment early stop at epoch 3
[2026-06-04T18:01:35.440075+00:00] [distilbert-base-uncased] sentiment training complete: best_val_mse=0.4967
[2026-06-04T18:01:35.440424+00:00] [distilbert-base-uncased:sentiment] released GPU training lock
[2026-06-04T18:02:00.744591+00:00] [distilbert-base-uncased] transfer evaluation complete: micro_f1=0.4152 sentiment_mse=0.8792
{
  "real_jsonl": "/app/paper/real_transfer/herath_mapped_real_reviews.jsonl",
  "overlap_summary": "/app/paper/real_transfer/herath_overlap_summary.csv",
  "summary": "/app/paper/real_transfer/synthetic_to_real_transfer_summary.csv",
  "per_aspect": "/app/paper/real_transfer/synthetic_to_real_transfer_per_aspect.csv",
  "run_dir": "/app/paper/real_transfer/runs/synthetic_to_real_transfer_20260604T180200Z",
  "n_real_reviews": 5584,
  "overlap_aspects": [
    "accessibility",
    "exam_fairness",
    "lecturer_quality",
    "materials",
    "organization",
    "overall_experience",
    "workload"
  ]
}

=== stderr ===

