=== stdout ===
[2026-06-04T17:38:41.619283+00:00] Detailed log file -> /app/paper/benchmark_outputs/logs/real_transfer_20260604T173841Z.log
[2026-06-04T17:38:41.619358+00:00] Resume checkpoint -> /app/paper/real_transfer/resume_real_transfer.json
[2026-06-04T17:38:42.260198+00:00] Loaded pre-mapped real JSONL (5584 rows) from /app/external_data/edurabsa_all_mapped.jsonl
[2026-06-04T17:38:42.540506+00:00] [bert-base-uncased] transfer evaluation start
[2026-06-04T17:38:42.540736+00:00] [bert-base-uncased:detection] acquired GPU training lock -> /app/paper/benchmark_outputs/gpu_training.lock
[2026-06-04T17:38:50.113103+00:00] [bert-base-uncased] detection training start: train_rows=2317 val_rows=289 epochs=3 batch_size=8 device=cuda
[2026-06-04T17:39:22.646691+00:00] [bert-base-uncased] detection epoch 1/3: train_loss=1.0469 val_micro_f1=0.4436 val_macro_f1=0.4694 best_macro_f1=0.4694 patience=0 epoch_seconds=32.5
[2026-06-04T17:39:54.945079+00:00] [bert-base-uncased] detection epoch 2/3: train_loss=0.8707 val_micro_f1=0.4469 val_macro_f1=0.4822 best_macro_f1=0.4822 patience=0 epoch_seconds=32.1
[2026-06-04T17:40:27.359917+00:00] [bert-base-uncased] detection epoch 3/3: train_loss=0.7819 val_micro_f1=0.4913 val_macro_f1=0.5210 best_macro_f1=0.5210 patience=0 epoch_seconds=32.2
[2026-06-04T17:40:27.494124+00:00] [bert-base-uncased] detection training complete: best_macro_f1=0.5210
[2026-06-04T17:40:27.494538+00:00] [bert-base-uncased:detection] released GPU training lock
[2026-06-04T17:40:27.499194+00:00] [bert-base-uncased:sentiment] acquired GPU training lock -> /app/paper/benchmark_outputs/gpu_training.lock
[2026-06-04T17:40:28.073226+00:00] [bert-base-uncased] sentiment training start: train_rows=2317 val_rows=289 epochs=3 batch_size=8 device=cuda
[2026-06-04T17:41:00.482197+00:00] [bert-base-uncased] sentiment epoch 1/3: train_loss=0.7083 val_mse=0.6148 best_val_mse=0.6148 patience=0 epoch_seconds=32.4
[2026-06-04T17:41:33.131373+00:00] [bert-base-uncased] sentiment epoch 2/3: train_loss=0.4600 val_mse=0.4849 best_val_mse=0.4849 patience=0 epoch_seconds=32.6
[2026-06-04T17:42:05.913644+00:00] [bert-base-uncased] sentiment epoch 3/3: train_loss=0.2998 val_mse=0.4102 best_val_mse=0.4102 patience=0 epoch_seconds=32.6
[2026-06-04T17:42:06.002975+00:00] [bert-base-uncased] sentiment training complete: best_val_mse=0.4102
[2026-06-04T17:42:06.003418+00:00] [bert-base-uncased:sentiment] released GPU training lock
[2026-06-04T17:42:54.358143+00:00] [bert-base-uncased] transfer evaluation complete: micro_f1=0.3626 sentiment_mse=0.4617
{
  "real_jsonl": "/app/paper/real_transfer/herath_mapped_real_reviews.jsonl",
  "overlap_summary": "/app/paper/real_transfer/herath_overlap_summary.csv",
  "summary": "/app/paper/real_transfer/synthetic_to_real_transfer_summary.csv",
  "per_aspect": "/app/paper/real_transfer/synthetic_to_real_transfer_per_aspect.csv",
  "run_dir": "/app/paper/real_transfer/runs/synthetic_to_real_transfer_20260604T174254Z",
  "n_real_reviews": 5584,
  "overlap_aspects": [
    "accessibility",
    "exam_fairness",
    "lecturer_quality",
    "materials",
    "organization",
    "overall_experience",
    "workload"
  ]
}

=== stderr ===

