=== stdout ===
[2026-06-04T17:58:30.250797+00:00] Resume signature mismatch at /app/paper/real_transfer/resume_real_transfer.json; starting a fresh checkpoint
[2026-06-04T17:58:30.251181+00:00] Detailed log file -> /app/paper/benchmark_outputs/logs/real_transfer_20260604T175830Z.log
[2026-06-04T17:58:30.251225+00:00] Resume checkpoint -> /app/paper/real_transfer/resume_real_transfer.json
[2026-06-04T17:58:31.289452+00:00] Loaded pre-mapped real JSONL (5584 rows) from /app/external_data/edurabsa_all_mapped.jsonl
[2026-06-04T17:58:31.746085+00:00] [distilbert-base-uncased] transfer evaluation start
[2026-06-04T17:58:31.746387+00:00] [distilbert-base-uncased:detection] acquired GPU training lock -> /app/paper/benchmark_outputs/gpu_training.lock
[2026-06-04T17:58:35.670476+00:00] [distilbert-base-uncased] detection training start: train_rows=4609 val_rows=576 epochs=3 batch_size=8 device=cuda
[2026-06-04T17:59:09.761461+00:00] [distilbert-base-uncased] detection epoch 1/3: train_loss=1.0556 val_micro_f1=0.4182 val_macro_f1=0.4443 best_macro_f1=0.4443 patience=0 epoch_seconds=34.1
[2026-06-04T17:59:43.907548+00:00] [distilbert-base-uncased] detection epoch 2/3: train_loss=0.9460 val_micro_f1=0.4207 val_macro_f1=0.4515 best_macro_f1=0.4515 patience=0 epoch_seconds=34.0
[2026-06-04T18:00:18.156062+00:00] [distilbert-base-uncased] detection epoch 3/3: train_loss=0.8865 val_micro_f1=0.4204 val_macro_f1=0.4390 best_macro_f1=0.4515 patience=0 epoch_seconds=34.1
[2026-06-04T18:00:18.186962+00:00] [distilbert-base-uncased] detection training complete: best_macro_f1=0.4515
[2026-06-04T18:00:18.187360+00:00] [distilbert-base-uncased:detection] released GPU training lock
[2026-06-04T18:00:18.189514+00:00] [distilbert-base-uncased:sentiment] acquired GPU training lock -> /app/paper/benchmark_outputs/gpu_training.lock
[2026-06-04T18:00:18.587667+00:00] [distilbert-base-uncased] sentiment training start: train_rows=4609 val_rows=576 epochs=3 batch_size=8 device=cuda
[2026-06-04T18:00:52.870868+00:00] [distilbert-base-uncased] sentiment epoch 1/3: train_loss=0.6628 val_mse=0.5780 best_val_mse=0.5780 patience=0 epoch_seconds=34.3
[2026-06-04T18:01:27.094212+00:00] [distilbert-base-uncased] sentiment epoch 2/3: train_loss=0.5213 val_mse=0.5116 best_val_mse=0.5116 patience=0 epoch_seconds=34.2
[2026-06-04T18:02:01.469046+00:00] [distilbert-base-uncased] sentiment epoch 3/3: train_loss=0.3987 val_mse=0.4947 best_val_mse=0.4947 patience=0 epoch_seconds=34.3
[2026-06-04T18:02:01.518940+00:00] [distilbert-base-uncased] sentiment training complete: best_val_mse=0.4947
[2026-06-04T18:02:01.519268+00:00] [distilbert-base-uncased:sentiment] released GPU training lock
[2026-06-04T18:02:27.876154+00:00] [distilbert-base-uncased] transfer evaluation complete: micro_f1=0.4626 sentiment_mse=0.4704
{
  "real_jsonl": "/app/paper/real_transfer/herath_mapped_real_reviews.jsonl",
  "overlap_summary": "/app/paper/real_transfer/herath_overlap_summary.csv",
  "summary": "/app/paper/real_transfer/synthetic_to_real_transfer_summary.csv",
  "per_aspect": "/app/paper/real_transfer/synthetic_to_real_transfer_per_aspect.csv",
  "run_dir": "/app/paper/real_transfer/runs/synthetic_to_real_transfer_20260604T180227Z",
  "n_real_reviews": 5584,
  "overlap_aspects": [
    "accessibility",
    "exam_fairness",
    "lecturer_quality",
    "materials",
    "organization",
    "overall_experience",
    "workload"
  ]
}

=== stderr ===

