=== stdout ===
[2026-06-04T17:00:46.640126+00:00] Detailed log file -> /app/paper/benchmark_outputs/logs/real_transfer_20260604T170046Z.log
[2026-06-04T17:00:46.640219+00:00] Resume checkpoint -> /app/paper/real_transfer/resume_real_transfer.json
[2026-06-04T17:00:49.780887+00:00] [distilbert-base-uncased] transfer evaluation start
[2026-06-04T17:00:49.781235+00:00] [distilbert-base-uncased:detection] acquired GPU training lock -> /app/paper/benchmark_outputs/gpu_training.lock
[2026-06-04T17:00:57.021918+00:00] [distilbert-base-uncased] detection training start: train_rows=1237 val_rows=154 epochs=3 batch_size=8 device=cuda
[2026-06-04T17:01:06.719480+00:00] [distilbert-base-uncased] detection epoch 1/3: train_loss=1.1795 val_micro_f1=0.3274 val_macro_f1=0.3658 best_macro_f1=0.3658 patience=0 epoch_seconds=9.7
[2026-06-04T17:01:15.782640+00:00] [distilbert-base-uncased] detection epoch 2/3: train_loss=0.9670 val_micro_f1=0.4597 val_macro_f1=0.4921 best_macro_f1=0.4921 patience=0 epoch_seconds=9.0
[2026-06-04T17:01:25.007689+00:00] [distilbert-base-uncased] detection epoch 3/3: train_loss=0.8269 val_micro_f1=0.4687 val_macro_f1=0.5079 best_macro_f1=0.5079 patience=0 epoch_seconds=9.1
[2026-06-04T17:01:25.110276+00:00] [distilbert-base-uncased] detection training complete: best_macro_f1=0.5079
[2026-06-04T17:01:25.110867+00:00] [distilbert-base-uncased:detection] released GPU training lock
[2026-06-04T17:01:25.113901+00:00] [distilbert-base-uncased:sentiment] acquired GPU training lock -> /app/paper/benchmark_outputs/gpu_training.lock
[2026-06-04T17:01:25.482246+00:00] [distilbert-base-uncased] sentiment training start: train_rows=1237 val_rows=154 epochs=3 batch_size=8 device=cuda
[2026-06-04T17:01:34.560652+00:00] [distilbert-base-uncased] sentiment epoch 1/3: train_loss=0.7270 val_mse=0.7139 best_val_mse=0.7139 patience=0 epoch_seconds=9.1
[2026-06-04T17:01:43.635116+00:00] [distilbert-base-uncased] sentiment epoch 2/3: train_loss=0.6285 val_mse=0.6641 best_val_mse=0.6641 patience=0 epoch_seconds=9.0
[2026-06-04T17:01:52.877585+00:00] [distilbert-base-uncased] sentiment epoch 3/3: train_loss=0.4313 val_mse=0.5156 best_val_mse=0.5156 patience=0 epoch_seconds=9.1
[2026-06-04T17:01:52.945149+00:00] [distilbert-base-uncased] sentiment training complete: best_val_mse=0.5156
[2026-06-04T17:01:52.945729+00:00] [distilbert-base-uncased:sentiment] released GPU training lock
[2026-06-04T17:02:05.812379+00:00] [distilbert-base-uncased] transfer evaluation complete: micro_f1=0.2488 sentiment_mse=0.4002
{
  "real_jsonl": "/app/paper/real_transfer/herath_mapped_real_reviews.jsonl",
  "overlap_summary": "/app/paper/real_transfer/herath_overlap_summary.csv",
  "summary": "/app/paper/real_transfer/synthetic_to_real_transfer_summary.csv",
  "per_aspect": "/app/paper/real_transfer/synthetic_to_real_transfer_per_aspect.csv",
  "run_dir": "/app/paper/real_transfer/runs/synthetic_to_real_transfer_20260604T170205Z",
  "n_real_reviews": 2829,
  "overlap_aspects": [
    "accessibility",
    "assessment_design",
    "exam_fairness",
    "grading_transparency",
    "lecturer_quality",
    "materials",
    "organization",
    "overall_experience",
    "workload"
  ]
}

=== stderr ===

