=== stdout ===
[2026-06-04T17:55:04.591082+00:00] Detailed log file -> /app/paper/benchmark_outputs/logs/real_transfer_20260604T175504Z.log
[2026-06-04T17:55:04.591140+00:00] Resume checkpoint -> /app/paper/real_transfer/resume_real_transfer.json
[2026-06-04T17:55:04.943534+00:00] Loaded pre-mapped real JSONL (5584 rows) from /app/external_data/edurabsa_all_mapped.jsonl
[2026-06-04T17:55:05.120272+00:00] [distilbert-base-uncased] transfer evaluation start
[2026-06-04T17:55:05.120565+00:00] [distilbert-base-uncased:detection] acquired GPU training lock -> /app/paper/benchmark_outputs/gpu_training.lock
[2026-06-04T17:55:11.155796+00:00] [distilbert-base-uncased] detection training start: train_rows=1016 val_rows=127 epochs=3 batch_size=8 device=cuda
[2026-06-04T17:55:19.190346+00:00] [distilbert-base-uncased] detection epoch 1/3: train_loss=1.1335 val_micro_f1=0.3148 val_macro_f1=0.3547 best_macro_f1=0.3547 patience=0 epoch_seconds=8.0
[2026-06-04T17:55:26.777723+00:00] [distilbert-base-uncased] detection epoch 2/3: train_loss=0.9320 val_micro_f1=0.4253 val_macro_f1=0.4753 best_macro_f1=0.4753 patience=0 epoch_seconds=7.5
[2026-06-04T17:55:34.416629+00:00] [distilbert-base-uncased] detection epoch 3/3: train_loss=0.8133 val_micro_f1=0.4560 val_macro_f1=0.5155 best_macro_f1=0.5155 patience=0 epoch_seconds=7.5
[2026-06-04T17:55:34.541230+00:00] [distilbert-base-uncased] detection training complete: best_macro_f1=0.5155
[2026-06-04T17:55:34.541655+00:00] [distilbert-base-uncased:detection] released GPU training lock
[2026-06-04T17:55:34.548028+00:00] [distilbert-base-uncased:sentiment] acquired GPU training lock -> /app/paper/benchmark_outputs/gpu_training.lock
[2026-06-04T17:55:35.027825+00:00] [distilbert-base-uncased] sentiment training start: train_rows=1016 val_rows=127 epochs=3 batch_size=8 device=cuda
[2026-06-04T17:55:42.568062+00:00] [distilbert-base-uncased] sentiment epoch 1/3: train_loss=0.7387 val_mse=0.6684 best_val_mse=0.6684 patience=0 epoch_seconds=7.5
[2026-06-04T17:55:50.085465+00:00] [distilbert-base-uncased] sentiment epoch 2/3: train_loss=0.6392 val_mse=0.4604 best_val_mse=0.4604 patience=0 epoch_seconds=7.5
[2026-06-04T17:55:57.760757+00:00] [distilbert-base-uncased] sentiment epoch 3/3: train_loss=0.4608 val_mse=0.4196 best_val_mse=0.4196 patience=0 epoch_seconds=7.5
[2026-06-04T17:55:57.819934+00:00] [distilbert-base-uncased] sentiment training complete: best_val_mse=0.4196
[2026-06-04T17:55:57.820289+00:00] [distilbert-base-uncased:sentiment] released GPU training lock
[2026-06-04T17:56:23.132717+00:00] [distilbert-base-uncased] transfer evaluation complete: micro_f1=0.4882 sentiment_mse=0.5095
{
  "real_jsonl": "/app/paper/real_transfer/herath_mapped_real_reviews.jsonl",
  "overlap_summary": "/app/paper/real_transfer/herath_overlap_summary.csv",
  "summary": "/app/paper/real_transfer/synthetic_to_real_transfer_summary.csv",
  "per_aspect": "/app/paper/real_transfer/synthetic_to_real_transfer_per_aspect.csv",
  "run_dir": "/app/paper/real_transfer/runs/synthetic_to_real_transfer_20260604T175623Z",
  "n_real_reviews": 5584,
  "overlap_aspects": [
    "accessibility",
    "exam_fairness",
    "lecturer_quality",
    "materials",
    "organization",
    "overall_experience",
    "workload"
  ]
}

=== stderr ===

