=== stdout ===
[2026-06-04T12:53:34.639699+00:00] Detailed log file -> /app/paper/benchmark_outputs/logs/real_transfer_20260604T125334Z.log
[2026-06-04T12:53:34.639777+00:00] Resume checkpoint -> /app/paper/real_transfer/resume_real_transfer.json
[2026-06-04T12:53:38.772495+00:00] [bert-base-uncased] transfer evaluation start
[2026-06-04T12:53:38.772763+00:00] [bert-base-uncased:detection] acquired GPU training lock -> /app/paper/benchmark_outputs/gpu_training.lock
[2026-06-04T12:53:47.758532+00:00] [bert-base-uncased] detection training start: train_rows=5495 val_rows=686 epochs=3 batch_size=8 device=cuda
[2026-06-04T12:55:03.364909+00:00] [bert-base-uncased] detection epoch 1/3: train_loss=1.0848 val_micro_f1=0.3890 val_macro_f1=0.4118 best_macro_f1=0.4118 patience=0 epoch_seconds=75.6
[2026-06-04T12:56:19.579309+00:00] [bert-base-uncased] detection epoch 2/3: train_loss=0.9713 val_micro_f1=0.3783 val_macro_f1=0.4005 best_macro_f1=0.4118 patience=0 epoch_seconds=76.0
[2026-06-04T12:57:36.028861+00:00] [bert-base-uncased] detection epoch 3/3: train_loss=0.9074 val_micro_f1=0.3995 val_macro_f1=0.4105 best_macro_f1=0.4118 patience=1 epoch_seconds=76.4
[2026-06-04T12:57:36.029010+00:00] [bert-base-uncased] detection early stop at epoch 3
[2026-06-04T12:57:36.085783+00:00] [bert-base-uncased] detection training complete: best_macro_f1=0.4118
[2026-06-04T12:57:36.086211+00:00] [bert-base-uncased:detection] released GPU training lock
[2026-06-04T12:57:36.089373+00:00] [bert-base-uncased:sentiment] acquired GPU training lock -> /app/paper/benchmark_outputs/gpu_training.lock
[2026-06-04T12:57:36.606447+00:00] [bert-base-uncased] sentiment training start: train_rows=5495 val_rows=686 epochs=3 batch_size=8 device=cuda
[2026-06-04T12:58:53.198432+00:00] [bert-base-uncased] sentiment epoch 1/3: train_loss=0.6635 val_mse=0.5648 best_val_mse=0.5648 patience=0 epoch_seconds=76.6
[2026-06-04T13:00:10.151740+00:00] [bert-base-uncased] sentiment epoch 2/3: train_loss=0.5125 val_mse=0.5156 best_val_mse=0.5156 patience=0 epoch_seconds=76.9
[2026-06-04T13:01:27.169159+00:00] [bert-base-uncased] sentiment epoch 3/3: train_loss=0.3860 val_mse=0.4855 best_val_mse=0.4855 patience=0 epoch_seconds=76.8
[2026-06-04T13:01:27.293443+00:00] [bert-base-uncased] sentiment training complete: best_val_mse=0.4855
[2026-06-04T13:01:27.293836+00:00] [bert-base-uncased:sentiment] released GPU training lock
[2026-06-04T13:01:53.680850+00:00] [bert-base-uncased] transfer evaluation complete: micro_f1=0.3875 sentiment_mse=0.3507
{
  "real_jsonl": "/app/paper/real_transfer/herath_mapped_real_reviews.jsonl",
  "overlap_summary": "/app/paper/real_transfer/herath_overlap_summary.csv",
  "summary": "/app/paper/real_transfer/synthetic_to_real_transfer_summary.csv",
  "per_aspect": "/app/paper/real_transfer/synthetic_to_real_transfer_per_aspect.csv",
  "run_dir": "/app/paper/real_transfer/runs/synthetic_to_real_transfer_20260604T130153Z",
  "n_real_reviews": 2829,
  "overlap_aspects": [
    "accessibility",
    "assessment_design",
    "exam_fairness",
    "grading_transparency",
    "lecturer_quality",
    "materials",
    "organization",
    "overall_experience",
    "workload"
  ]
}

=== stderr ===

