=== stdout ===
[2026-06-04T12:55:58.902318+00:00] Resume signature mismatch at /app/paper/real_transfer/resume_real_transfer.json; starting a fresh checkpoint
[2026-06-04T12:55:58.904390+00:00] Detailed log file -> /app/paper/benchmark_outputs/logs/real_transfer_20260604T125558Z.log
[2026-06-04T12:55:58.904443+00:00] Resume checkpoint -> /app/paper/real_transfer/resume_real_transfer.json
[2026-06-04T12:56:02.052548+00:00] [bert-base-uncased] transfer evaluation start
[2026-06-04T12:56:02.052779+00:00] [bert-base-uncased:detection] acquired GPU training lock -> /app/paper/benchmark_outputs/gpu_training.lock
[2026-06-04T12:56:05.604520+00:00] [bert-base-uncased] detection training start: train_rows=2755 val_rows=344 epochs=3 batch_size=8 device=cuda
[2026-06-04T12:56:44.198119+00:00] [bert-base-uncased] detection epoch 1/3: train_loss=1.1466 val_micro_f1=0.3536 val_macro_f1=0.3779 best_macro_f1=0.3779 patience=0 epoch_seconds=38.6
[2026-06-04T12:57:22.925172+00:00] [bert-base-uncased] detection epoch 2/3: train_loss=1.0168 val_micro_f1=0.3936 val_macro_f1=0.4204 best_macro_f1=0.4204 patience=0 epoch_seconds=38.4
[2026-06-04T12:58:01.815460+00:00] [bert-base-uncased] detection epoch 3/3: train_loss=0.9279 val_micro_f1=0.4211 val_macro_f1=0.4525 best_macro_f1=0.4525 patience=0 epoch_seconds=38.7
[2026-06-04T12:58:01.962241+00:00] [bert-base-uncased] detection training complete: best_macro_f1=0.4525
[2026-06-04T12:58:01.962690+00:00] [bert-base-uncased:detection] released GPU training lock
[2026-06-04T12:58:01.965622+00:00] [bert-base-uncased:sentiment] acquired GPU training lock -> /app/paper/benchmark_outputs/gpu_training.lock
[2026-06-04T12:58:02.495850+00:00] [bert-base-uncased] sentiment training start: train_rows=2755 val_rows=344 epochs=3 batch_size=8 device=cuda
[2026-06-04T12:58:41.320194+00:00] [bert-base-uncased] sentiment epoch 1/3: train_loss=0.6851 val_mse=0.6700 best_val_mse=0.6700 patience=0 epoch_seconds=38.8
[2026-06-04T12:59:20.404321+00:00] [bert-base-uncased] sentiment epoch 2/3: train_loss=0.5607 val_mse=0.6152 best_val_mse=0.6152 patience=0 epoch_seconds=39.0
[2026-06-04T12:59:59.548843+00:00] [bert-base-uncased] sentiment epoch 3/3: train_loss=0.3595 val_mse=0.5700 best_val_mse=0.5700 patience=0 epoch_seconds=39.0
[2026-06-04T12:59:59.638140+00:00] [bert-base-uncased] sentiment training complete: best_val_mse=0.5700
[2026-06-04T12:59:59.638472+00:00] [bert-base-uncased:sentiment] released GPU training lock
[2026-06-04T13:00:25.348544+00:00] [bert-base-uncased] transfer evaluation complete: micro_f1=0.2999 sentiment_mse=0.3453
{
  "real_jsonl": "/app/paper/real_transfer/herath_mapped_real_reviews.jsonl",
  "overlap_summary": "/app/paper/real_transfer/herath_overlap_summary.csv",
  "summary": "/app/paper/real_transfer/synthetic_to_real_transfer_summary.csv",
  "per_aspect": "/app/paper/real_transfer/synthetic_to_real_transfer_per_aspect.csv",
  "run_dir": "/app/paper/real_transfer/runs/synthetic_to_real_transfer_20260604T130025Z",
  "n_real_reviews": 2829,
  "overlap_aspects": [
    "accessibility",
    "assessment_design",
    "exam_fairness",
    "grading_transparency",
    "lecturer_quality",
    "materials",
    "organization",
    "overall_experience",
    "workload"
  ]
}

=== stderr ===

