=== stdout ===
[2026-06-04T17:05:59.736668+00:00] Resume signature mismatch at /app/paper/real_transfer/resume_real_transfer.json; starting a fresh checkpoint
[2026-06-04T17:05:59.737217+00:00] Detailed log file -> /app/paper/benchmark_outputs/logs/real_transfer_20260604T170559Z.log
[2026-06-04T17:05:59.737272+00:00] Resume checkpoint -> /app/paper/real_transfer/resume_real_transfer.json
[2026-06-04T17:06:05.100084+00:00] [distilbert-base-uncased] transfer evaluation start
[2026-06-04T17:06:05.100770+00:00] [distilbert-base-uncased:detection] acquired GPU training lock -> /app/paper/benchmark_outputs/gpu_training.lock
[2026-06-04T17:06:11.165015+00:00] [distilbert-base-uncased] detection training start: train_rows=5495 val_rows=686 epochs=3 batch_size=8 device=cuda
[2026-06-04T17:06:46.872115+00:00] [distilbert-base-uncased] detection epoch 1/3: train_loss=1.0854 val_micro_f1=0.3944 val_macro_f1=0.4348 best_macro_f1=0.4348 patience=0 epoch_seconds=35.7
[2026-06-04T17:07:21.951893+00:00] [distilbert-base-uncased] detection epoch 2/3: train_loss=0.9745 val_micro_f1=0.4103 val_macro_f1=0.4414 best_macro_f1=0.4414 patience=0 epoch_seconds=35.0
[2026-06-04T17:07:57.080068+00:00] [distilbert-base-uncased] detection epoch 3/3: train_loss=0.9098 val_micro_f1=0.3997 val_macro_f1=0.4159 best_macro_f1=0.4414 patience=0 epoch_seconds=35.0
[2026-06-04T17:07:57.107608+00:00] [distilbert-base-uncased] detection training complete: best_macro_f1=0.4414
[2026-06-04T17:07:57.108414+00:00] [distilbert-base-uncased:detection] released GPU training lock
[2026-06-04T17:07:57.111559+00:00] [distilbert-base-uncased:sentiment] acquired GPU training lock -> /app/paper/benchmark_outputs/gpu_training.lock
[2026-06-04T17:07:57.727800+00:00] [distilbert-base-uncased] sentiment training start: train_rows=5495 val_rows=686 epochs=3 batch_size=8 device=cuda
[2026-06-04T17:08:32.856909+00:00] [distilbert-base-uncased] sentiment epoch 1/3: train_loss=0.6583 val_mse=0.5754 best_val_mse=0.5754 patience=0 epoch_seconds=35.1
[2026-06-04T17:09:07.746149+00:00] [distilbert-base-uncased] sentiment epoch 2/3: train_loss=0.5217 val_mse=0.5095 best_val_mse=0.5095 patience=0 epoch_seconds=34.9
[2026-06-04T17:09:42.867436+00:00] [distilbert-base-uncased] sentiment epoch 3/3: train_loss=0.4063 val_mse=0.5149 best_val_mse=0.5095 patience=0 epoch_seconds=35.0
[2026-06-04T17:09:42.894709+00:00] [distilbert-base-uncased] sentiment training complete: best_val_mse=0.5095
[2026-06-04T17:09:42.895789+00:00] [distilbert-base-uncased:sentiment] released GPU training lock
[2026-06-04T17:09:54.444994+00:00] [distilbert-base-uncased] transfer evaluation complete: micro_f1=0.5214 sentiment_mse=0.4012
{
  "real_jsonl": "/app/paper/real_transfer/herath_mapped_real_reviews.jsonl",
  "overlap_summary": "/app/paper/real_transfer/herath_overlap_summary.csv",
  "summary": "/app/paper/real_transfer/synthetic_to_real_transfer_summary.csv",
  "per_aspect": "/app/paper/real_transfer/synthetic_to_real_transfer_per_aspect.csv",
  "run_dir": "/app/paper/real_transfer/runs/synthetic_to_real_transfer_20260604T170954Z",
  "n_real_reviews": 2829,
  "overlap_aspects": [
    "accessibility",
    "assessment_design",
    "exam_fairness",
    "grading_transparency",
    "lecturer_quality",
    "materials",
    "organization",
    "overall_experience",
    "workload"
  ]
}

=== stderr ===

