=== stdout ===
[2026-06-04T12:36:53.985853+00:00] Detailed log file -> /app/paper/benchmark_outputs/logs/real_transfer_20260604T123653Z.log
[2026-06-04T12:36:53.985900+00:00] Resume checkpoint -> /app/paper/real_transfer/resume_real_transfer.json
[2026-06-04T12:36:57.374368+00:00] [bert-base-uncased] transfer evaluation start
[2026-06-04T12:36:57.374729+00:00] [bert-base-uncased:detection] acquired GPU training lock -> /app/paper/benchmark_outputs/gpu_training.lock
[2026-06-04T12:37:07.654411+00:00] [bert-base-uncased] detection training start: train_rows=2729 val_rows=341 epochs=3 batch_size=8 device=cuda
[2026-06-04T12:37:46.007804+00:00] [bert-base-uncased] detection epoch 1/3: train_loss=1.1017 val_micro_f1=0.4345 val_macro_f1=0.4684 best_macro_f1=0.4684 patience=0 epoch_seconds=38.4
[2026-06-04T12:38:23.944511+00:00] [bert-base-uncased] detection epoch 2/3: train_loss=0.8984 val_micro_f1=0.4785 val_macro_f1=0.5205 best_macro_f1=0.5205 patience=0 epoch_seconds=37.8
[2026-06-04T12:39:02.051069+00:00] [bert-base-uncased] detection epoch 3/3: train_loss=0.8038 val_micro_f1=0.4783 val_macro_f1=0.4919 best_macro_f1=0.5205 patience=0 epoch_seconds=37.8
[2026-06-04T12:39:02.114858+00:00] [bert-base-uncased] detection training complete: best_macro_f1=0.5205
[2026-06-04T12:39:02.116050+00:00] [bert-base-uncased:detection] released GPU training lock
[2026-06-04T12:39:02.120897+00:00] [bert-base-uncased:sentiment] acquired GPU training lock -> /app/paper/benchmark_outputs/gpu_training.lock
[2026-06-04T12:39:02.718406+00:00] [bert-base-uncased] sentiment training start: train_rows=2729 val_rows=341 epochs=3 batch_size=8 device=cuda
[2026-06-04T12:39:40.735055+00:00] [bert-base-uncased] sentiment epoch 1/3: train_loss=0.6843 val_mse=0.5779 best_val_mse=0.5779 patience=0 epoch_seconds=38.0
[2026-06-04T12:40:18.796637+00:00] [bert-base-uncased] sentiment epoch 2/3: train_loss=0.4849 val_mse=0.4791 best_val_mse=0.4791 patience=0 epoch_seconds=38.0
[2026-06-04T12:40:57.052441+00:00] [bert-base-uncased] sentiment epoch 3/3: train_loss=0.3326 val_mse=0.4543 best_val_mse=0.4543 patience=0 epoch_seconds=38.1
[2026-06-04T12:40:57.155180+00:00] [bert-base-uncased] sentiment training complete: best_val_mse=0.4543
[2026-06-04T12:40:57.155733+00:00] [bert-base-uncased:sentiment] released GPU training lock
[2026-06-04T12:41:22.136150+00:00] [bert-base-uncased] transfer evaluation complete: micro_f1=0.3827 sentiment_mse=0.3313
{
  "real_jsonl": "/app/paper/real_transfer/herath_mapped_real_reviews.jsonl",
  "overlap_summary": "/app/paper/real_transfer/herath_overlap_summary.csv",
  "summary": "/app/paper/real_transfer/synthetic_to_real_transfer_summary.csv",
  "per_aspect": "/app/paper/real_transfer/synthetic_to_real_transfer_per_aspect.csv",
  "run_dir": "/app/paper/real_transfer/runs/synthetic_to_real_transfer_20260604T124122Z",
  "n_real_reviews": 2829,
  "overlap_aspects": [
    "accessibility",
    "assessment_design",
    "exam_fairness",
    "grading_transparency",
    "lecturer_quality",
    "materials",
    "organization",
    "overall_experience",
    "workload"
  ]
}

=== stderr ===

