=== stdout ===
[2026-06-04T17:54:44.885578+00:00] Detailed log file -> /app/paper/benchmark_outputs/logs/real_transfer_20260604T175444Z.log
[2026-06-04T17:54:44.885654+00:00] Resume checkpoint -> /app/paper/real_transfer/resume_real_transfer.json
[2026-06-04T17:54:45.244182+00:00] Loaded pre-mapped real JSONL (5584 rows) from /app/external_data/edurabsa_all_mapped.jsonl
[2026-06-04T17:54:45.428112+00:00] [distilbert-base-uncased] transfer evaluation start
[2026-06-04T17:54:45.428331+00:00] [distilbert-base-uncased:detection] acquired GPU training lock -> /app/paper/benchmark_outputs/gpu_training.lock
[2026-06-04T17:54:51.402220+00:00] [distilbert-base-uncased] detection training start: train_rows=1016 val_rows=127 epochs=3 batch_size=8 device=cuda
[2026-06-04T17:54:59.402330+00:00] [distilbert-base-uncased] detection epoch 1/3: train_loss=1.1304 val_micro_f1=0.3964 val_macro_f1=0.4034 best_macro_f1=0.4034 patience=0 epoch_seconds=8.0
[2026-06-04T17:55:06.985288+00:00] [distilbert-base-uncased] detection epoch 2/3: train_loss=0.9330 val_micro_f1=0.4717 val_macro_f1=0.4954 best_macro_f1=0.4954 patience=0 epoch_seconds=7.5
[2026-06-04T17:55:14.553617+00:00] [distilbert-base-uncased] detection epoch 3/3: train_loss=0.8273 val_micro_f1=0.4773 val_macro_f1=0.5082 best_macro_f1=0.5082 patience=0 epoch_seconds=7.5
[2026-06-04T17:55:14.633444+00:00] [distilbert-base-uncased] detection training complete: best_macro_f1=0.5082
[2026-06-04T17:55:14.633759+00:00] [distilbert-base-uncased:detection] released GPU training lock
[2026-06-04T17:55:14.635788+00:00] [distilbert-base-uncased:sentiment] acquired GPU training lock -> /app/paper/benchmark_outputs/gpu_training.lock
[2026-06-04T17:55:15.040812+00:00] [distilbert-base-uncased] sentiment training start: train_rows=1016 val_rows=127 epochs=3 batch_size=8 device=cuda
[2026-06-04T17:55:22.457403+00:00] [distilbert-base-uncased] sentiment epoch 1/3: train_loss=0.7227 val_mse=0.6987 best_val_mse=0.6987 patience=0 epoch_seconds=7.4
[2026-06-04T17:55:29.893297+00:00] [distilbert-base-uncased] sentiment epoch 2/3: train_loss=0.6258 val_mse=0.4890 best_val_mse=0.4890 patience=0 epoch_seconds=7.4
[2026-06-04T17:55:37.409895+00:00] [distilbert-base-uncased] sentiment epoch 3/3: train_loss=0.3937 val_mse=0.5107 best_val_mse=0.4890 patience=0 epoch_seconds=7.4
[2026-06-04T17:55:37.439703+00:00] [distilbert-base-uncased] sentiment training complete: best_val_mse=0.4890
[2026-06-04T17:55:37.440050+00:00] [distilbert-base-uncased:sentiment] released GPU training lock
[2026-06-04T17:56:02.274959+00:00] [distilbert-base-uncased] transfer evaluation complete: micro_f1=0.4269 sentiment_mse=0.5950
{
  "real_jsonl": "/app/paper/real_transfer/herath_mapped_real_reviews.jsonl",
  "overlap_summary": "/app/paper/real_transfer/herath_overlap_summary.csv",
  "summary": "/app/paper/real_transfer/synthetic_to_real_transfer_summary.csv",
  "per_aspect": "/app/paper/real_transfer/synthetic_to_real_transfer_per_aspect.csv",
  "run_dir": "/app/paper/real_transfer/runs/synthetic_to_real_transfer_20260604T175602Z",
  "n_real_reviews": 5584,
  "overlap_aspects": [
    "accessibility",
    "exam_fairness",
    "lecturer_quality",
    "materials",
    "organization",
    "overall_experience",
    "workload"
  ]
}

=== stderr ===

