=== stdout ===
[2026-06-04T17:38:38.972016+00:00] Detailed log file -> /app/paper/benchmark_outputs/logs/real_transfer_20260604T173838Z.log
[2026-06-04T17:38:38.972101+00:00] Resume checkpoint -> /app/paper/real_transfer/resume_real_transfer.json
[2026-06-04T17:38:39.338152+00:00] Loaded pre-mapped real JSONL (5584 rows) from /app/external_data/edurabsa_all_mapped.jsonl
[2026-06-04T17:38:39.514174+00:00] [bert-base-uncased] transfer evaluation start
[2026-06-04T17:38:39.514468+00:00] [bert-base-uncased:detection] acquired GPU training lock -> /app/paper/benchmark_outputs/gpu_training.lock
[2026-06-04T17:38:47.174201+00:00] [bert-base-uncased] detection training start: train_rows=1016 val_rows=127 epochs=3 batch_size=8 device=cuda
[2026-06-04T17:39:01.852303+00:00] [bert-base-uncased] detection epoch 1/3: train_loss=1.1476 val_micro_f1=0.3566 val_macro_f1=0.3971 best_macro_f1=0.3971 patience=0 epoch_seconds=14.7
[2026-06-04T17:39:16.177539+00:00] [bert-base-uncased] detection epoch 2/3: train_loss=0.9637 val_micro_f1=0.4829 val_macro_f1=0.5167 best_macro_f1=0.5167 patience=0 epoch_seconds=14.1
[2026-06-04T17:39:30.428412+00:00] [bert-base-uncased] detection epoch 3/3: train_loss=0.8060 val_micro_f1=0.5146 val_macro_f1=0.5403 best_macro_f1=0.5403 patience=0 epoch_seconds=14.1
[2026-06-04T17:39:30.558403+00:00] [bert-base-uncased] detection training complete: best_macro_f1=0.5403
[2026-06-04T17:39:30.558805+00:00] [bert-base-uncased:detection] released GPU training lock
[2026-06-04T17:39:30.561586+00:00] [bert-base-uncased:sentiment] acquired GPU training lock -> /app/paper/benchmark_outputs/gpu_training.lock
[2026-06-04T17:39:31.151062+00:00] [bert-base-uncased] sentiment training start: train_rows=1016 val_rows=127 epochs=3 batch_size=8 device=cuda
[2026-06-04T17:39:45.267281+00:00] [bert-base-uncased] sentiment epoch 1/3: train_loss=0.7363 val_mse=0.7609 best_val_mse=0.7609 patience=0 epoch_seconds=14.1
[2026-06-04T17:39:59.485471+00:00] [bert-base-uncased] sentiment epoch 2/3: train_loss=0.5718 val_mse=0.6195 best_val_mse=0.6195 patience=0 epoch_seconds=14.2
[2026-06-04T17:40:13.866527+00:00] [bert-base-uncased] sentiment epoch 3/3: train_loss=0.3462 val_mse=0.4968 best_val_mse=0.4968 patience=0 epoch_seconds=14.2
[2026-06-04T17:40:13.958745+00:00] [bert-base-uncased] sentiment training complete: best_val_mse=0.4968
[2026-06-04T17:40:13.959161+00:00] [bert-base-uncased:sentiment] released GPU training lock
[2026-06-04T17:41:00.997281+00:00] [bert-base-uncased] transfer evaluation complete: micro_f1=0.3353 sentiment_mse=0.6017
{
  "real_jsonl": "/app/paper/real_transfer/herath_mapped_real_reviews.jsonl",
  "overlap_summary": "/app/paper/real_transfer/herath_overlap_summary.csv",
  "summary": "/app/paper/real_transfer/synthetic_to_real_transfer_summary.csv",
  "per_aspect": "/app/paper/real_transfer/synthetic_to_real_transfer_per_aspect.csv",
  "run_dir": "/app/paper/real_transfer/runs/synthetic_to_real_transfer_20260604T174100Z",
  "n_real_reviews": 5584,
  "overlap_aspects": [
    "accessibility",
    "exam_fairness",
    "lecturer_quality",
    "materials",
    "organization",
    "overall_experience",
    "workload"
  ]
}

=== stderr ===

