=== stdout ===
[2026-06-04T17:04:43.215370+00:00] Resume signature mismatch at /app/paper/real_transfer/resume_real_transfer.json; starting a fresh checkpoint
[2026-06-04T17:04:43.215843+00:00] Detailed log file -> /app/paper/benchmark_outputs/logs/real_transfer_20260604T170443Z.log
[2026-06-04T17:04:43.215882+00:00] Resume checkpoint -> /app/paper/real_transfer/resume_real_transfer.json
[2026-06-04T17:04:47.520190+00:00] [distilbert-base-uncased] transfer evaluation start
[2026-06-04T17:04:47.520641+00:00] [distilbert-base-uncased:detection] acquired GPU training lock -> /app/paper/benchmark_outputs/gpu_training.lock
[2026-06-04T17:04:52.617847+00:00] [distilbert-base-uncased] detection training start: train_rows=5495 val_rows=686 epochs=3 batch_size=8 device=cuda
[2026-06-04T17:05:33.375300+00:00] [distilbert-base-uncased] detection epoch 1/3: train_loss=1.0924 val_micro_f1=0.3635 val_macro_f1=0.3859 best_macro_f1=0.3859 patience=0 epoch_seconds=40.8
[2026-06-04T17:06:13.982138+00:00] [distilbert-base-uncased] detection epoch 2/3: train_loss=0.9748 val_micro_f1=0.3613 val_macro_f1=0.3835 best_macro_f1=0.3859 patience=0 epoch_seconds=40.5
[2026-06-04T17:06:54.711012+00:00] [distilbert-base-uncased] detection epoch 3/3: train_loss=0.9130 val_micro_f1=0.3730 val_macro_f1=0.3858 best_macro_f1=0.3859 patience=1 epoch_seconds=40.7
[2026-06-04T17:06:54.711198+00:00] [distilbert-base-uncased] detection early stop at epoch 3
[2026-06-04T17:06:54.745408+00:00] [distilbert-base-uncased] detection training complete: best_macro_f1=0.3859
[2026-06-04T17:06:54.745969+00:00] [distilbert-base-uncased:detection] released GPU training lock
[2026-06-04T17:06:54.748357+00:00] [distilbert-base-uncased:sentiment] acquired GPU training lock -> /app/paper/benchmark_outputs/gpu_training.lock
[2026-06-04T17:06:55.058095+00:00] [distilbert-base-uncased] sentiment training start: train_rows=5495 val_rows=686 epochs=3 batch_size=8 device=cuda
[2026-06-04T17:07:35.794183+00:00] [distilbert-base-uncased] sentiment epoch 1/3: train_loss=0.6643 val_mse=0.6013 best_val_mse=0.6013 patience=0 epoch_seconds=40.7
[2026-06-04T17:08:16.711414+00:00] [distilbert-base-uncased] sentiment epoch 2/3: train_loss=0.5269 val_mse=0.5548 best_val_mse=0.5548 patience=0 epoch_seconds=40.8
[2026-06-04T17:08:57.620933+00:00] [distilbert-base-uncased] sentiment epoch 3/3: train_loss=0.4114 val_mse=0.5782 best_val_mse=0.5548 patience=0 epoch_seconds=40.8
[2026-06-04T17:08:57.654878+00:00] [distilbert-base-uncased] sentiment training complete: best_val_mse=0.5548
[2026-06-04T17:08:57.657049+00:00] [distilbert-base-uncased:sentiment] released GPU training lock
[2026-06-04T17:09:11.931684+00:00] [distilbert-base-uncased] transfer evaluation complete: micro_f1=0.2461 sentiment_mse=0.4448
{
  "real_jsonl": "/app/paper/real_transfer/herath_mapped_real_reviews.jsonl",
  "overlap_summary": "/app/paper/real_transfer/herath_overlap_summary.csv",
  "summary": "/app/paper/real_transfer/synthetic_to_real_transfer_summary.csv",
  "per_aspect": "/app/paper/real_transfer/synthetic_to_real_transfer_per_aspect.csv",
  "run_dir": "/app/paper/real_transfer/runs/synthetic_to_real_transfer_20260604T170911Z",
  "n_real_reviews": 2829,
  "overlap_aspects": [
    "accessibility",
    "assessment_design",
    "exam_fairness",
    "grading_transparency",
    "lecturer_quality",
    "materials",
    "organization",
    "overall_experience",
    "workload"
  ]
}

=== stderr ===

