=== stdout ===
[2026-06-04T12:53:34.056518+00:00] Detailed log file -> /app/paper/benchmark_outputs/logs/real_transfer_20260604T125334Z.log
[2026-06-04T12:53:34.056565+00:00] Resume checkpoint -> /app/paper/real_transfer/resume_real_transfer.json
[2026-06-04T12:53:37.020488+00:00] [bert-base-uncased] transfer evaluation start
[2026-06-04T12:53:37.020825+00:00] [bert-base-uncased:detection] acquired GPU training lock -> /app/paper/benchmark_outputs/gpu_training.lock
[2026-06-04T12:53:50.121419+00:00] [bert-base-uncased] detection training start: train_rows=1237 val_rows=154 epochs=3 batch_size=8 device=cuda
[2026-06-04T12:54:07.783652+00:00] [bert-base-uncased] detection epoch 1/3: train_loss=1.1781 val_micro_f1=0.3182 val_macro_f1=0.3386 best_macro_f1=0.3386 patience=0 epoch_seconds=17.7
[2026-06-04T12:54:25.263675+00:00] [bert-base-uncased] detection epoch 2/3: train_loss=0.9669 val_micro_f1=0.4511 val_macro_f1=0.5049 best_macro_f1=0.5049 patience=0 epoch_seconds=17.3
[2026-06-04T12:54:42.678110+00:00] [bert-base-uncased] detection epoch 3/3: train_loss=0.7975 val_micro_f1=0.4410 val_macro_f1=0.4823 best_macro_f1=0.5049 patience=0 epoch_seconds=17.2
[2026-06-04T12:54:42.730535+00:00] [bert-base-uncased] detection training complete: best_macro_f1=0.5049
[2026-06-04T12:54:42.731132+00:00] [bert-base-uncased:detection] released GPU training lock
[2026-06-04T12:54:42.733714+00:00] [bert-base-uncased:sentiment] acquired GPU training lock -> /app/paper/benchmark_outputs/gpu_training.lock
[2026-06-04T12:54:43.312560+00:00] [bert-base-uncased] sentiment training start: train_rows=1237 val_rows=154 epochs=3 batch_size=8 device=cuda
[2026-06-04T12:55:00.621900+00:00] [bert-base-uncased] sentiment epoch 1/3: train_loss=0.7078 val_mse=0.6944 best_val_mse=0.6944 patience=0 epoch_seconds=17.3
[2026-06-04T12:55:18.020129+00:00] [bert-base-uncased] sentiment epoch 2/3: train_loss=0.5371 val_mse=0.5868 best_val_mse=0.5868 patience=0 epoch_seconds=17.4
[2026-06-04T12:55:35.587523+00:00] [bert-base-uncased] sentiment epoch 3/3: train_loss=0.3383 val_mse=0.4981 best_val_mse=0.4981 patience=0 epoch_seconds=17.4
[2026-06-04T12:55:35.672580+00:00] [bert-base-uncased] sentiment training complete: best_val_mse=0.4981
[2026-06-04T12:55:35.672980+00:00] [bert-base-uncased:sentiment] released GPU training lock
[2026-06-04T12:56:00.015163+00:00] [bert-base-uncased] transfer evaluation complete: micro_f1=0.2934 sentiment_mse=0.3922
{
  "real_jsonl": "/app/paper/real_transfer/herath_mapped_real_reviews.jsonl",
  "overlap_summary": "/app/paper/real_transfer/herath_overlap_summary.csv",
  "summary": "/app/paper/real_transfer/synthetic_to_real_transfer_summary.csv",
  "per_aspect": "/app/paper/real_transfer/synthetic_to_real_transfer_per_aspect.csv",
  "run_dir": "/app/paper/real_transfer/runs/synthetic_to_real_transfer_20260604T125600Z",
  "n_real_reviews": 2829,
  "overlap_aspects": [
    "accessibility",
    "assessment_design",
    "exam_fairness",
    "grading_transparency",
    "lecturer_quality",
    "materials",
    "organization",
    "overall_experience",
    "workload"
  ]
}

=== stderr ===

