=== stdout ===
[2026-06-04T17:16:46.726474+00:00] Resume signature mismatch at /app/paper/real_transfer/resume_real_transfer.json; starting a fresh checkpoint
[2026-06-04T17:16:46.726987+00:00] Detailed log file -> /app/paper/benchmark_outputs/logs/real_transfer_20260604T171646Z.log
[2026-06-04T17:16:46.727076+00:00] Resume checkpoint -> /app/paper/real_transfer/resume_real_transfer.json
[2026-06-04T17:16:50.162244+00:00] [distilbert-base-uncased] transfer evaluation start
[2026-06-04T17:16:50.162609+00:00] [distilbert-base-uncased:detection] acquired GPU training lock -> /app/paper/benchmark_outputs/gpu_training.lock
[2026-06-04T17:16:53.533476+00:00] [distilbert-base-uncased] detection training start: train_rows=2729 val_rows=341 epochs=3 batch_size=8 device=cuda
[2026-06-04T17:17:14.278923+00:00] [distilbert-base-uncased] detection epoch 1/3: train_loss=1.0932 val_micro_f1=0.4121 val_macro_f1=0.4446 best_macro_f1=0.4446 patience=0 epoch_seconds=20.7
[2026-06-04T17:17:34.736447+00:00] [distilbert-base-uncased] detection epoch 2/3: train_loss=0.9081 val_micro_f1=0.4655 val_macro_f1=0.5012 best_macro_f1=0.5012 patience=0 epoch_seconds=20.4
[2026-06-04T17:17:55.366086+00:00] [distilbert-base-uncased] detection epoch 3/3: train_loss=0.8221 val_micro_f1=0.4806 val_macro_f1=0.5043 best_macro_f1=0.5043 patience=0 epoch_seconds=20.5
[2026-06-04T17:17:55.464305+00:00] [distilbert-base-uncased] detection training complete: best_macro_f1=0.5043
[2026-06-04T17:17:55.464815+00:00] [distilbert-base-uncased:detection] released GPU training lock
[2026-06-04T17:17:55.467671+00:00] [distilbert-base-uncased:sentiment] acquired GPU training lock -> /app/paper/benchmark_outputs/gpu_training.lock
[2026-06-04T17:17:55.906883+00:00] [distilbert-base-uncased] sentiment training start: train_rows=2729 val_rows=341 epochs=3 batch_size=8 device=cuda
[2026-06-04T17:18:16.429830+00:00] [distilbert-base-uncased] sentiment epoch 1/3: train_loss=0.6838 val_mse=0.5645 best_val_mse=0.5645 patience=0 epoch_seconds=20.5
[2026-06-04T17:18:36.964298+00:00] [distilbert-base-uncased] sentiment epoch 2/3: train_loss=0.4942 val_mse=0.5125 best_val_mse=0.5125 patience=0 epoch_seconds=20.5
[2026-06-04T17:18:57.748260+00:00] [distilbert-base-uncased] sentiment epoch 3/3: train_loss=0.3606 val_mse=0.4851 best_val_mse=0.4851 patience=0 epoch_seconds=20.6
[2026-06-04T17:18:57.802261+00:00] [distilbert-base-uncased] sentiment training complete: best_val_mse=0.4851
[2026-06-04T17:18:57.802639+00:00] [distilbert-base-uncased:sentiment] released GPU training lock
[2026-06-04T17:19:11.445793+00:00] [distilbert-base-uncased] transfer evaluation complete: micro_f1=0.3447 sentiment_mse=0.3463
{
  "real_jsonl": "/app/paper/real_transfer/herath_mapped_real_reviews.jsonl",
  "overlap_summary": "/app/paper/real_transfer/herath_overlap_summary.csv",
  "summary": "/app/paper/real_transfer/synthetic_to_real_transfer_summary.csv",
  "per_aspect": "/app/paper/real_transfer/synthetic_to_real_transfer_per_aspect.csv",
  "run_dir": "/app/paper/real_transfer/runs/synthetic_to_real_transfer_20260604T171911Z",
  "n_real_reviews": 2829,
  "overlap_aspects": [
    "accessibility",
    "assessment_design",
    "exam_fairness",
    "grading_transparency",
    "lecturer_quality",
    "materials",
    "organization",
    "overall_experience",
    "workload"
  ]
}

=== stderr ===

