=== stdout ===
[2026-06-04T17:56:30.959518+00:00] Resume signature mismatch at /app/paper/real_transfer/resume_real_transfer.json; starting a fresh checkpoint
[2026-06-04T17:56:30.959905+00:00] Detailed log file -> /app/paper/benchmark_outputs/logs/real_transfer_20260604T175630Z.log
[2026-06-04T17:56:30.959949+00:00] Resume checkpoint -> /app/paper/real_transfer/resume_real_transfer.json
[2026-06-04T17:56:31.573152+00:00] Loaded pre-mapped real JSONL (5584 rows) from /app/external_data/edurabsa_all_mapped.jsonl
[2026-06-04T17:56:31.863149+00:00] [distilbert-base-uncased] transfer evaluation start
[2026-06-04T17:56:31.863507+00:00] [distilbert-base-uncased:detection] acquired GPU training lock -> /app/paper/benchmark_outputs/gpu_training.lock
[2026-06-04T17:56:35.123652+00:00] [distilbert-base-uncased] detection training start: train_rows=2317 val_rows=289 epochs=3 batch_size=8 device=cuda
[2026-06-04T17:56:52.801128+00:00] [distilbert-base-uncased] detection epoch 1/3: train_loss=1.0522 val_micro_f1=0.4788 val_macro_f1=0.5213 best_macro_f1=0.5213 patience=0 epoch_seconds=17.7
[2026-06-04T17:57:10.148372+00:00] [distilbert-base-uncased] detection epoch 2/3: train_loss=0.8932 val_micro_f1=0.4995 val_macro_f1=0.5321 best_macro_f1=0.5321 patience=0 epoch_seconds=17.2
[2026-06-04T17:57:27.588941+00:00] [distilbert-base-uncased] detection epoch 3/3: train_loss=0.8150 val_micro_f1=0.5061 val_macro_f1=0.5364 best_macro_f1=0.5364 patience=0 epoch_seconds=17.3
[2026-06-04T17:57:27.699876+00:00] [distilbert-base-uncased] detection training complete: best_macro_f1=0.5364
[2026-06-04T17:57:27.700622+00:00] [distilbert-base-uncased:detection] released GPU training lock
[2026-06-04T17:57:27.704738+00:00] [distilbert-base-uncased:sentiment] acquired GPU training lock -> /app/paper/benchmark_outputs/gpu_training.lock
[2026-06-04T17:57:28.176535+00:00] [distilbert-base-uncased] sentiment training start: train_rows=2317 val_rows=289 epochs=3 batch_size=8 device=cuda
[2026-06-04T17:57:45.558812+00:00] [distilbert-base-uncased] sentiment epoch 1/3: train_loss=0.6967 val_mse=0.5963 best_val_mse=0.5963 patience=0 epoch_seconds=17.4
[2026-06-04T17:58:03.082538+00:00] [distilbert-base-uncased] sentiment epoch 2/3: train_loss=0.4987 val_mse=0.4567 best_val_mse=0.4567 patience=0 epoch_seconds=17.5
[2026-06-04T17:58:20.739685+00:00] [distilbert-base-uncased] sentiment epoch 3/3: train_loss=0.3347 val_mse=0.4806 best_val_mse=0.4567 patience=0 epoch_seconds=17.6
[2026-06-04T17:58:20.777445+00:00] [distilbert-base-uncased] sentiment training complete: best_val_mse=0.4567
[2026-06-04T17:58:20.777988+00:00] [distilbert-base-uncased:sentiment] released GPU training lock
[2026-06-04T17:58:47.222380+00:00] [distilbert-base-uncased] transfer evaluation complete: micro_f1=0.4301 sentiment_mse=0.6388
{
  "real_jsonl": "/app/paper/real_transfer/herath_mapped_real_reviews.jsonl",
  "overlap_summary": "/app/paper/real_transfer/herath_overlap_summary.csv",
  "summary": "/app/paper/real_transfer/synthetic_to_real_transfer_summary.csv",
  "per_aspect": "/app/paper/real_transfer/synthetic_to_real_transfer_per_aspect.csv",
  "run_dir": "/app/paper/real_transfer/runs/synthetic_to_real_transfer_20260604T175847Z",
  "n_real_reviews": 5584,
  "overlap_aspects": [
    "accessibility",
    "exam_fairness",
    "lecturer_quality",
    "materials",
    "organization",
    "overall_experience",
    "workload"
  ]
}

=== stderr ===

