=== stdout ===
[2026-06-04T17:00:41.275559+00:00] Detailed log file -> /app/paper/benchmark_outputs/logs/real_transfer_20260604T170041Z.log
[2026-06-04T17:00:41.275647+00:00] Resume checkpoint -> /app/paper/real_transfer/resume_real_transfer.json
[2026-06-04T17:00:44.159948+00:00] [bert-base-uncased] transfer evaluation start
[2026-06-04T17:00:44.160281+00:00] [bert-base-uncased:detection] acquired GPU training lock -> /app/paper/benchmark_outputs/gpu_training.lock
[2026-06-04T17:00:51.273115+00:00] [bert-base-uncased] detection training start: train_rows=1237 val_rows=154 epochs=3 batch_size=8 device=cuda
[2026-06-04T17:01:08.694588+00:00] [bert-base-uncased] detection epoch 1/3: train_loss=1.1720 val_micro_f1=0.3621 val_macro_f1=0.3874 best_macro_f1=0.3874 patience=0 epoch_seconds=17.4
[2026-06-04T17:01:25.900241+00:00] [bert-base-uncased] detection epoch 2/3: train_loss=0.9862 val_micro_f1=0.4390 val_macro_f1=0.4771 best_macro_f1=0.4771 patience=0 epoch_seconds=17.0
[2026-06-04T17:01:43.216742+00:00] [bert-base-uncased] detection epoch 3/3: train_loss=0.8174 val_micro_f1=0.4719 val_macro_f1=0.5065 best_macro_f1=0.5065 patience=0 epoch_seconds=17.1
[2026-06-04T17:01:43.343527+00:00] [bert-base-uncased] detection training complete: best_macro_f1=0.5065
[2026-06-04T17:01:43.343904+00:00] [bert-base-uncased:detection] released GPU training lock
[2026-06-04T17:01:43.346377+00:00] [bert-base-uncased:sentiment] acquired GPU training lock -> /app/paper/benchmark_outputs/gpu_training.lock
[2026-06-04T17:01:43.956192+00:00] [bert-base-uncased] sentiment training start: train_rows=1237 val_rows=154 epochs=3 batch_size=8 device=cuda
[2026-06-04T17:02:01.229497+00:00] [bert-base-uncased] sentiment epoch 1/3: train_loss=0.7199 val_mse=0.5601 best_val_mse=0.5601 patience=0 epoch_seconds=17.3
[2026-06-04T17:02:18.573904+00:00] [bert-base-uncased] sentiment epoch 2/3: train_loss=0.4977 val_mse=0.4390 best_val_mse=0.4390 patience=0 epoch_seconds=17.3
[2026-06-04T17:02:35.951745+00:00] [bert-base-uncased] sentiment epoch 3/3: train_loss=0.3002 val_mse=0.5051 best_val_mse=0.4390 patience=0 epoch_seconds=17.3
[2026-06-04T17:02:36.007376+00:00] [bert-base-uncased] sentiment training complete: best_val_mse=0.4390
[2026-06-04T17:02:36.008078+00:00] [bert-base-uncased:sentiment] released GPU training lock
[2026-06-04T17:03:00.250998+00:00] [bert-base-uncased] transfer evaluation complete: micro_f1=0.2773 sentiment_mse=0.3607
{
  "real_jsonl": "/app/paper/real_transfer/herath_mapped_real_reviews.jsonl",
  "overlap_summary": "/app/paper/real_transfer/herath_overlap_summary.csv",
  "summary": "/app/paper/real_transfer/synthetic_to_real_transfer_summary.csv",
  "per_aspect": "/app/paper/real_transfer/synthetic_to_real_transfer_per_aspect.csv",
  "run_dir": "/app/paper/real_transfer/runs/synthetic_to_real_transfer_20260604T170300Z",
  "n_real_reviews": 2829,
  "overlap_aspects": [
    "accessibility",
    "assessment_design",
    "exam_fairness",
    "grading_transparency",
    "lecturer_quality",
    "materials",
    "organization",
    "overall_experience",
    "workload"
  ]
}

=== stderr ===

