=== stdout ===
[2026-06-04T17:54:36.930791+00:00] Detailed log file -> /app/paper/benchmark_outputs/logs/real_transfer_20260604T175436Z.log
[2026-06-04T17:54:36.930900+00:00] Resume checkpoint -> /app/paper/real_transfer/resume_real_transfer.json
[2026-06-04T17:54:37.311982+00:00] Loaded pre-mapped real JSONL (5584 rows) from /app/external_data/edurabsa_all_mapped.jsonl
[2026-06-04T17:54:37.490546+00:00] [distilbert-base-uncased] transfer evaluation start
[2026-06-04T17:54:37.490783+00:00] [distilbert-base-uncased:detection] acquired GPU training lock -> /app/paper/benchmark_outputs/gpu_training.lock
[2026-06-04T17:54:44.440075+00:00] [distilbert-base-uncased] detection training start: train_rows=1016 val_rows=127 epochs=3 batch_size=8 device=cuda
[2026-06-04T17:54:52.681585+00:00] [distilbert-base-uncased] detection epoch 1/3: train_loss=1.1578 val_micro_f1=0.2840 val_macro_f1=0.1775 best_macro_f1=0.1775 patience=0 epoch_seconds=8.2
[2026-06-04T17:55:00.390453+00:00] [distilbert-base-uncased] detection epoch 2/3: train_loss=0.9857 val_micro_f1=0.4394 val_macro_f1=0.4639 best_macro_f1=0.4639 patience=0 epoch_seconds=7.5
[2026-06-04T17:55:08.127972+00:00] [distilbert-base-uncased] detection epoch 3/3: train_loss=0.8244 val_micro_f1=0.4804 val_macro_f1=0.5042 best_macro_f1=0.5042 patience=0 epoch_seconds=7.6
[2026-06-04T17:55:08.259663+00:00] [distilbert-base-uncased] detection training complete: best_macro_f1=0.5042
[2026-06-04T17:55:08.260007+00:00] [distilbert-base-uncased:detection] released GPU training lock
[2026-06-04T17:55:08.266410+00:00] [distilbert-base-uncased:sentiment] acquired GPU training lock -> /app/paper/benchmark_outputs/gpu_training.lock
[2026-06-04T17:55:08.750511+00:00] [distilbert-base-uncased] sentiment training start: train_rows=1016 val_rows=127 epochs=3 batch_size=8 device=cuda
[2026-06-04T17:55:16.397406+00:00] [distilbert-base-uncased] sentiment epoch 1/3: train_loss=0.7304 val_mse=0.6987 best_val_mse=0.6987 patience=0 epoch_seconds=7.6
[2026-06-04T17:55:24.024792+00:00] [distilbert-base-uncased] sentiment epoch 2/3: train_loss=0.6547 val_mse=0.4911 best_val_mse=0.4911 patience=0 epoch_seconds=7.6
[2026-06-04T17:55:31.787269+00:00] [distilbert-base-uncased] sentiment epoch 3/3: train_loss=0.4012 val_mse=0.4888 best_val_mse=0.4888 patience=0 epoch_seconds=7.6
[2026-06-04T17:55:31.846176+00:00] [distilbert-base-uncased] sentiment training complete: best_val_mse=0.4888
[2026-06-04T17:55:31.846638+00:00] [distilbert-base-uncased:sentiment] released GPU training lock
[2026-06-04T17:55:57.636848+00:00] [distilbert-base-uncased] transfer evaluation complete: micro_f1=0.3923 sentiment_mse=0.5496
{
  "real_jsonl": "/app/paper/real_transfer/herath_mapped_real_reviews.jsonl",
  "overlap_summary": "/app/paper/real_transfer/herath_overlap_summary.csv",
  "summary": "/app/paper/real_transfer/synthetic_to_real_transfer_summary.csv",
  "per_aspect": "/app/paper/real_transfer/synthetic_to_real_transfer_per_aspect.csv",
  "run_dir": "/app/paper/real_transfer/runs/synthetic_to_real_transfer_20260604T175557Z",
  "n_real_reviews": 5584,
  "overlap_aspects": [
    "accessibility",
    "exam_fairness",
    "lecturer_quality",
    "materials",
    "organization",
    "overall_experience",
    "workload"
  ]
}

=== stderr ===

