Traceback (most recent call last):
  File "C:\Users\apart\AppData\Roaming\Python\Python314\site-packages\urllib3\connectionpool.py", line 787, in urlopen
    response = self._make_request(
        conn,
    ...<10 lines>...
        **response_kw,
    )
  File "C:\Users\apart\AppData\Roaming\Python\Python314\site-packages\urllib3\connectionpool.py", line 493, in _make_request
    conn.request(
    ~~~~~~~~~~~~^
        method,
        ^^^^^^^
    ...<6 lines>...
        enforce_content_length=enforce_content_length,
        ^^^^^^^^^^^^^^^^^^^^^^^^^^^^^^^^^^^^^^^^^^^^^^
    )
    ^
  File "C:\Users\apart\AppData\Roaming\Python\Python314\site-packages\urllib3\connection.py", line 514, in request
    self.send(chunk)
    ~~~~~~~~~^^^^^^^
  File "C:\Python314\Lib\http\client.py", line 1077, in send
    self.sock.sendall(data)
    ~~~~~~~~~~~~~~~~~^^^^^^
  File "C:\Python314\Lib\ssl.py", line 1263, in sendall
    v = self.send(byte_view[count:])
  File "C:\Python314\Lib\ssl.py", line 1232, in send
    return self._sslobj.write(data)
           ~~~~~~~~~~~~~~~~~~^^^^^^
ConnectionAbortedError: [WinError 10053] An established connection was aborted by the software in your host machine

During handling of the above exception, another exception occurred:

Traceback (most recent call last):
  File "C:\Users\apart\AppData\Roaming\Python\Python314\site-packages\requests\adapters.py", line 645, in send
    resp = conn.urlopen(
        method=request.method,
    ...<9 lines>...
        chunked=chunked,
    )
  File "C:\Users\apart\AppData\Roaming\Python\Python314\site-packages\urllib3\connectionpool.py", line 841, in urlopen
    retries = retries.increment(
        method, url, error=new_e, _pool=self, _stacktrace=sys.exc_info()[2]
    )
  File "C:\Users\apart\AppData\Roaming\Python\Python314\site-packages\urllib3\util\retry.py", line 490, in increment
    raise reraise(type(error), error, _stacktrace)
          ~~~~~~~^^^^^^^^^^^^^^^^^^^^^^^^^^^^^^^^^
  File "C:\Users\apart\AppData\Roaming\Python\Python314\site-packages\urllib3\util\util.py", line 38, in reraise
    raise value.with_traceback(tb)
  File "C:\Users\apart\AppData\Roaming\Python\Python314\site-packages\urllib3\connectionpool.py", line 787, in urlopen
    response = self._make_request(
        conn,
    ...<10 lines>...
        **response_kw,
    )
  File "C:\Users\apart\AppData\Roaming\Python\Python314\site-packages\urllib3\connectionpool.py", line 493, in _make_request
    conn.request(
    ~~~~~~~~~~~~^
        method,
        ^^^^^^^
    ...<6 lines>...
        enforce_content_length=enforce_content_length,
        ^^^^^^^^^^^^^^^^^^^^^^^^^^^^^^^^^^^^^^^^^^^^^^
    )
    ^
  File "C:\Users\apart\AppData\Roaming\Python\Python314\site-packages\urllib3\connection.py", line 514, in request
    self.send(chunk)
    ~~~~~~~~~^^^^^^^
  File "C:\Python314\Lib\http\client.py", line 1077, in send
    self.sock.sendall(data)
    ~~~~~~~~~~~~~~~~~^^^^^^
  File "C:\Python314\Lib\ssl.py", line 1263, in sendall
    v = self.send(byte_view[count:])
  File "C:\Python314\Lib\ssl.py", line 1232, in send
    return self._sslobj.write(data)
           ~~~~~~~~~~~~~~~~~~^^^^^^
urllib3.exceptions.ProtocolError: ('Connection aborted.', ConnectionAbortedError(10053, 'An established connection was aborted by the software in your host machine', None, 10053, None))

During handling of the above exception, another exception occurred:

Traceback (most recent call last):
  File "E:\tmp\upload_ck.py", line 10, in <module>
    r = requests.put(f"{bucket}/{fp.name}", data=fh, params=p, timeout=7200)
  File "C:\Users\apart\AppData\Roaming\Python\Python314\site-packages\requests\api.py", line 130, in put
    return request("put", url, data=data, **kwargs)
  File "C:\Users\apart\AppData\Roaming\Python\Python314\site-packages\requests\api.py", line 59, in request
    return session.request(method=method, url=url, **kwargs)
           ~~~~~~~~~~~~~~~^^^^^^^^^^^^^^^^^^^^^^^^^^^^^^^^^^
  File "C:\Users\apart\AppData\Roaming\Python\Python314\site-packages\requests\sessions.py", line 592, in request
    resp = self.send(prep, **send_kwargs)
  File "C:\Users\apart\AppData\Roaming\Python\Python314\site-packages\requests\sessions.py", line 706, in send
    r = adapter.send(request, **kwargs)
  File "C:\Users\apart\AppData\Roaming\Python\Python314\site-packages\requests\adapters.py", line 660, in send
    raise ConnectionError(err, request=request)
requests.exceptions.ConnectionError: ('Connection aborted.', ConnectionAbortedError(10053, 'An established connection was aborted by the software in your host machine', None, 10053, None))
