=== stdout ===
[2026-06-04T17:18:52.392916+00:00] Resume signature mismatch at /app/paper/real_transfer/resume_real_transfer.json; starting a fresh checkpoint
[2026-06-04T17:18:52.393296+00:00] Detailed log file -> /app/paper/benchmark_outputs/logs/real_transfer_20260604T171852Z.log
[2026-06-04T17:18:52.393331+00:00] Resume checkpoint -> /app/paper/real_transfer/resume_real_transfer.json
[2026-06-04T17:18:56.477130+00:00] [distilbert-base-uncased] transfer evaluation start
[2026-06-04T17:18:56.477477+00:00] [distilbert-base-uncased:detection] acquired GPU training lock -> /app/paper/benchmark_outputs/gpu_training.lock
[2026-06-04T17:19:01.209058+00:00] [distilbert-base-uncased] detection training start: train_rows=5495 val_rows=686 epochs=3 batch_size=8 device=cuda
[2026-06-04T17:19:42.470401+00:00] [distilbert-base-uncased] detection epoch 1/3: train_loss=1.0889 val_micro_f1=0.3568 val_macro_f1=0.3850 best_macro_f1=0.3850 patience=0 epoch_seconds=41.3
[2026-06-04T17:20:23.749510+00:00] [distilbert-base-uncased] detection epoch 2/3: train_loss=0.9712 val_micro_f1=0.3769 val_macro_f1=0.4085 best_macro_f1=0.4085 patience=0 epoch_seconds=41.2
[2026-06-04T17:21:05.189382+00:00] [distilbert-base-uncased] detection epoch 3/3: train_loss=0.9139 val_micro_f1=0.3757 val_macro_f1=0.3913 best_macro_f1=0.4085 patience=0 epoch_seconds=41.3
[2026-06-04T17:21:05.219665+00:00] [distilbert-base-uncased] detection training complete: best_macro_f1=0.4085
[2026-06-04T17:21:05.220034+00:00] [distilbert-base-uncased:detection] released GPU training lock
[2026-06-04T17:21:05.221913+00:00] [distilbert-base-uncased:sentiment] acquired GPU training lock -> /app/paper/benchmark_outputs/gpu_training.lock
[2026-06-04T17:21:05.631485+00:00] [distilbert-base-uncased] sentiment training start: train_rows=5495 val_rows=686 epochs=3 batch_size=8 device=cuda
[2026-06-04T17:21:46.913085+00:00] [distilbert-base-uncased] sentiment epoch 1/3: train_loss=0.6500 val_mse=0.5809 best_val_mse=0.5809 patience=0 epoch_seconds=41.3
[2026-06-04T17:22:27.980811+00:00] [distilbert-base-uncased] sentiment epoch 2/3: train_loss=0.5273 val_mse=0.5096 best_val_mse=0.5096 patience=0 epoch_seconds=41.0
[2026-06-04T17:23:09.270484+00:00] [distilbert-base-uncased] sentiment epoch 3/3: train_loss=0.4199 val_mse=0.5129 best_val_mse=0.5096 patience=0 epoch_seconds=41.2
[2026-06-04T17:23:09.302586+00:00] [distilbert-base-uncased] sentiment training complete: best_val_mse=0.5096
[2026-06-04T17:23:09.302960+00:00] [distilbert-base-uncased:sentiment] released GPU training lock
[2026-06-04T17:23:23.663668+00:00] [distilbert-base-uncased] transfer evaluation complete: micro_f1=0.1828 sentiment_mse=0.4503
{
  "real_jsonl": "/app/paper/real_transfer/herath_mapped_real_reviews.jsonl",
  "overlap_summary": "/app/paper/real_transfer/herath_overlap_summary.csv",
  "summary": "/app/paper/real_transfer/synthetic_to_real_transfer_summary.csv",
  "per_aspect": "/app/paper/real_transfer/synthetic_to_real_transfer_per_aspect.csv",
  "run_dir": "/app/paper/real_transfer/runs/synthetic_to_real_transfer_20260604T172323Z",
  "n_real_reviews": 2829,
  "overlap_aspects": [
    "accessibility",
    "assessment_design",
    "exam_fairness",
    "grading_transparency",
    "lecturer_quality",
    "materials",
    "organization",
    "overall_experience",
    "workload"
  ]
}

=== stderr ===

