=== stdout ===
[2026-06-04T17:02:07.531073+00:00] Resume signature mismatch at /app/paper/real_transfer/resume_real_transfer.json; starting a fresh checkpoint
[2026-06-04T17:02:07.531522+00:00] Detailed log file -> /app/paper/benchmark_outputs/logs/real_transfer_20260604T170207Z.log
[2026-06-04T17:02:07.531568+00:00] Resume checkpoint -> /app/paper/real_transfer/resume_real_transfer.json
[2026-06-04T17:02:10.802399+00:00] [distilbert-base-uncased] transfer evaluation start
[2026-06-04T17:02:10.802695+00:00] [distilbert-base-uncased:detection] acquired GPU training lock -> /app/paper/benchmark_outputs/gpu_training.lock
[2026-06-04T17:02:14.427404+00:00] [distilbert-base-uncased] detection training start: train_rows=2729 val_rows=341 epochs=3 batch_size=8 device=cuda
[2026-06-04T17:02:35.290248+00:00] [distilbert-base-uncased] detection epoch 1/3: train_loss=1.1128 val_micro_f1=0.3864 val_macro_f1=0.4339 best_macro_f1=0.4339 patience=0 epoch_seconds=20.9
[2026-06-04T17:02:55.859338+00:00] [distilbert-base-uncased] detection epoch 2/3: train_loss=0.9248 val_micro_f1=0.4658 val_macro_f1=0.5014 best_macro_f1=0.5014 patience=0 epoch_seconds=20.5
[2026-06-04T17:03:16.654155+00:00] [distilbert-base-uncased] detection epoch 3/3: train_loss=0.8306 val_micro_f1=0.4507 val_macro_f1=0.5000 best_macro_f1=0.5014 patience=0 epoch_seconds=20.6
[2026-06-04T17:03:16.697589+00:00] [distilbert-base-uncased] detection training complete: best_macro_f1=0.5014
[2026-06-04T17:03:16.698196+00:00] [distilbert-base-uncased:detection] released GPU training lock
[2026-06-04T17:03:16.706933+00:00] [distilbert-base-uncased:sentiment] acquired GPU training lock -> /app/paper/benchmark_outputs/gpu_training.lock
[2026-06-04T17:03:17.147743+00:00] [distilbert-base-uncased] sentiment training start: train_rows=2729 val_rows=341 epochs=3 batch_size=8 device=cuda
[2026-06-04T17:03:37.899551+00:00] [distilbert-base-uncased] sentiment epoch 1/3: train_loss=0.7224 val_mse=0.6406 best_val_mse=0.6406 patience=0 epoch_seconds=20.8
[2026-06-04T17:03:58.591431+00:00] [distilbert-base-uncased] sentiment epoch 2/3: train_loss=0.5302 val_mse=0.5273 best_val_mse=0.5273 patience=0 epoch_seconds=20.6
[2026-06-04T17:04:19.548334+00:00] [distilbert-base-uncased] sentiment epoch 3/3: train_loss=0.3745 val_mse=0.4817 best_val_mse=0.4817 patience=0 epoch_seconds=20.8
[2026-06-04T17:04:19.615050+00:00] [distilbert-base-uncased] sentiment training complete: best_val_mse=0.4817
[2026-06-04T17:04:19.618292+00:00] [distilbert-base-uncased:sentiment] released GPU training lock
[2026-06-04T17:04:33.477834+00:00] [distilbert-base-uncased] transfer evaluation complete: micro_f1=0.2929 sentiment_mse=0.3176
{
  "real_jsonl": "/app/paper/real_transfer/herath_mapped_real_reviews.jsonl",
  "overlap_summary": "/app/paper/real_transfer/herath_overlap_summary.csv",
  "summary": "/app/paper/real_transfer/synthetic_to_real_transfer_summary.csv",
  "per_aspect": "/app/paper/real_transfer/synthetic_to_real_transfer_per_aspect.csv",
  "run_dir": "/app/paper/real_transfer/runs/synthetic_to_real_transfer_20260604T170433Z",
  "n_real_reviews": 2829,
  "overlap_aspects": [
    "accessibility",
    "assessment_design",
    "exam_fairness",
    "grading_transparency",
    "lecturer_quality",
    "materials",
    "organization",
    "overall_experience",
    "workload"
  ]
}

=== stderr ===

