=== stdout ===
[2026-06-04T17:26:07.421390+00:00] Detailed log file -> /app/paper/benchmark_outputs/logs/real_transfer_20260604T172607Z.log
[2026-06-04T17:26:07.421557+00:00] Resume checkpoint -> /app/paper/real_transfer/resume_real_transfer.json
[2026-06-04T17:26:08.118483+00:00] Loaded pre-mapped real JSONL (5584 rows) from /app/external_data/edurabsa_all_mapped.jsonl
[2026-06-04T17:26:08.444146+00:00] [bert-base-uncased] transfer evaluation start
[2026-06-04T17:26:08.444616+00:00] [bert-base-uncased:detection] acquired GPU training lock -> /app/paper/benchmark_outputs/gpu_training.lock
[2026-06-04T17:26:15.794096+00:00] [bert-base-uncased] detection training start: train_rows=2337 val_rows=291 epochs=3 batch_size=8 device=cuda
[2026-06-04T17:26:42.468052+00:00] [bert-base-uncased] detection epoch 1/3: train_loss=1.1179 val_micro_f1=0.3831 val_macro_f1=0.4274 best_macro_f1=0.4274 patience=0 epoch_seconds=26.7
[2026-06-04T17:27:08.843111+00:00] [bert-base-uncased] detection epoch 2/3: train_loss=1.0101 val_micro_f1=0.4364 val_macro_f1=0.4559 best_macro_f1=0.4559 patience=0 epoch_seconds=26.2
[2026-06-04T17:27:35.341817+00:00] [bert-base-uncased] detection epoch 3/3: train_loss=0.9156 val_micro_f1=0.4037 val_macro_f1=0.4211 best_macro_f1=0.4559 patience=0 epoch_seconds=26.3
[2026-06-04T17:27:35.387320+00:00] [bert-base-uncased] detection training complete: best_macro_f1=0.4559
[2026-06-04T17:27:35.387816+00:00] [bert-base-uncased:detection] released GPU training lock
[2026-06-04T17:27:35.391925+00:00] [bert-base-uncased:sentiment] acquired GPU training lock -> /app/paper/benchmark_outputs/gpu_training.lock
[2026-06-04T17:27:36.340875+00:00] [bert-base-uncased] sentiment training start: train_rows=2337 val_rows=291 epochs=3 batch_size=8 device=cuda
[2026-06-04T17:28:02.786822+00:00] [bert-base-uncased] sentiment epoch 1/3: train_loss=0.6786 val_mse=0.6749 best_val_mse=0.6749 patience=0 epoch_seconds=26.4
[2026-06-04T17:28:29.010144+00:00] [bert-base-uncased] sentiment epoch 2/3: train_loss=0.5483 val_mse=0.5816 best_val_mse=0.5816 patience=0 epoch_seconds=26.2
[2026-06-04T17:28:55.296907+00:00] [bert-base-uncased] sentiment epoch 3/3: train_loss=0.3765 val_mse=0.7178 best_val_mse=0.5816 patience=0 epoch_seconds=26.2
[2026-06-04T17:28:55.342339+00:00] [bert-base-uncased] sentiment training complete: best_val_mse=0.5816
[2026-06-04T17:28:55.343216+00:00] [bert-base-uncased:sentiment] released GPU training lock
[2026-06-04T17:29:31.214121+00:00] [bert-base-uncased] transfer evaluation complete: micro_f1=0.4903 sentiment_mse=0.4847
{
  "real_jsonl": "/app/paper/real_transfer/herath_mapped_real_reviews.jsonl",
  "overlap_summary": "/app/paper/real_transfer/herath_overlap_summary.csv",
  "summary": "/app/paper/real_transfer/synthetic_to_real_transfer_summary.csv",
  "per_aspect": "/app/paper/real_transfer/synthetic_to_real_transfer_per_aspect.csv",
  "run_dir": "/app/paper/real_transfer/runs/synthetic_to_real_transfer_20260604T172931Z",
  "n_real_reviews": 5584,
  "overlap_aspects": [
    "accessibility",
    "exam_fairness",
    "lecturer_quality",
    "materials",
    "organization",
    "overall_experience",
    "workload"
  ]
}

=== stderr ===

