=== stdout ===
[2026-06-04T17:56:40.587410+00:00] Resume signature mismatch at /app/paper/real_transfer/resume_real_transfer.json; starting a fresh checkpoint
[2026-06-04T17:56:40.587755+00:00] Detailed log file -> /app/paper/benchmark_outputs/logs/real_transfer_20260604T175640Z.log
[2026-06-04T17:56:40.587788+00:00] Resume checkpoint -> /app/paper/real_transfer/resume_real_transfer.json
[2026-06-04T17:56:41.675141+00:00] Loaded pre-mapped real JSONL (5584 rows) from /app/external_data/edurabsa_all_mapped.jsonl
[2026-06-04T17:56:42.132130+00:00] [distilbert-base-uncased] transfer evaluation start
[2026-06-04T17:56:42.132405+00:00] [distilbert-base-uncased:detection] acquired GPU training lock -> /app/paper/benchmark_outputs/gpu_training.lock
[2026-06-04T17:56:46.289435+00:00] [distilbert-base-uncased] detection training start: train_rows=4609 val_rows=576 epochs=3 batch_size=8 device=cuda
[2026-06-04T17:57:20.763539+00:00] [distilbert-base-uncased] detection epoch 1/3: train_loss=1.0487 val_micro_f1=0.4106 val_macro_f1=0.4401 best_macro_f1=0.4401 patience=0 epoch_seconds=34.5
[2026-06-04T17:57:54.941159+00:00] [distilbert-base-uncased] detection epoch 2/3: train_loss=0.9445 val_micro_f1=0.4267 val_macro_f1=0.4499 best_macro_f1=0.4499 patience=0 epoch_seconds=34.1
[2026-06-04T17:58:29.311854+00:00] [distilbert-base-uncased] detection epoch 3/3: train_loss=0.8870 val_micro_f1=0.4145 val_macro_f1=0.4265 best_macro_f1=0.4499 patience=0 epoch_seconds=34.3
[2026-06-04T17:58:29.347391+00:00] [distilbert-base-uncased] detection training complete: best_macro_f1=0.4499
[2026-06-04T17:58:29.348422+00:00] [distilbert-base-uncased:detection] released GPU training lock
[2026-06-04T17:58:29.351488+00:00] [distilbert-base-uncased:sentiment] acquired GPU training lock -> /app/paper/benchmark_outputs/gpu_training.lock
[2026-06-04T17:58:29.798326+00:00] [distilbert-base-uncased] sentiment training start: train_rows=4609 val_rows=576 epochs=3 batch_size=8 device=cuda
[2026-06-04T17:59:04.193204+00:00] [distilbert-base-uncased] sentiment epoch 1/3: train_loss=0.6623 val_mse=0.5934 best_val_mse=0.5934 patience=0 epoch_seconds=34.4
[2026-06-04T17:59:38.624059+00:00] [distilbert-base-uncased] sentiment epoch 2/3: train_loss=0.5205 val_mse=0.5426 best_val_mse=0.5426 patience=0 epoch_seconds=34.4
[2026-06-04T18:00:13.212003+00:00] [distilbert-base-uncased] sentiment epoch 3/3: train_loss=0.4035 val_mse=0.5109 best_val_mse=0.5109 patience=0 epoch_seconds=34.5
[2026-06-04T18:00:13.266332+00:00] [distilbert-base-uncased] sentiment training complete: best_val_mse=0.5109
[2026-06-04T18:00:13.266955+00:00] [distilbert-base-uncased:sentiment] released GPU training lock
[2026-06-04T18:00:39.864890+00:00] [distilbert-base-uncased] transfer evaluation complete: micro_f1=0.3856 sentiment_mse=0.4565
{
  "real_jsonl": "/app/paper/real_transfer/herath_mapped_real_reviews.jsonl",
  "overlap_summary": "/app/paper/real_transfer/herath_overlap_summary.csv",
  "summary": "/app/paper/real_transfer/synthetic_to_real_transfer_summary.csv",
  "per_aspect": "/app/paper/real_transfer/synthetic_to_real_transfer_per_aspect.csv",
  "run_dir": "/app/paper/real_transfer/runs/synthetic_to_real_transfer_20260604T180039Z",
  "n_real_reviews": 5584,
  "overlap_aspects": [
    "accessibility",
    "exam_fairness",
    "lecturer_quality",
    "materials",
    "organization",
    "overall_experience",
    "workload"
  ]
}

=== stderr ===

