=== stdout ===
[2026-06-04T17:38:50.880707+00:00] Detailed log file -> /app/paper/benchmark_outputs/logs/real_transfer_20260604T173850Z.log
[2026-06-04T17:38:50.880759+00:00] Resume checkpoint -> /app/paper/real_transfer/resume_real_transfer.json
[2026-06-04T17:38:51.928243+00:00] Loaded pre-mapped real JSONL (5584 rows) from /app/external_data/edurabsa_all_mapped.jsonl
[2026-06-04T17:38:52.391299+00:00] [bert-base-uncased] transfer evaluation start
[2026-06-04T17:38:52.391513+00:00] [bert-base-uncased:detection] acquired GPU training lock -> /app/paper/benchmark_outputs/gpu_training.lock
[2026-06-04T17:39:00.988267+00:00] [bert-base-uncased] detection training start: train_rows=4609 val_rows=576 epochs=3 batch_size=8 device=cuda
[2026-06-04T17:40:05.202898+00:00] [bert-base-uncased] detection epoch 1/3: train_loss=1.0621 val_micro_f1=0.4358 val_macro_f1=0.4647 best_macro_f1=0.4647 patience=0 epoch_seconds=64.2
[2026-06-04T17:41:09.954405+00:00] [bert-base-uncased] detection epoch 2/3: train_loss=0.9447 val_micro_f1=0.4760 val_macro_f1=0.5076 best_macro_f1=0.5076 patience=0 epoch_seconds=64.5
[2026-06-04T17:42:15.090901+00:00] [bert-base-uncased] detection epoch 3/3: train_loss=0.8811 val_micro_f1=0.4634 val_macro_f1=0.4771 best_macro_f1=0.5076 patience=0 epoch_seconds=65.0
[2026-06-04T17:42:15.141478+00:00] [bert-base-uncased] detection training complete: best_macro_f1=0.5076
[2026-06-04T17:42:15.141916+00:00] [bert-base-uncased:detection] released GPU training lock
[2026-06-04T17:42:15.144315+00:00] [bert-base-uncased:sentiment] acquired GPU training lock -> /app/paper/benchmark_outputs/gpu_training.lock
[2026-06-04T17:42:15.713524+00:00] [bert-base-uncased] sentiment training start: train_rows=4609 val_rows=576 epochs=3 batch_size=8 device=cuda
[2026-06-04T17:43:20.940589+00:00] [bert-base-uncased] sentiment epoch 1/3: train_loss=0.6392 val_mse=0.5930 best_val_mse=0.5930 patience=0 epoch_seconds=65.2
[2026-06-04T17:44:26.275521+00:00] [bert-base-uncased] sentiment epoch 2/3: train_loss=0.4835 val_mse=0.5137 best_val_mse=0.5137 patience=0 epoch_seconds=65.3
[2026-06-04T17:45:31.725345+00:00] [bert-base-uncased] sentiment epoch 3/3: train_loss=0.3664 val_mse=0.5495 best_val_mse=0.5137 patience=0 epoch_seconds=65.3
[2026-06-04T17:45:31.786682+00:00] [bert-base-uncased] sentiment training complete: best_val_mse=0.5137
[2026-06-04T17:45:31.787095+00:00] [bert-base-uncased:sentiment] released GPU training lock
[2026-06-04T17:46:22.012890+00:00] [bert-base-uncased] transfer evaluation complete: micro_f1=0.3377 sentiment_mse=0.5841
{
  "real_jsonl": "/app/paper/real_transfer/herath_mapped_real_reviews.jsonl",
  "overlap_summary": "/app/paper/real_transfer/herath_overlap_summary.csv",
  "summary": "/app/paper/real_transfer/synthetic_to_real_transfer_summary.csv",
  "per_aspect": "/app/paper/real_transfer/synthetic_to_real_transfer_per_aspect.csv",
  "run_dir": "/app/paper/real_transfer/runs/synthetic_to_real_transfer_20260604T174622Z",
  "n_real_reviews": 5584,
  "overlap_aspects": [
    "accessibility",
    "exam_fairness",
    "lecturer_quality",
    "materials",
    "organization",
    "overall_experience",
    "workload"
  ]
}

=== stderr ===

