=== stdout ===
[2026-06-04T17:55:18.979258+00:00] Detailed log file -> /app/paper/benchmark_outputs/logs/real_transfer_20260604T175518Z.log
[2026-06-04T17:55:18.979321+00:00] Resume checkpoint -> /app/paper/real_transfer/resume_real_transfer.json
[2026-06-04T17:55:19.568526+00:00] Loaded pre-mapped real JSONL (5584 rows) from /app/external_data/edurabsa_all_mapped.jsonl
[2026-06-04T17:55:19.844057+00:00] [distilbert-base-uncased] transfer evaluation start
[2026-06-04T17:55:19.844334+00:00] [distilbert-base-uncased:detection] acquired GPU training lock -> /app/paper/benchmark_outputs/gpu_training.lock
[2026-06-04T17:55:26.750290+00:00] [distilbert-base-uncased] detection training start: train_rows=2317 val_rows=289 epochs=3 batch_size=8 device=cuda
[2026-06-04T17:55:44.181589+00:00] [distilbert-base-uncased] detection epoch 1/3: train_loss=1.0484 val_micro_f1=0.4541 val_macro_f1=0.4986 best_macro_f1=0.4986 patience=0 epoch_seconds=17.4
[2026-06-04T17:56:01.291070+00:00] [distilbert-base-uncased] detection epoch 2/3: train_loss=0.8864 val_micro_f1=0.4463 val_macro_f1=0.4805 best_macro_f1=0.4986 patience=0 epoch_seconds=17.0
[2026-06-04T17:56:18.374607+00:00] [distilbert-base-uncased] detection epoch 3/3: train_loss=0.8080 val_micro_f1=0.4761 val_macro_f1=0.5194 best_macro_f1=0.5194 patience=1 epoch_seconds=17.1
[2026-06-04T17:56:18.503564+00:00] [distilbert-base-uncased] detection training complete: best_macro_f1=0.5194
[2026-06-04T17:56:18.503887+00:00] [distilbert-base-uncased:detection] released GPU training lock
[2026-06-04T17:56:18.507445+00:00] [distilbert-base-uncased:sentiment] acquired GPU training lock -> /app/paper/benchmark_outputs/gpu_training.lock
[2026-06-04T17:56:18.967126+00:00] [distilbert-base-uncased] sentiment training start: train_rows=2317 val_rows=289 epochs=3 batch_size=8 device=cuda
[2026-06-04T17:56:36.085927+00:00] [distilbert-base-uncased] sentiment epoch 1/3: train_loss=0.7103 val_mse=0.6510 best_val_mse=0.6510 patience=0 epoch_seconds=17.1
[2026-06-04T17:56:53.363875+00:00] [distilbert-base-uncased] sentiment epoch 2/3: train_loss=0.5104 val_mse=0.4633 best_val_mse=0.4633 patience=0 epoch_seconds=17.2
[2026-06-04T17:57:10.752844+00:00] [distilbert-base-uncased] sentiment epoch 3/3: train_loss=0.3448 val_mse=0.4691 best_val_mse=0.4633 patience=0 epoch_seconds=17.3
[2026-06-04T17:57:10.781984+00:00] [distilbert-base-uncased] sentiment training complete: best_val_mse=0.4633
[2026-06-04T17:57:10.782526+00:00] [distilbert-base-uncased:sentiment] released GPU training lock
[2026-06-04T17:57:36.597793+00:00] [distilbert-base-uncased] transfer evaluation complete: micro_f1=0.3868 sentiment_mse=0.5449
{
  "real_jsonl": "/app/paper/real_transfer/herath_mapped_real_reviews.jsonl",
  "overlap_summary": "/app/paper/real_transfer/herath_overlap_summary.csv",
  "summary": "/app/paper/real_transfer/synthetic_to_real_transfer_summary.csv",
  "per_aspect": "/app/paper/real_transfer/synthetic_to_real_transfer_per_aspect.csv",
  "run_dir": "/app/paper/real_transfer/runs/synthetic_to_real_transfer_20260604T175736Z",
  "n_real_reviews": 5584,
  "overlap_aspects": [
    "accessibility",
    "exam_fairness",
    "lecturer_quality",
    "materials",
    "organization",
    "overall_experience",
    "workload"
  ]
}

=== stderr ===

