=== stdout ===
[2026-06-04T17:22:11.215928+00:00] Resume signature mismatch at /app/paper/real_transfer/resume_real_transfer.json; starting a fresh checkpoint
[2026-06-04T17:22:11.216283+00:00] Detailed log file -> /app/paper/benchmark_outputs/logs/real_transfer_20260604T172211Z.log
[2026-06-04T17:22:11.216322+00:00] Resume checkpoint -> /app/paper/real_transfer/resume_real_transfer.json
[2026-06-04T17:22:11.562378+00:00] Loaded pre-mapped real JSONL (5584 rows) from /app/external_data/edurabsa_all_mapped.jsonl
[2026-06-04T17:22:11.741836+00:00] [bert-base-uncased] transfer evaluation start
[2026-06-04T17:22:11.742162+00:00] [bert-base-uncased:detection] acquired GPU training lock -> /app/paper/benchmark_outputs/gpu_training.lock
[2026-06-04T17:22:14.049322+00:00] [bert-base-uncased] detection training start: train_rows=986 val_rows=123 epochs=3 batch_size=8 device=cuda
[2026-06-04T17:22:28.204977+00:00] [bert-base-uncased] detection epoch 1/3: train_loss=1.1603 val_micro_f1=0.2734 val_macro_f1=0.1386 best_macro_f1=0.1386 patience=0 epoch_seconds=14.2
[2026-06-04T17:22:42.376401+00:00] [bert-base-uncased] detection epoch 2/3: train_loss=1.1304 val_micro_f1=0.2622 val_macro_f1=0.2290 best_macro_f1=0.2290 patience=0 epoch_seconds=14.0
[2026-06-04T17:22:56.541628+00:00] [bert-base-uncased] detection epoch 3/3: train_loss=1.0688 val_micro_f1=0.2486 val_macro_f1=0.2273 best_macro_f1=0.2290 patience=0 epoch_seconds=14.0
[2026-06-04T17:22:56.593404+00:00] [bert-base-uncased] detection training complete: best_macro_f1=0.2290
[2026-06-04T17:22:56.593769+00:00] [bert-base-uncased:detection] released GPU training lock
[2026-06-04T17:22:56.595978+00:00] [bert-base-uncased:sentiment] acquired GPU training lock -> /app/paper/benchmark_outputs/gpu_training.lock
[2026-06-04T17:22:56.977969+00:00] [bert-base-uncased] sentiment training start: train_rows=986 val_rows=123 epochs=3 batch_size=8 device=cuda
[2026-06-04T17:23:10.960992+00:00] [bert-base-uncased] sentiment epoch 1/3: train_loss=0.4967 val_mse=0.5121 best_val_mse=0.5121 patience=0 epoch_seconds=14.0
[2026-06-04T17:23:24.991170+00:00] [bert-base-uncased] sentiment epoch 2/3: train_loss=0.4611 val_mse=0.5032 best_val_mse=0.5032 patience=0 epoch_seconds=14.0
[2026-06-04T17:23:39.103362+00:00] [bert-base-uncased] sentiment epoch 3/3: train_loss=0.3831 val_mse=0.5218 best_val_mse=0.5032 patience=0 epoch_seconds=14.0
[2026-06-04T17:23:39.157024+00:00] [bert-base-uncased] sentiment training complete: best_val_mse=0.5032
[2026-06-04T17:23:39.157428+00:00] [bert-base-uncased:sentiment] released GPU training lock
[2026-06-04T17:24:27.640724+00:00] [bert-base-uncased] transfer evaluation complete: micro_f1=0.4321 sentiment_mse=0.8686
{
  "real_jsonl": "/app/paper/real_transfer/herath_mapped_real_reviews.jsonl",
  "overlap_summary": "/app/paper/real_transfer/herath_overlap_summary.csv",
  "summary": "/app/paper/real_transfer/synthetic_to_real_transfer_summary.csv",
  "per_aspect": "/app/paper/real_transfer/synthetic_to_real_transfer_per_aspect.csv",
  "run_dir": "/app/paper/real_transfer/runs/synthetic_to_real_transfer_20260604T172427Z",
  "n_real_reviews": 5584,
  "overlap_aspects": [
    "accessibility",
    "exam_fairness",
    "lecturer_quality",
    "materials",
    "organization",
    "overall_experience",
    "workload"
  ]
}

=== stderr ===

