=== stdout ===
[2026-06-04T17:14:39.545312+00:00] Detailed log file -> /app/paper/benchmark_outputs/logs/real_transfer_20260604T171439Z.log
[2026-06-04T17:14:39.545420+00:00] Resume checkpoint -> /app/paper/real_transfer/resume_real_transfer.json
[2026-06-04T17:14:39.915294+00:00] Loaded pre-mapped real JSONL (5584 rows) from /app/external_data/edurabsa_all_mapped.jsonl
[2026-06-04T17:14:40.097751+00:00] [bert-base-uncased] transfer evaluation start
[2026-06-04T17:14:40.098144+00:00] [bert-base-uncased:detection] acquired GPU training lock -> /app/paper/benchmark_outputs/gpu_training.lock
[2026-06-04T17:14:47.271245+00:00] [bert-base-uncased] detection training start: train_rows=1016 val_rows=127 epochs=3 batch_size=8 device=cuda
[2026-06-04T17:15:01.926781+00:00] [bert-base-uncased] detection epoch 1/3: train_loss=1.1568 val_micro_f1=0.3559 val_macro_f1=0.2475 best_macro_f1=0.2475 patience=0 epoch_seconds=14.7
[2026-06-04T17:15:16.243680+00:00] [bert-base-uncased] detection epoch 2/3: train_loss=0.9749 val_micro_f1=0.4696 val_macro_f1=0.5142 best_macro_f1=0.5142 patience=0 epoch_seconds=14.1
[2026-06-04T17:15:30.691827+00:00] [bert-base-uncased] detection epoch 3/3: train_loss=0.8011 val_micro_f1=0.4893 val_macro_f1=0.5219 best_macro_f1=0.5219 patience=0 epoch_seconds=14.1
[2026-06-04T17:15:30.854143+00:00] [bert-base-uncased] detection training complete: best_macro_f1=0.5219
[2026-06-04T17:15:30.854727+00:00] [bert-base-uncased:detection] released GPU training lock
[2026-06-04T17:15:30.860990+00:00] [bert-base-uncased:sentiment] acquired GPU training lock -> /app/paper/benchmark_outputs/gpu_training.lock
[2026-06-04T17:15:31.437103+00:00] [bert-base-uncased] sentiment training start: train_rows=1016 val_rows=127 epochs=3 batch_size=8 device=cuda
[2026-06-04T17:15:45.698680+00:00] [bert-base-uncased] sentiment epoch 1/3: train_loss=0.7369 val_mse=0.6859 best_val_mse=0.6859 patience=0 epoch_seconds=14.3
[2026-06-04T17:15:59.975432+00:00] [bert-base-uncased] sentiment epoch 2/3: train_loss=0.5873 val_mse=0.5161 best_val_mse=0.5161 patience=0 epoch_seconds=14.2
[2026-06-04T17:16:14.407103+00:00] [bert-base-uncased] sentiment epoch 3/3: train_loss=0.3371 val_mse=0.4832 best_val_mse=0.4832 patience=0 epoch_seconds=14.2
[2026-06-04T17:16:14.505529+00:00] [bert-base-uncased] sentiment training complete: best_val_mse=0.4832
[2026-06-04T17:16:14.505988+00:00] [bert-base-uncased:sentiment] released GPU training lock
[2026-06-04T17:17:01.593066+00:00] [bert-base-uncased] transfer evaluation complete: micro_f1=0.4940 sentiment_mse=0.5282
{
  "real_jsonl": "/app/paper/real_transfer/herath_mapped_real_reviews.jsonl",
  "overlap_summary": "/app/paper/real_transfer/herath_overlap_summary.csv",
  "summary": "/app/paper/real_transfer/synthetic_to_real_transfer_summary.csv",
  "per_aspect": "/app/paper/real_transfer/synthetic_to_real_transfer_per_aspect.csv",
  "run_dir": "/app/paper/real_transfer/runs/synthetic_to_real_transfer_20260604T171701Z",
  "n_real_reviews": 5584,
  "overlap_aspects": [
    "accessibility",
    "exam_fairness",
    "lecturer_quality",
    "materials",
    "organization",
    "overall_experience",
    "workload"
  ]
}

=== stderr ===

