=== stdout ===
[2026-06-04T17:26:13.138399+00:00] Detailed log file -> /app/paper/benchmark_outputs/logs/real_transfer_20260604T172613Z.log
[2026-06-04T17:26:13.138576+00:00] Resume checkpoint -> /app/paper/real_transfer/resume_real_transfer.json
[2026-06-04T17:26:13.854612+00:00] Loaded pre-mapped real JSONL (5584 rows) from /app/external_data/edurabsa_all_mapped.jsonl
[2026-06-04T17:26:14.180586+00:00] [bert-base-uncased] transfer evaluation start
[2026-06-04T17:26:14.181270+00:00] [bert-base-uncased:detection] acquired GPU training lock -> /app/paper/benchmark_outputs/gpu_training.lock
[2026-06-04T17:26:23.474226+00:00] [bert-base-uncased] detection training start: train_rows=2337 val_rows=291 epochs=3 batch_size=8 device=cuda
[2026-06-04T17:26:50.645158+00:00] [bert-base-uncased] detection epoch 1/3: train_loss=1.1153 val_micro_f1=0.3583 val_macro_f1=0.3866 best_macro_f1=0.3866 patience=0 epoch_seconds=27.2
[2026-06-04T17:27:17.216517+00:00] [bert-base-uncased] detection epoch 2/3: train_loss=0.9953 val_micro_f1=0.4073 val_macro_f1=0.4267 best_macro_f1=0.4267 patience=0 epoch_seconds=26.4
[2026-06-04T17:27:43.802628+00:00] [bert-base-uncased] detection epoch 3/3: train_loss=0.9088 val_micro_f1=0.4253 val_macro_f1=0.4555 best_macro_f1=0.4555 patience=0 epoch_seconds=26.4
[2026-06-04T17:27:43.934756+00:00] [bert-base-uncased] detection training complete: best_macro_f1=0.4555
[2026-06-04T17:27:43.936821+00:00] [bert-base-uncased:detection] released GPU training lock
[2026-06-04T17:27:43.944006+00:00] [bert-base-uncased:sentiment] acquired GPU training lock -> /app/paper/benchmark_outputs/gpu_training.lock
[2026-06-04T17:27:45.214089+00:00] [bert-base-uncased] sentiment training start: train_rows=2337 val_rows=291 epochs=3 batch_size=8 device=cuda
[2026-06-04T17:28:11.728178+00:00] [bert-base-uncased] sentiment epoch 1/3: train_loss=0.6896 val_mse=0.6278 best_val_mse=0.6278 patience=0 epoch_seconds=26.5
[2026-06-04T17:28:38.216903+00:00] [bert-base-uncased] sentiment epoch 2/3: train_loss=0.5759 val_mse=0.5305 best_val_mse=0.5305 patience=0 epoch_seconds=26.4
[2026-06-04T17:29:04.829905+00:00] [bert-base-uncased] sentiment epoch 3/3: train_loss=0.3877 val_mse=0.6250 best_val_mse=0.5305 patience=0 epoch_seconds=26.4
[2026-06-04T17:29:04.876200+00:00] [bert-base-uncased] sentiment training complete: best_val_mse=0.5305
[2026-06-04T17:29:04.877955+00:00] [bert-base-uncased:sentiment] released GPU training lock
[2026-06-04T17:29:41.190314+00:00] [bert-base-uncased] transfer evaluation complete: micro_f1=0.3847 sentiment_mse=0.5732
{
  "real_jsonl": "/app/paper/real_transfer/herath_mapped_real_reviews.jsonl",
  "overlap_summary": "/app/paper/real_transfer/herath_overlap_summary.csv",
  "summary": "/app/paper/real_transfer/synthetic_to_real_transfer_summary.csv",
  "per_aspect": "/app/paper/real_transfer/synthetic_to_real_transfer_per_aspect.csv",
  "run_dir": "/app/paper/real_transfer/runs/synthetic_to_real_transfer_20260604T172941Z",
  "n_real_reviews": 5584,
  "overlap_aspects": [
    "accessibility",
    "exam_fairness",
    "lecturer_quality",
    "materials",
    "organization",
    "overall_experience",
    "workload"
  ]
}

=== stderr ===

