=== stdout ===
[2026-06-04T17:23:20.170272+00:00] Resume signature mismatch at /app/paper/real_transfer/resume_real_transfer.json; starting a fresh checkpoint
[2026-06-04T17:23:20.170821+00:00] Detailed log file -> /app/paper/benchmark_outputs/logs/real_transfer_20260604T172320Z.log
[2026-06-04T17:23:20.170869+00:00] Resume checkpoint -> /app/paper/real_transfer/resume_real_transfer.json
[2026-06-04T17:23:23.545773+00:00] [distilbert-base-uncased] transfer evaluation start
[2026-06-04T17:23:23.546099+00:00] [distilbert-base-uncased:detection] acquired GPU training lock -> /app/paper/benchmark_outputs/gpu_training.lock
[2026-06-04T17:23:26.991815+00:00] [distilbert-base-uncased] detection training start: train_rows=2755 val_rows=344 epochs=3 batch_size=8 device=cuda
[2026-06-04T17:23:47.844504+00:00] [distilbert-base-uncased] detection epoch 1/3: train_loss=1.1494 val_micro_f1=0.3163 val_macro_f1=0.3431 best_macro_f1=0.3431 patience=0 epoch_seconds=20.9
[2026-06-04T17:24:08.611795+00:00] [distilbert-base-uncased] detection epoch 2/3: train_loss=1.0209 val_micro_f1=0.3557 val_macro_f1=0.3758 best_macro_f1=0.3758 patience=0 epoch_seconds=20.7
[2026-06-04T17:24:29.322442+00:00] [distilbert-base-uncased] detection epoch 3/3: train_loss=0.9430 val_micro_f1=0.3577 val_macro_f1=0.3790 best_macro_f1=0.3790 patience=0 epoch_seconds=20.6
[2026-06-04T17:24:29.409477+00:00] [distilbert-base-uncased] detection training complete: best_macro_f1=0.3790
[2026-06-04T17:24:29.409992+00:00] [distilbert-base-uncased:detection] released GPU training lock
[2026-06-04T17:24:29.412169+00:00] [distilbert-base-uncased:sentiment] acquired GPU training lock -> /app/paper/benchmark_outputs/gpu_training.lock
[2026-06-04T17:24:29.867822+00:00] [distilbert-base-uncased] sentiment training start: train_rows=2755 val_rows=344 epochs=3 batch_size=8 device=cuda
[2026-06-04T17:24:50.477661+00:00] [distilbert-base-uncased] sentiment epoch 1/3: train_loss=0.6847 val_mse=0.6858 best_val_mse=0.6858 patience=0 epoch_seconds=20.6
[2026-06-04T17:25:11.064602+00:00] [distilbert-base-uncased] sentiment epoch 2/3: train_loss=0.5935 val_mse=0.6330 best_val_mse=0.6330 patience=0 epoch_seconds=20.6
[2026-06-04T17:25:31.733043+00:00] [distilbert-base-uncased] sentiment epoch 3/3: train_loss=0.4606 val_mse=0.5764 best_val_mse=0.5764 patience=0 epoch_seconds=20.6
[2026-06-04T17:25:31.789039+00:00] [distilbert-base-uncased] sentiment training complete: best_val_mse=0.5764
[2026-06-04T17:25:31.789402+00:00] [distilbert-base-uncased:sentiment] released GPU training lock
[2026-06-04T17:25:45.144908+00:00] [distilbert-base-uncased] transfer evaluation complete: micro_f1=0.4428 sentiment_mse=0.3902
{
  "real_jsonl": "/app/paper/real_transfer/herath_mapped_real_reviews.jsonl",
  "overlap_summary": "/app/paper/real_transfer/herath_overlap_summary.csv",
  "summary": "/app/paper/real_transfer/synthetic_to_real_transfer_summary.csv",
  "per_aspect": "/app/paper/real_transfer/synthetic_to_real_transfer_per_aspect.csv",
  "run_dir": "/app/paper/real_transfer/runs/synthetic_to_real_transfer_20260604T172545Z",
  "n_real_reviews": 2829,
  "overlap_aspects": [
    "accessibility",
    "assessment_design",
    "exam_fairness",
    "grading_transparency",
    "lecturer_quality",
    "materials",
    "organization",
    "overall_experience",
    "workload"
  ]
}

=== stderr ===

