=== stdout ===
[2026-06-04T17:16:10.770225+00:00] Detailed log file -> /app/paper/benchmark_outputs/logs/real_transfer_20260604T171610Z.log
[2026-06-04T17:16:10.770286+00:00] Resume checkpoint -> /app/paper/real_transfer/resume_real_transfer.json
[2026-06-04T17:16:14.081981+00:00] [distilbert-base-uncased] transfer evaluation start
[2026-06-04T17:16:14.082287+00:00] [distilbert-base-uncased:detection] acquired GPU training lock -> /app/paper/benchmark_outputs/gpu_training.lock
[2026-06-04T17:16:21.255553+00:00] [distilbert-base-uncased] detection training start: train_rows=2729 val_rows=341 epochs=3 batch_size=8 device=cuda
[2026-06-04T17:16:41.834735+00:00] [distilbert-base-uncased] detection epoch 1/3: train_loss=1.0983 val_micro_f1=0.4276 val_macro_f1=0.4244 best_macro_f1=0.4244 patience=0 epoch_seconds=20.6
[2026-06-04T17:17:02.198209+00:00] [distilbert-base-uncased] detection epoch 2/3: train_loss=0.9079 val_micro_f1=0.4687 val_macro_f1=0.5131 best_macro_f1=0.5131 patience=0 epoch_seconds=20.3
[2026-06-04T17:17:22.624733+00:00] [distilbert-base-uncased] detection epoch 3/3: train_loss=0.8224 val_micro_f1=0.4819 val_macro_f1=0.5174 best_macro_f1=0.5174 patience=0 epoch_seconds=20.3
[2026-06-04T17:17:22.710378+00:00] [distilbert-base-uncased] detection training complete: best_macro_f1=0.5174
[2026-06-04T17:17:22.710753+00:00] [distilbert-base-uncased:detection] released GPU training lock
[2026-06-04T17:17:22.713010+00:00] [distilbert-base-uncased:sentiment] acquired GPU training lock -> /app/paper/benchmark_outputs/gpu_training.lock
[2026-06-04T17:17:23.188966+00:00] [distilbert-base-uncased] sentiment training start: train_rows=2729 val_rows=341 epochs=3 batch_size=8 device=cuda
[2026-06-04T17:17:43.609139+00:00] [distilbert-base-uncased] sentiment epoch 1/3: train_loss=0.7094 val_mse=0.5980 best_val_mse=0.5980 patience=0 epoch_seconds=20.4
[2026-06-04T17:18:03.921558+00:00] [distilbert-base-uncased] sentiment epoch 2/3: train_loss=0.5148 val_mse=0.5058 best_val_mse=0.5058 patience=0 epoch_seconds=20.3
[2026-06-04T17:18:24.422730+00:00] [distilbert-base-uncased] sentiment epoch 3/3: train_loss=0.3778 val_mse=0.4704 best_val_mse=0.4704 patience=0 epoch_seconds=20.4
[2026-06-04T17:18:24.481946+00:00] [distilbert-base-uncased] sentiment training complete: best_val_mse=0.4704
[2026-06-04T17:18:24.482360+00:00] [distilbert-base-uncased:sentiment] released GPU training lock
[2026-06-04T17:18:37.823742+00:00] [distilbert-base-uncased] transfer evaluation complete: micro_f1=0.3465 sentiment_mse=0.3333
{
  "real_jsonl": "/app/paper/real_transfer/herath_mapped_real_reviews.jsonl",
  "overlap_summary": "/app/paper/real_transfer/herath_overlap_summary.csv",
  "summary": "/app/paper/real_transfer/synthetic_to_real_transfer_summary.csv",
  "per_aspect": "/app/paper/real_transfer/synthetic_to_real_transfer_per_aspect.csv",
  "run_dir": "/app/paper/real_transfer/runs/synthetic_to_real_transfer_20260604T171837Z",
  "n_real_reviews": 2829,
  "overlap_aspects": [
    "accessibility",
    "assessment_design",
    "exam_fairness",
    "grading_transparency",
    "lecturer_quality",
    "materials",
    "organization",
    "overall_experience",
    "workload"
  ]
}

=== stderr ===

