=== stdout ===
[2026-06-04T12:53:34.896157+00:00] Detailed log file -> /app/paper/benchmark_outputs/logs/real_transfer_20260604T125334Z.log
[2026-06-04T12:53:34.896241+00:00] Resume checkpoint -> /app/paper/real_transfer/resume_real_transfer.json
[2026-06-04T12:53:38.360977+00:00] [bert-base-uncased] transfer evaluation start
[2026-06-04T12:53:38.361454+00:00] [bert-base-uncased:detection] acquired GPU training lock -> /app/paper/benchmark_outputs/gpu_training.lock
[2026-06-04T12:53:47.489318+00:00] [bert-base-uncased] detection training start: train_rows=2729 val_rows=341 epochs=3 batch_size=8 device=cuda
[2026-06-04T12:54:25.647024+00:00] [bert-base-uncased] detection epoch 1/3: train_loss=1.1071 val_micro_f1=0.3772 val_macro_f1=0.4336 best_macro_f1=0.4336 patience=0 epoch_seconds=38.2
[2026-06-04T12:55:03.765026+00:00] [bert-base-uncased] detection epoch 2/3: train_loss=0.8960 val_micro_f1=0.4719 val_macro_f1=0.4979 best_macro_f1=0.4979 patience=0 epoch_seconds=37.9
[2026-06-04T12:55:42.188378+00:00] [bert-base-uncased] detection epoch 3/3: train_loss=0.7917 val_micro_f1=0.4923 val_macro_f1=0.5139 best_macro_f1=0.5139 patience=0 epoch_seconds=38.2
[2026-06-04T12:55:42.334215+00:00] [bert-base-uncased] detection training complete: best_macro_f1=0.5139
[2026-06-04T12:55:42.334875+00:00] [bert-base-uncased:detection] released GPU training lock
[2026-06-04T12:55:42.341764+00:00] [bert-base-uncased:sentiment] acquired GPU training lock -> /app/paper/benchmark_outputs/gpu_training.lock
[2026-06-04T12:55:43.001413+00:00] [bert-base-uncased] sentiment training start: train_rows=2729 val_rows=341 epochs=3 batch_size=8 device=cuda
[2026-06-04T12:56:21.493338+00:00] [bert-base-uncased] sentiment epoch 1/3: train_loss=0.7046 val_mse=0.5700 best_val_mse=0.5700 patience=0 epoch_seconds=38.5
[2026-06-04T12:57:00.214532+00:00] [bert-base-uncased] sentiment epoch 2/3: train_loss=0.4858 val_mse=0.4332 best_val_mse=0.4332 patience=0 epoch_seconds=38.7
[2026-06-04T12:57:39.292106+00:00] [bert-base-uncased] sentiment epoch 3/3: train_loss=0.3046 val_mse=0.4058 best_val_mse=0.4058 patience=0 epoch_seconds=38.9
[2026-06-04T12:57:39.385879+00:00] [bert-base-uncased] sentiment training complete: best_val_mse=0.4058
[2026-06-04T12:57:39.386384+00:00] [bert-base-uncased:sentiment] released GPU training lock
[2026-06-04T12:58:04.874661+00:00] [bert-base-uncased] transfer evaluation complete: micro_f1=0.3573 sentiment_mse=0.3618
{
  "real_jsonl": "/app/paper/real_transfer/herath_mapped_real_reviews.jsonl",
  "overlap_summary": "/app/paper/real_transfer/herath_overlap_summary.csv",
  "summary": "/app/paper/real_transfer/synthetic_to_real_transfer_summary.csv",
  "per_aspect": "/app/paper/real_transfer/synthetic_to_real_transfer_per_aspect.csv",
  "run_dir": "/app/paper/real_transfer/runs/synthetic_to_real_transfer_20260604T125804Z",
  "n_real_reviews": 2829,
  "overlap_aspects": [
    "accessibility",
    "assessment_design",
    "exam_fairness",
    "grading_transparency",
    "lecturer_quality",
    "materials",
    "organization",
    "overall_experience",
    "workload"
  ]
}

=== stderr ===

