=== stdout ===
[2026-06-04T17:38:39.474896+00:00] Detailed log file -> /app/paper/benchmark_outputs/logs/real_transfer_20260604T173839Z.log
[2026-06-04T17:38:39.474945+00:00] Resume checkpoint -> /app/paper/real_transfer/resume_real_transfer.json
[2026-06-04T17:38:39.806852+00:00] Loaded pre-mapped real JSONL (5584 rows) from /app/external_data/edurabsa_all_mapped.jsonl
[2026-06-04T17:38:39.984178+00:00] [bert-base-uncased] transfer evaluation start
[2026-06-04T17:38:39.984496+00:00] [bert-base-uncased:detection] acquired GPU training lock -> /app/paper/benchmark_outputs/gpu_training.lock
[2026-06-04T17:38:46.282195+00:00] [bert-base-uncased] detection training start: train_rows=1016 val_rows=127 epochs=3 batch_size=8 device=cuda
[2026-06-04T17:39:00.871839+00:00] [bert-base-uncased] detection epoch 1/3: train_loss=1.1584 val_micro_f1=0.3183 val_macro_f1=0.2896 best_macro_f1=0.2896 patience=0 epoch_seconds=14.6
[2026-06-04T17:39:15.032994+00:00] [bert-base-uncased] detection epoch 2/3: train_loss=1.0122 val_micro_f1=0.5249 val_macro_f1=0.5849 best_macro_f1=0.5849 patience=0 epoch_seconds=13.9
[2026-06-04T17:39:29.215324+00:00] [bert-base-uncased] detection epoch 3/3: train_loss=0.8633 val_micro_f1=0.5594 val_macro_f1=0.6052 best_macro_f1=0.6052 patience=0 epoch_seconds=14.0
[2026-06-04T17:39:29.349494+00:00] [bert-base-uncased] detection training complete: best_macro_f1=0.6052
[2026-06-04T17:39:29.349902+00:00] [bert-base-uncased:detection] released GPU training lock
[2026-06-04T17:39:29.353051+00:00] [bert-base-uncased:sentiment] acquired GPU training lock -> /app/paper/benchmark_outputs/gpu_training.lock
[2026-06-04T17:39:29.908823+00:00] [bert-base-uncased] sentiment training start: train_rows=1016 val_rows=127 epochs=3 batch_size=8 device=cuda
[2026-06-04T17:39:43.991048+00:00] [bert-base-uncased] sentiment epoch 1/3: train_loss=0.7378 val_mse=0.8020 best_val_mse=0.8020 patience=0 epoch_seconds=14.1
[2026-06-04T17:39:58.144258+00:00] [bert-base-uncased] sentiment epoch 2/3: train_loss=0.6063 val_mse=0.5125 best_val_mse=0.5125 patience=0 epoch_seconds=14.1
[2026-06-04T17:40:12.355123+00:00] [bert-base-uncased] sentiment epoch 3/3: train_loss=0.3708 val_mse=0.4623 best_val_mse=0.4623 patience=0 epoch_seconds=14.1
[2026-06-04T17:40:12.440095+00:00] [bert-base-uncased] sentiment training complete: best_val_mse=0.4623
[2026-06-04T17:40:12.440429+00:00] [bert-base-uncased:sentiment] released GPU training lock
[2026-06-04T17:40:59.654334+00:00] [bert-base-uncased] transfer evaluation complete: micro_f1=0.3925 sentiment_mse=0.3874
{
  "real_jsonl": "/app/paper/real_transfer/herath_mapped_real_reviews.jsonl",
  "overlap_summary": "/app/paper/real_transfer/herath_overlap_summary.csv",
  "summary": "/app/paper/real_transfer/synthetic_to_real_transfer_summary.csv",
  "per_aspect": "/app/paper/real_transfer/synthetic_to_real_transfer_per_aspect.csv",
  "run_dir": "/app/paper/real_transfer/runs/synthetic_to_real_transfer_20260604T174059Z",
  "n_real_reviews": 5584,
  "overlap_aspects": [
    "accessibility",
    "exam_fairness",
    "lecturer_quality",
    "materials",
    "organization",
    "overall_experience",
    "workload"
  ]
}

=== stderr ===

