=== stdout ===
[2026-06-04T18:00:51.197714+00:00] Resume signature mismatch at /app/paper/real_transfer/resume_real_transfer.json; starting a fresh checkpoint
[2026-06-04T18:00:51.198072+00:00] Detailed log file -> /app/paper/benchmark_outputs/logs/real_transfer_20260604T180051Z.log
[2026-06-04T18:00:51.198107+00:00] Resume checkpoint -> /app/paper/real_transfer/resume_real_transfer.json
[2026-06-04T18:00:51.550911+00:00] Loaded pre-mapped real JSONL (5584 rows) from /app/external_data/edurabsa_all_mapped.jsonl
[2026-06-04T18:00:51.723103+00:00] [distilbert-base-uncased] transfer evaluation start
[2026-06-04T18:00:51.723514+00:00] [distilbert-base-uncased:detection] acquired GPU training lock -> /app/paper/benchmark_outputs/gpu_training.lock
[2026-06-04T18:00:54.100626+00:00] [distilbert-base-uncased] detection training start: train_rows=986 val_rows=123 epochs=3 batch_size=8 device=cuda
[2026-06-04T18:01:01.801492+00:00] [distilbert-base-uncased] detection epoch 1/3: train_loss=1.1555 val_micro_f1=0.2263 val_macro_f1=0.1498 best_macro_f1=0.1498 patience=0 epoch_seconds=7.7
[2026-06-04T18:01:09.209931+00:00] [distilbert-base-uncased] detection epoch 2/3: train_loss=1.1356 val_micro_f1=0.2500 val_macro_f1=0.2043 best_macro_f1=0.2043 patience=0 epoch_seconds=7.3
[2026-06-04T18:01:16.669975+00:00] [distilbert-base-uncased] detection epoch 3/3: train_loss=1.0915 val_micro_f1=0.2605 val_macro_f1=0.2404 best_macro_f1=0.2404 patience=0 epoch_seconds=7.4
[2026-06-04T18:01:16.742873+00:00] [distilbert-base-uncased] detection training complete: best_macro_f1=0.2404
[2026-06-04T18:01:16.743351+00:00] [distilbert-base-uncased:detection] released GPU training lock
[2026-06-04T18:01:16.744882+00:00] [distilbert-base-uncased:sentiment] acquired GPU training lock -> /app/paper/benchmark_outputs/gpu_training.lock
[2026-06-04T18:01:17.188273+00:00] [distilbert-base-uncased] sentiment training start: train_rows=986 val_rows=123 epochs=3 batch_size=8 device=cuda
[2026-06-04T18:01:24.549792+00:00] [distilbert-base-uncased] sentiment epoch 1/3: train_loss=0.4726 val_mse=0.5596 best_val_mse=0.5596 patience=0 epoch_seconds=7.4
[2026-06-04T18:01:31.962980+00:00] [distilbert-base-uncased] sentiment epoch 2/3: train_loss=0.4383 val_mse=0.5598 best_val_mse=0.5596 patience=0 epoch_seconds=7.4
[2026-06-04T18:01:39.330801+00:00] [distilbert-base-uncased] sentiment epoch 3/3: train_loss=0.4124 val_mse=0.5488 best_val_mse=0.5488 patience=1 epoch_seconds=7.4
[2026-06-04T18:01:39.437962+00:00] [distilbert-base-uncased] sentiment training complete: best_val_mse=0.5488
[2026-06-04T18:01:39.438420+00:00] [distilbert-base-uncased:sentiment] released GPU training lock
[2026-06-04T18:02:04.995262+00:00] [distilbert-base-uncased] transfer evaluation complete: micro_f1=0.4114 sentiment_mse=0.8655
{
  "real_jsonl": "/app/paper/real_transfer/herath_mapped_real_reviews.jsonl",
  "overlap_summary": "/app/paper/real_transfer/herath_overlap_summary.csv",
  "summary": "/app/paper/real_transfer/synthetic_to_real_transfer_summary.csv",
  "per_aspect": "/app/paper/real_transfer/synthetic_to_real_transfer_per_aspect.csv",
  "run_dir": "/app/paper/real_transfer/runs/synthetic_to_real_transfer_20260604T180204Z",
  "n_real_reviews": 5584,
  "overlap_aspects": [
    "accessibility",
    "exam_fairness",
    "lecturer_quality",
    "materials",
    "organization",
    "overall_experience",
    "workload"
  ]
}

=== stderr ===

