=== stdout ===
[2026-06-04T12:56:06.921412+00:00] Resume signature mismatch at /app/paper/real_transfer/resume_real_transfer.json; starting a fresh checkpoint
[2026-06-04T12:56:06.921719+00:00] Detailed log file -> /app/paper/benchmark_outputs/logs/real_transfer_20260604T125606Z.log
[2026-06-04T12:56:06.921771+00:00] Resume checkpoint -> /app/paper/real_transfer/resume_real_transfer.json
[2026-06-04T12:56:10.135058+00:00] [bert-base-uncased] transfer evaluation start
[2026-06-04T12:56:10.135405+00:00] [bert-base-uncased:detection] acquired GPU training lock -> /app/paper/benchmark_outputs/gpu_training.lock
[2026-06-04T12:56:14.190998+00:00] [bert-base-uncased] detection training start: train_rows=2755 val_rows=344 epochs=3 batch_size=8 device=cuda
[2026-06-04T12:56:53.203622+00:00] [bert-base-uncased] detection epoch 1/3: train_loss=1.1628 val_micro_f1=0.3433 val_macro_f1=0.3888 best_macro_f1=0.3888 patience=0 epoch_seconds=39.0
[2026-06-04T12:57:32.185477+00:00] [bert-base-uncased] detection epoch 2/3: train_loss=1.0277 val_micro_f1=0.3803 val_macro_f1=0.4365 best_macro_f1=0.4365 patience=0 epoch_seconds=38.8
[2026-06-04T12:58:11.332543+00:00] [bert-base-uncased] detection epoch 3/3: train_loss=0.9276 val_micro_f1=0.3818 val_macro_f1=0.4162 best_macro_f1=0.4365 patience=0 epoch_seconds=39.0
[2026-06-04T12:58:11.381651+00:00] [bert-base-uncased] detection training complete: best_macro_f1=0.4365
[2026-06-04T12:58:11.382131+00:00] [bert-base-uncased:detection] released GPU training lock
[2026-06-04T12:58:11.384699+00:00] [bert-base-uncased:sentiment] acquired GPU training lock -> /app/paper/benchmark_outputs/gpu_training.lock
[2026-06-04T12:58:11.919054+00:00] [bert-base-uncased] sentiment training start: train_rows=2755 val_rows=344 epochs=3 batch_size=8 device=cuda
[2026-06-04T12:58:51.094302+00:00] [bert-base-uncased] sentiment epoch 1/3: train_loss=0.6890 val_mse=0.6783 best_val_mse=0.6783 patience=0 epoch_seconds=39.2
[2026-06-04T12:59:30.386793+00:00] [bert-base-uncased] sentiment epoch 2/3: train_loss=0.6010 val_mse=0.5513 best_val_mse=0.5513 patience=0 epoch_seconds=39.3
[2026-06-04T13:00:09.775089+00:00] [bert-base-uncased] sentiment epoch 3/3: train_loss=0.4335 val_mse=0.5445 best_val_mse=0.5445 patience=0 epoch_seconds=39.3
[2026-06-04T13:00:09.873607+00:00] [bert-base-uncased] sentiment training complete: best_val_mse=0.5445
[2026-06-04T13:00:09.874080+00:00] [bert-base-uncased:sentiment] released GPU training lock
[2026-06-04T13:00:35.481249+00:00] [bert-base-uncased] transfer evaluation complete: micro_f1=0.3717 sentiment_mse=0.4086
{
  "real_jsonl": "/app/paper/real_transfer/herath_mapped_real_reviews.jsonl",
  "overlap_summary": "/app/paper/real_transfer/herath_overlap_summary.csv",
  "summary": "/app/paper/real_transfer/synthetic_to_real_transfer_summary.csv",
  "per_aspect": "/app/paper/real_transfer/synthetic_to_real_transfer_per_aspect.csv",
  "run_dir": "/app/paper/real_transfer/runs/synthetic_to_real_transfer_20260604T130035Z",
  "n_real_reviews": 2829,
  "overlap_aspects": [
    "accessibility",
    "assessment_design",
    "exam_fairness",
    "grading_transparency",
    "lecturer_quality",
    "materials",
    "organization",
    "overall_experience",
    "workload"
  ]
}

=== stderr ===

