=== stdout ===
[2026-06-04T17:24:33.549541+00:00] Resume signature mismatch at /app/paper/real_transfer/resume_real_transfer.json; starting a fresh checkpoint
[2026-06-04T17:24:33.549870+00:00] Detailed log file -> /app/paper/benchmark_outputs/logs/real_transfer_20260604T172433Z.log
[2026-06-04T17:24:33.549901+00:00] Resume checkpoint -> /app/paper/real_transfer/resume_real_transfer.json
[2026-06-04T17:24:33.895489+00:00] Loaded pre-mapped real JSONL (5584 rows) from /app/external_data/edurabsa_all_mapped.jsonl
[2026-06-04T17:24:34.072483+00:00] [bert-base-uncased] transfer evaluation start
[2026-06-04T17:24:34.072793+00:00] [bert-base-uncased:detection] acquired GPU training lock -> /app/paper/benchmark_outputs/gpu_training.lock
[2026-06-04T17:24:36.236033+00:00] [bert-base-uncased] detection training start: train_rows=986 val_rows=123 epochs=3 batch_size=8 device=cuda
[2026-06-04T17:24:50.472306+00:00] [bert-base-uncased] detection epoch 1/3: train_loss=1.1528 val_micro_f1=0.1980 val_macro_f1=0.0894 best_macro_f1=0.0894 patience=0 epoch_seconds=14.2
[2026-06-04T17:25:04.583233+00:00] [bert-base-uncased] detection epoch 2/3: train_loss=1.1260 val_micro_f1=0.2884 val_macro_f1=0.3136 best_macro_f1=0.3136 patience=0 epoch_seconds=13.9
[2026-06-04T17:25:18.677452+00:00] [bert-base-uncased] detection epoch 3/3: train_loss=1.0615 val_micro_f1=0.2658 val_macro_f1=0.2235 best_macro_f1=0.3136 patience=0 epoch_seconds=13.9
[2026-06-04T17:25:18.730161+00:00] [bert-base-uncased] detection training complete: best_macro_f1=0.3136
[2026-06-04T17:25:18.730560+00:00] [bert-base-uncased:detection] released GPU training lock
[2026-06-04T17:25:18.732798+00:00] [bert-base-uncased:sentiment] acquired GPU training lock -> /app/paper/benchmark_outputs/gpu_training.lock
[2026-06-04T17:25:19.114264+00:00] [bert-base-uncased] sentiment training start: train_rows=986 val_rows=123 epochs=3 batch_size=8 device=cuda
[2026-06-04T17:25:33.100083+00:00] [bert-base-uncased] sentiment epoch 1/3: train_loss=0.5146 val_mse=0.4172 best_val_mse=0.4172 patience=0 epoch_seconds=14.0
[2026-06-04T17:25:47.153289+00:00] [bert-base-uncased] sentiment epoch 2/3: train_loss=0.4624 val_mse=0.4811 best_val_mse=0.4172 patience=0 epoch_seconds=14.0
[2026-06-04T17:26:01.160661+00:00] [bert-base-uncased] sentiment epoch 3/3: train_loss=0.3925 val_mse=0.4369 best_val_mse=0.4172 patience=1 epoch_seconds=14.0
[2026-06-04T17:26:01.160812+00:00] [bert-base-uncased] sentiment early stop at epoch 3
[2026-06-04T17:26:01.218044+00:00] [bert-base-uncased] sentiment training complete: best_val_mse=0.4172
[2026-06-04T17:26:01.218452+00:00] [bert-base-uncased:sentiment] released GPU training lock
[2026-06-04T17:26:49.731475+00:00] [bert-base-uncased] transfer evaluation complete: micro_f1=0.2529 sentiment_mse=0.9485
{
  "real_jsonl": "/app/paper/real_transfer/herath_mapped_real_reviews.jsonl",
  "overlap_summary": "/app/paper/real_transfer/herath_overlap_summary.csv",
  "summary": "/app/paper/real_transfer/synthetic_to_real_transfer_summary.csv",
  "per_aspect": "/app/paper/real_transfer/synthetic_to_real_transfer_per_aspect.csv",
  "run_dir": "/app/paper/real_transfer/runs/synthetic_to_real_transfer_20260604T172649Z",
  "n_real_reviews": 5584,
  "overlap_aspects": [
    "accessibility",
    "exam_fairness",
    "lecturer_quality",
    "materials",
    "organization",
    "overall_experience",
    "workload"
  ]
}

=== stderr ===

