=== stdout ===
[2026-06-04T17:17:53.656291+00:00] Resume signature mismatch at /app/paper/real_transfer/resume_real_transfer.json; starting a fresh checkpoint
[2026-06-04T17:17:53.656695+00:00] Detailed log file -> /app/paper/benchmark_outputs/logs/real_transfer_20260604T171753Z.log
[2026-06-04T17:17:53.656742+00:00] Resume checkpoint -> /app/paper/real_transfer/resume_real_transfer.json
[2026-06-04T17:17:54.243051+00:00] Loaded pre-mapped real JSONL (5584 rows) from /app/external_data/edurabsa_all_mapped.jsonl
[2026-06-04T17:17:54.514679+00:00] [bert-base-uncased] transfer evaluation start
[2026-06-04T17:17:54.514986+00:00] [bert-base-uncased:detection] acquired GPU training lock -> /app/paper/benchmark_outputs/gpu_training.lock
[2026-06-04T17:17:57.531645+00:00] [bert-base-uncased] detection training start: train_rows=2317 val_rows=289 epochs=3 batch_size=8 device=cuda
[2026-06-04T17:18:30.376742+00:00] [bert-base-uncased] detection epoch 1/3: train_loss=1.0974 val_micro_f1=0.4514 val_macro_f1=0.4634 best_macro_f1=0.4634 patience=0 epoch_seconds=32.8
[2026-06-04T17:19:03.264254+00:00] [bert-base-uncased] detection epoch 2/3: train_loss=0.9110 val_micro_f1=0.5098 val_macro_f1=0.5494 best_macro_f1=0.5494 patience=0 epoch_seconds=32.7
[2026-06-04T17:19:36.295619+00:00] [bert-base-uncased] detection epoch 3/3: train_loss=0.8232 val_micro_f1=0.4995 val_macro_f1=0.5259 best_macro_f1=0.5494 patience=0 epoch_seconds=32.9
[2026-06-04T17:19:36.348221+00:00] [bert-base-uncased] detection training complete: best_macro_f1=0.5494
[2026-06-04T17:19:36.348739+00:00] [bert-base-uncased:detection] released GPU training lock
[2026-06-04T17:19:36.351439+00:00] [bert-base-uncased:sentiment] acquired GPU training lock -> /app/paper/benchmark_outputs/gpu_training.lock
[2026-06-04T17:19:36.735697+00:00] [bert-base-uncased] sentiment training start: train_rows=2317 val_rows=289 epochs=3 batch_size=8 device=cuda
[2026-06-04T17:20:09.718796+00:00] [bert-base-uncased] sentiment epoch 1/3: train_loss=0.7050 val_mse=0.6454 best_val_mse=0.6454 patience=0 epoch_seconds=33.0
[2026-06-04T17:20:42.805538+00:00] [bert-base-uncased] sentiment epoch 2/3: train_loss=0.4895 val_mse=0.5229 best_val_mse=0.5229 patience=0 epoch_seconds=33.1
[2026-06-04T17:21:16.049679+00:00] [bert-base-uncased] sentiment epoch 3/3: train_loss=0.3136 val_mse=0.4673 best_val_mse=0.4673 patience=0 epoch_seconds=33.1
[2026-06-04T17:21:16.134090+00:00] [bert-base-uncased] sentiment training complete: best_val_mse=0.4673
[2026-06-04T17:21:16.134614+00:00] [bert-base-uncased:sentiment] released GPU training lock
[2026-06-04T17:22:05.239653+00:00] [bert-base-uncased] transfer evaluation complete: micro_f1=0.3498 sentiment_mse=0.4354
{
  "real_jsonl": "/app/paper/real_transfer/herath_mapped_real_reviews.jsonl",
  "overlap_summary": "/app/paper/real_transfer/herath_overlap_summary.csv",
  "summary": "/app/paper/real_transfer/synthetic_to_real_transfer_summary.csv",
  "per_aspect": "/app/paper/real_transfer/synthetic_to_real_transfer_per_aspect.csv",
  "run_dir": "/app/paper/real_transfer/runs/synthetic_to_real_transfer_20260604T172205Z",
  "n_real_reviews": 5584,
  "overlap_aspects": [
    "accessibility",
    "exam_fairness",
    "lecturer_quality",
    "materials",
    "organization",
    "overall_experience",
    "workload"
  ]
}

=== stderr ===

