=== stdout ===
[2026-06-04T17:25:37.649653+00:00] Resume signature mismatch at /app/paper/real_transfer/resume_real_transfer.json; starting a fresh checkpoint
[2026-06-04T17:25:37.650035+00:00] Detailed log file -> /app/paper/benchmark_outputs/logs/real_transfer_20260604T172537Z.log
[2026-06-04T17:25:37.650079+00:00] Resume checkpoint -> /app/paper/real_transfer/resume_real_transfer.json
[2026-06-04T17:25:37.988192+00:00] Loaded pre-mapped real JSONL (5584 rows) from /app/external_data/edurabsa_all_mapped.jsonl
[2026-06-04T17:25:38.159018+00:00] [bert-base-uncased] transfer evaluation start
[2026-06-04T17:25:38.159322+00:00] [bert-base-uncased:detection] acquired GPU training lock -> /app/paper/benchmark_outputs/gpu_training.lock
[2026-06-04T17:25:40.533141+00:00] [bert-base-uncased] detection training start: train_rows=986 val_rows=123 epochs=3 batch_size=8 device=cuda
[2026-06-04T17:25:54.502114+00:00] [bert-base-uncased] detection epoch 1/3: train_loss=1.1578 val_micro_f1=0.2907 val_macro_f1=0.1940 best_macro_f1=0.1940 patience=0 epoch_seconds=14.0
[2026-06-04T17:26:08.373077+00:00] [bert-base-uncased] detection epoch 2/3: train_loss=1.1282 val_micro_f1=0.2729 val_macro_f1=0.2569 best_macro_f1=0.2569 patience=0 epoch_seconds=13.7
[2026-06-04T17:26:22.266072+00:00] [bert-base-uncased] detection epoch 3/3: train_loss=1.0620 val_micro_f1=0.3385 val_macro_f1=0.3363 best_macro_f1=0.3363 patience=0 epoch_seconds=13.7
[2026-06-04T17:26:22.384223+00:00] [bert-base-uncased] detection training complete: best_macro_f1=0.3363
[2026-06-04T17:26:22.384637+00:00] [bert-base-uncased:detection] released GPU training lock
[2026-06-04T17:26:22.387152+00:00] [bert-base-uncased:sentiment] acquired GPU training lock -> /app/paper/benchmark_outputs/gpu_training.lock
[2026-06-04T17:26:22.934316+00:00] [bert-base-uncased] sentiment training start: train_rows=986 val_rows=123 epochs=3 batch_size=8 device=cuda
[2026-06-04T17:26:36.672918+00:00] [bert-base-uncased] sentiment epoch 1/3: train_loss=0.5003 val_mse=0.4582 best_val_mse=0.4582 patience=0 epoch_seconds=13.7
[2026-06-04T17:26:50.445948+00:00] [bert-base-uncased] sentiment epoch 2/3: train_loss=0.4380 val_mse=0.4896 best_val_mse=0.4582 patience=0 epoch_seconds=13.7
[2026-06-04T17:27:04.195899+00:00] [bert-base-uncased] sentiment epoch 3/3: train_loss=0.3666 val_mse=0.4783 best_val_mse=0.4582 patience=1 epoch_seconds=13.7
[2026-06-04T17:27:04.199483+00:00] [bert-base-uncased] sentiment early stop at epoch 3
[2026-06-04T17:27:04.249234+00:00] [bert-base-uncased] sentiment training complete: best_val_mse=0.4582
[2026-06-04T17:27:04.249623+00:00] [bert-base-uncased:sentiment] released GPU training lock
[2026-06-04T17:27:51.633240+00:00] [bert-base-uncased] transfer evaluation complete: micro_f1=0.3544 sentiment_mse=0.8443
{
  "real_jsonl": "/app/paper/real_transfer/herath_mapped_real_reviews.jsonl",
  "overlap_summary": "/app/paper/real_transfer/herath_overlap_summary.csv",
  "summary": "/app/paper/real_transfer/synthetic_to_real_transfer_summary.csv",
  "per_aspect": "/app/paper/real_transfer/synthetic_to_real_transfer_per_aspect.csv",
  "run_dir": "/app/paper/real_transfer/runs/synthetic_to_real_transfer_20260604T172751Z",
  "n_real_reviews": 5584,
  "overlap_aspects": [
    "accessibility",
    "exam_fairness",
    "lecturer_quality",
    "materials",
    "organization",
    "overall_experience",
    "workload"
  ]
}

=== stderr ===

