=== stdout ===
[2026-06-04T17:02:47.159973+00:00] Resume signature mismatch at /app/paper/real_transfer/resume_real_transfer.json; starting a fresh checkpoint
[2026-06-04T17:02:47.160626+00:00] Detailed log file -> /app/paper/benchmark_outputs/logs/real_transfer_20260604T170247Z.log
[2026-06-04T17:02:47.160678+00:00] Resume checkpoint -> /app/paper/real_transfer/resume_real_transfer.json
[2026-06-04T17:02:50.985539+00:00] [bert-base-uncased] transfer evaluation start
[2026-06-04T17:02:50.986190+00:00] [bert-base-uncased:detection] acquired GPU training lock -> /app/paper/benchmark_outputs/gpu_training.lock
[2026-06-04T17:02:55.389350+00:00] [bert-base-uncased] detection training start: train_rows=2729 val_rows=341 epochs=3 batch_size=8 device=cuda
[2026-06-04T17:03:26.989067+00:00] [bert-base-uncased] detection epoch 1/3: train_loss=1.0995 val_micro_f1=0.3895 val_macro_f1=0.4366 best_macro_f1=0.4366 patience=0 epoch_seconds=31.6
[2026-06-04T17:03:58.374840+00:00] [bert-base-uncased] detection epoch 2/3: train_loss=0.9068 val_micro_f1=0.4456 val_macro_f1=0.4875 best_macro_f1=0.4875 patience=0 epoch_seconds=31.2
[2026-06-04T17:04:29.899684+00:00] [bert-base-uncased] detection epoch 3/3: train_loss=0.8075 val_micro_f1=0.4426 val_macro_f1=0.4699 best_macro_f1=0.4875 patience=0 epoch_seconds=31.4
[2026-06-04T17:04:29.948673+00:00] [bert-base-uncased] detection training complete: best_macro_f1=0.4875
[2026-06-04T17:04:29.949220+00:00] [bert-base-uncased:detection] released GPU training lock
[2026-06-04T17:04:29.953091+00:00] [bert-base-uncased:sentiment] acquired GPU training lock -> /app/paper/benchmark_outputs/gpu_training.lock
[2026-06-04T17:04:30.815693+00:00] [bert-base-uncased] sentiment training start: train_rows=2729 val_rows=341 epochs=3 batch_size=8 device=cuda
[2026-06-04T17:05:02.234540+00:00] [bert-base-uncased] sentiment epoch 1/3: train_loss=0.7024 val_mse=0.6254 best_val_mse=0.6254 patience=0 epoch_seconds=31.4
[2026-06-04T17:05:33.666234+00:00] [bert-base-uncased] sentiment epoch 2/3: train_loss=0.4819 val_mse=0.4901 best_val_mse=0.4901 patience=0 epoch_seconds=31.4
[2026-06-04T17:06:05.181872+00:00] [bert-base-uncased] sentiment epoch 3/3: train_loss=0.3107 val_mse=0.4522 best_val_mse=0.4522 patience=0 epoch_seconds=31.4
[2026-06-04T17:06:05.276147+00:00] [bert-base-uncased] sentiment training complete: best_val_mse=0.4522
[2026-06-04T17:06:05.276814+00:00] [bert-base-uncased:sentiment] released GPU training lock
[2026-06-04T17:06:24.504226+00:00] [bert-base-uncased] transfer evaluation complete: micro_f1=0.2612 sentiment_mse=0.4146
{
  "real_jsonl": "/app/paper/real_transfer/herath_mapped_real_reviews.jsonl",
  "overlap_summary": "/app/paper/real_transfer/herath_overlap_summary.csv",
  "summary": "/app/paper/real_transfer/synthetic_to_real_transfer_summary.csv",
  "per_aspect": "/app/paper/real_transfer/synthetic_to_real_transfer_per_aspect.csv",
  "run_dir": "/app/paper/real_transfer/runs/synthetic_to_real_transfer_20260604T170624Z",
  "n_real_reviews": 2829,
  "overlap_aspects": [
    "accessibility",
    "assessment_design",
    "exam_fairness",
    "grading_transparency",
    "lecturer_quality",
    "materials",
    "organization",
    "overall_experience",
    "workload"
  ]
}

=== stderr ===

