=== stdout ===
[2026-06-04T18:00:19.462395+00:00] Resume signature mismatch at /app/paper/real_transfer/resume_real_transfer.json; starting a fresh checkpoint
[2026-06-04T18:00:19.464049+00:00] Detailed log file -> /app/paper/benchmark_outputs/logs/real_transfer_20260604T180019Z.log
[2026-06-04T18:00:19.464108+00:00] Resume checkpoint -> /app/paper/real_transfer/resume_real_transfer.json
[2026-06-04T18:00:19.791219+00:00] Loaded pre-mapped real JSONL (5584 rows) from /app/external_data/edurabsa_all_mapped.jsonl
[2026-06-04T18:00:19.961656+00:00] [distilbert-base-uncased] transfer evaluation start
[2026-06-04T18:00:19.963014+00:00] [distilbert-base-uncased:detection] acquired GPU training lock -> /app/paper/benchmark_outputs/gpu_training.lock
[2026-06-04T18:00:22.317287+00:00] [distilbert-base-uncased] detection training start: train_rows=986 val_rows=123 epochs=3 batch_size=8 device=cuda
[2026-06-04T18:00:30.055710+00:00] [distilbert-base-uncased] detection epoch 1/3: train_loss=1.1545 val_micro_f1=0.1841 val_macro_f1=0.0728 best_macro_f1=0.0728 patience=0 epoch_seconds=7.7
[2026-06-04T18:00:37.463424+00:00] [distilbert-base-uncased] detection epoch 2/3: train_loss=1.1404 val_micro_f1=0.2759 val_macro_f1=0.2137 best_macro_f1=0.2137 patience=0 epoch_seconds=7.2
[2026-06-04T18:00:44.851483+00:00] [distilbert-base-uncased] detection epoch 3/3: train_loss=1.1049 val_micro_f1=0.3036 val_macro_f1=0.2423 best_macro_f1=0.2423 patience=0 epoch_seconds=7.2
[2026-06-04T18:00:44.997943+00:00] [distilbert-base-uncased] detection training complete: best_macro_f1=0.2423
[2026-06-04T18:00:44.998418+00:00] [distilbert-base-uncased:detection] released GPU training lock
[2026-06-04T18:00:45.005780+00:00] [distilbert-base-uncased:sentiment] acquired GPU training lock -> /app/paper/benchmark_outputs/gpu_training.lock
[2026-06-04T18:00:45.470192+00:00] [distilbert-base-uncased] sentiment training start: train_rows=986 val_rows=123 epochs=3 batch_size=8 device=cuda
[2026-06-04T18:00:52.710330+00:00] [distilbert-base-uncased] sentiment epoch 1/3: train_loss=0.4774 val_mse=0.5321 best_val_mse=0.5321 patience=0 epoch_seconds=7.2
[2026-06-04T18:01:00.018750+00:00] [distilbert-base-uncased] sentiment epoch 2/3: train_loss=0.4473 val_mse=0.4847 best_val_mse=0.4847 patience=0 epoch_seconds=7.3
[2026-06-04T18:01:07.421746+00:00] [distilbert-base-uncased] sentiment epoch 3/3: train_loss=0.3890 val_mse=0.4865 best_val_mse=0.4847 patience=0 epoch_seconds=7.2
[2026-06-04T18:01:07.464133+00:00] [distilbert-base-uncased] sentiment training complete: best_val_mse=0.4847
[2026-06-04T18:01:07.464677+00:00] [distilbert-base-uncased:sentiment] released GPU training lock
[2026-06-04T18:01:32.493358+00:00] [distilbert-base-uncased] transfer evaluation complete: micro_f1=0.3554 sentiment_mse=0.9084
{
  "real_jsonl": "/app/paper/real_transfer/herath_mapped_real_reviews.jsonl",
  "overlap_summary": "/app/paper/real_transfer/herath_overlap_summary.csv",
  "summary": "/app/paper/real_transfer/synthetic_to_real_transfer_summary.csv",
  "per_aspect": "/app/paper/real_transfer/synthetic_to_real_transfer_per_aspect.csv",
  "run_dir": "/app/paper/real_transfer/runs/synthetic_to_real_transfer_20260604T180132Z",
  "n_real_reviews": 5584,
  "overlap_aspects": [
    "accessibility",
    "exam_fairness",
    "lecturer_quality",
    "materials",
    "organization",
    "overall_experience",
    "workload"
  ]
}

=== stderr ===

