=== stdout ===
[2026-06-04T17:15:15.363123+00:00] Detailed log file -> /app/paper/benchmark_outputs/logs/real_transfer_20260604T171515Z.log
[2026-06-04T17:15:15.363180+00:00] Resume checkpoint -> /app/paper/real_transfer/resume_real_transfer.json
[2026-06-04T17:15:15.749122+00:00] Loaded pre-mapped real JSONL (5584 rows) from /app/external_data/edurabsa_all_mapped.jsonl
[2026-06-04T17:15:15.925472+00:00] [bert-base-uncased] transfer evaluation start
[2026-06-04T17:15:15.925686+00:00] [bert-base-uncased:detection] acquired GPU training lock -> /app/paper/benchmark_outputs/gpu_training.lock
[2026-06-04T17:15:23.233891+00:00] [bert-base-uncased] detection training start: train_rows=1016 val_rows=127 epochs=3 batch_size=8 device=cuda
[2026-06-04T17:15:37.734595+00:00] [bert-base-uncased] detection epoch 1/3: train_loss=1.1337 val_micro_f1=0.3894 val_macro_f1=0.4034 best_macro_f1=0.4034 patience=0 epoch_seconds=14.5
[2026-06-04T17:15:51.805692+00:00] [bert-base-uncased] detection epoch 2/3: train_loss=0.9047 val_micro_f1=0.4295 val_macro_f1=0.4710 best_macro_f1=0.4710 patience=0 epoch_seconds=13.9
[2026-06-04T17:16:05.952814+00:00] [bert-base-uncased] detection epoch 3/3: train_loss=0.7771 val_micro_f1=0.4667 val_macro_f1=0.4920 best_macro_f1=0.4920 patience=0 epoch_seconds=14.0
[2026-06-04T17:16:06.068387+00:00] [bert-base-uncased] detection training complete: best_macro_f1=0.4920
[2026-06-04T17:16:06.068764+00:00] [bert-base-uncased:detection] released GPU training lock
[2026-06-04T17:16:06.071226+00:00] [bert-base-uncased:sentiment] acquired GPU training lock -> /app/paper/benchmark_outputs/gpu_training.lock
[2026-06-04T17:16:06.661699+00:00] [bert-base-uncased] sentiment training start: train_rows=1016 val_rows=127 epochs=3 batch_size=8 device=cuda
[2026-06-04T17:16:20.704149+00:00] [bert-base-uncased] sentiment epoch 1/3: train_loss=0.7525 val_mse=0.6540 best_val_mse=0.6540 patience=0 epoch_seconds=14.0
[2026-06-04T17:16:34.745754+00:00] [bert-base-uncased] sentiment epoch 2/3: train_loss=0.5819 val_mse=0.4115 best_val_mse=0.4115 patience=0 epoch_seconds=14.0
[2026-06-04T17:16:48.875624+00:00] [bert-base-uncased] sentiment epoch 3/3: train_loss=0.3489 val_mse=0.4546 best_val_mse=0.4115 patience=0 epoch_seconds=14.0
[2026-06-04T17:16:48.925883+00:00] [bert-base-uncased] sentiment training complete: best_val_mse=0.4115
[2026-06-04T17:16:48.926334+00:00] [bert-base-uncased:sentiment] released GPU training lock
[2026-06-04T17:17:35.395492+00:00] [bert-base-uncased] transfer evaluation complete: micro_f1=0.3990 sentiment_mse=0.5365
{
  "real_jsonl": "/app/paper/real_transfer/herath_mapped_real_reviews.jsonl",
  "overlap_summary": "/app/paper/real_transfer/herath_overlap_summary.csv",
  "summary": "/app/paper/real_transfer/synthetic_to_real_transfer_summary.csv",
  "per_aspect": "/app/paper/real_transfer/synthetic_to_real_transfer_per_aspect.csv",
  "run_dir": "/app/paper/real_transfer/runs/synthetic_to_real_transfer_20260604T171735Z",
  "n_real_reviews": 5584,
  "overlap_aspects": [
    "accessibility",
    "exam_fairness",
    "lecturer_quality",
    "materials",
    "organization",
    "overall_experience",
    "workload"
  ]
}

=== stderr ===

