=== stdout ===
[2026-06-04T17:56:10.030211+00:00] Resume signature mismatch at /app/paper/real_transfer/resume_real_transfer.json; starting a fresh checkpoint
[2026-06-04T17:56:10.030618+00:00] Detailed log file -> /app/paper/benchmark_outputs/logs/real_transfer_20260604T175610Z.log
[2026-06-04T17:56:10.030671+00:00] Resume checkpoint -> /app/paper/real_transfer/resume_real_transfer.json
[2026-06-04T17:56:10.613341+00:00] Loaded pre-mapped real JSONL (5584 rows) from /app/external_data/edurabsa_all_mapped.jsonl
[2026-06-04T17:56:10.884649+00:00] [distilbert-base-uncased] transfer evaluation start
[2026-06-04T17:56:10.884977+00:00] [distilbert-base-uncased:detection] acquired GPU training lock -> /app/paper/benchmark_outputs/gpu_training.lock
[2026-06-04T17:56:13.932790+00:00] [distilbert-base-uncased] detection training start: train_rows=2317 val_rows=289 epochs=3 batch_size=8 device=cuda
[2026-06-04T17:56:31.393243+00:00] [distilbert-base-uncased] detection epoch 1/3: train_loss=1.0674 val_micro_f1=0.4879 val_macro_f1=0.5182 best_macro_f1=0.5182 patience=0 epoch_seconds=17.5
[2026-06-04T17:56:48.661408+00:00] [distilbert-base-uncased] detection epoch 2/3: train_loss=0.8855 val_micro_f1=0.5124 val_macro_f1=0.5460 best_macro_f1=0.5460 patience=0 epoch_seconds=17.2
[2026-06-04T17:57:05.902047+00:00] [distilbert-base-uncased] detection epoch 3/3: train_loss=0.8093 val_micro_f1=0.4964 val_macro_f1=0.5174 best_macro_f1=0.5460 patience=0 epoch_seconds=17.1
[2026-06-04T17:57:05.933103+00:00] [distilbert-base-uncased] detection training complete: best_macro_f1=0.5460
[2026-06-04T17:57:05.933665+00:00] [distilbert-base-uncased:detection] released GPU training lock
[2026-06-04T17:57:05.935815+00:00] [distilbert-base-uncased:sentiment] acquired GPU training lock -> /app/paper/benchmark_outputs/gpu_training.lock
[2026-06-04T17:57:06.383647+00:00] [distilbert-base-uncased] sentiment training start: train_rows=2317 val_rows=289 epochs=3 batch_size=8 device=cuda
[2026-06-04T17:57:23.579175+00:00] [distilbert-base-uncased] sentiment epoch 1/3: train_loss=0.7091 val_mse=0.6328 best_val_mse=0.6328 patience=0 epoch_seconds=17.2
[2026-06-04T17:57:40.733246+00:00] [distilbert-base-uncased] sentiment epoch 2/3: train_loss=0.5401 val_mse=0.5480 best_val_mse=0.5480 patience=0 epoch_seconds=17.1
[2026-06-04T17:57:58.005070+00:00] [distilbert-base-uncased] sentiment epoch 3/3: train_loss=0.3620 val_mse=0.4744 best_val_mse=0.4744 patience=0 epoch_seconds=17.2
[2026-06-04T17:57:58.056224+00:00] [distilbert-base-uncased] sentiment training complete: best_val_mse=0.4744
[2026-06-04T17:57:58.056657+00:00] [distilbert-base-uncased:sentiment] released GPU training lock
[2026-06-04T17:58:23.443231+00:00] [distilbert-base-uncased] transfer evaluation complete: micro_f1=0.4408 sentiment_mse=0.4778
{
  "real_jsonl": "/app/paper/real_transfer/herath_mapped_real_reviews.jsonl",
  "overlap_summary": "/app/paper/real_transfer/herath_overlap_summary.csv",
  "summary": "/app/paper/real_transfer/synthetic_to_real_transfer_summary.csv",
  "per_aspect": "/app/paper/real_transfer/synthetic_to_real_transfer_per_aspect.csv",
  "run_dir": "/app/paper/real_transfer/runs/synthetic_to_real_transfer_20260604T175823Z",
  "n_real_reviews": 5584,
  "overlap_aspects": [
    "accessibility",
    "exam_fairness",
    "lecturer_quality",
    "materials",
    "organization",
    "overall_experience",
    "workload"
  ]
}

=== stderr ===

