=== stdout ===
[2026-06-04T17:58:31.307007+00:00] Resume signature mismatch at /app/paper/real_transfer/resume_real_transfer.json; starting a fresh checkpoint
[2026-06-04T17:58:31.307365+00:00] Detailed log file -> /app/paper/benchmark_outputs/logs/real_transfer_20260604T175831Z.log
[2026-06-04T17:58:31.307400+00:00] Resume checkpoint -> /app/paper/real_transfer/resume_real_transfer.json
[2026-06-04T17:58:32.365993+00:00] Loaded pre-mapped real JSONL (5584 rows) from /app/external_data/edurabsa_all_mapped.jsonl
[2026-06-04T17:58:32.834628+00:00] [distilbert-base-uncased] transfer evaluation start
[2026-06-04T17:58:32.834869+00:00] [distilbert-base-uncased:detection] acquired GPU training lock -> /app/paper/benchmark_outputs/gpu_training.lock
[2026-06-04T17:58:37.867787+00:00] [distilbert-base-uncased] detection training start: train_rows=4609 val_rows=576 epochs=3 batch_size=8 device=cuda
[2026-06-04T17:59:12.390561+00:00] [distilbert-base-uncased] detection epoch 1/3: train_loss=1.0602 val_micro_f1=0.4251 val_macro_f1=0.4542 best_macro_f1=0.4542 patience=0 epoch_seconds=34.5
[2026-06-04T17:59:46.786219+00:00] [distilbert-base-uncased] detection epoch 2/3: train_loss=0.9565 val_micro_f1=0.4384 val_macro_f1=0.4550 best_macro_f1=0.4550 patience=0 epoch_seconds=34.3
[2026-06-04T18:00:21.230613+00:00] [distilbert-base-uncased] detection epoch 3/3: train_loss=0.9013 val_micro_f1=0.4142 val_macro_f1=0.4324 best_macro_f1=0.4550 patience=0 epoch_seconds=34.3
[2026-06-04T18:00:21.263808+00:00] [distilbert-base-uncased] detection training complete: best_macro_f1=0.4550
[2026-06-04T18:00:21.264460+00:00] [distilbert-base-uncased:detection] released GPU training lock
[2026-06-04T18:00:21.267156+00:00] [distilbert-base-uncased:sentiment] acquired GPU training lock -> /app/paper/benchmark_outputs/gpu_training.lock
[2026-06-04T18:00:21.712734+00:00] [distilbert-base-uncased] sentiment training start: train_rows=4609 val_rows=576 epochs=3 batch_size=8 device=cuda
[2026-06-04T18:00:56.204583+00:00] [distilbert-base-uncased] sentiment epoch 1/3: train_loss=0.6579 val_mse=0.5953 best_val_mse=0.5953 patience=0 epoch_seconds=34.5
[2026-06-04T18:01:30.778159+00:00] [distilbert-base-uncased] sentiment epoch 2/3: train_loss=0.5064 val_mse=0.5508 best_val_mse=0.5508 patience=0 epoch_seconds=34.5
[2026-06-04T18:02:05.307553+00:00] [distilbert-base-uncased] sentiment epoch 3/3: train_loss=0.3908 val_mse=0.5252 best_val_mse=0.5252 patience=0 epoch_seconds=34.4
[2026-06-04T18:02:05.366576+00:00] [distilbert-base-uncased] sentiment training complete: best_val_mse=0.5252
[2026-06-04T18:02:05.367209+00:00] [distilbert-base-uncased:sentiment] released GPU training lock
[2026-06-04T18:02:31.985871+00:00] [distilbert-base-uncased] transfer evaluation complete: micro_f1=0.4593 sentiment_mse=0.4594
{
  "real_jsonl": "/app/paper/real_transfer/herath_mapped_real_reviews.jsonl",
  "overlap_summary": "/app/paper/real_transfer/herath_overlap_summary.csv",
  "summary": "/app/paper/real_transfer/synthetic_to_real_transfer_summary.csv",
  "per_aspect": "/app/paper/real_transfer/synthetic_to_real_transfer_per_aspect.csv",
  "run_dir": "/app/paper/real_transfer/runs/synthetic_to_real_transfer_20260604T180231Z",
  "n_real_reviews": 5584,
  "overlap_aspects": [
    "accessibility",
    "exam_fairness",
    "lecturer_quality",
    "materials",
    "organization",
    "overall_experience",
    "workload"
  ]
}

=== stderr ===

