=== stdout ===
[2026-06-04T17:38:39.304356+00:00] Detailed log file -> /app/paper/benchmark_outputs/logs/real_transfer_20260604T173839Z.log
[2026-06-04T17:38:39.304436+00:00] Resume checkpoint -> /app/paper/real_transfer/resume_real_transfer.json
[2026-06-04T17:38:39.675131+00:00] Loaded pre-mapped real JSONL (5584 rows) from /app/external_data/edurabsa_all_mapped.jsonl
[2026-06-04T17:38:39.857313+00:00] [bert-base-uncased] transfer evaluation start
[2026-06-04T17:38:39.857589+00:00] [bert-base-uncased:detection] acquired GPU training lock -> /app/paper/benchmark_outputs/gpu_training.lock
[2026-06-04T17:38:46.370212+00:00] [bert-base-uncased] detection training start: train_rows=1016 val_rows=127 epochs=3 batch_size=8 device=cuda
[2026-06-04T17:39:01.018821+00:00] [bert-base-uncased] detection epoch 1/3: train_loss=1.1102 val_micro_f1=0.3615 val_macro_f1=0.4066 best_macro_f1=0.4066 patience=0 epoch_seconds=14.6
[2026-06-04T17:39:15.528437+00:00] [bert-base-uncased] detection epoch 2/3: train_loss=0.9005 val_micro_f1=0.4412 val_macro_f1=0.4617 best_macro_f1=0.4617 patience=0 epoch_seconds=14.2
[2026-06-04T17:39:29.913437+00:00] [bert-base-uncased] detection epoch 3/3: train_loss=0.7740 val_micro_f1=0.4556 val_macro_f1=0.5282 best_macro_f1=0.5282 patience=0 epoch_seconds=14.2
[2026-06-04T17:39:30.109486+00:00] [bert-base-uncased] detection training complete: best_macro_f1=0.5282
[2026-06-04T17:39:30.109765+00:00] [bert-base-uncased:detection] released GPU training lock
[2026-06-04T17:39:30.115377+00:00] [bert-base-uncased:sentiment] acquired GPU training lock -> /app/paper/benchmark_outputs/gpu_training.lock
[2026-06-04T17:39:30.667874+00:00] [bert-base-uncased] sentiment training start: train_rows=1016 val_rows=127 epochs=3 batch_size=8 device=cuda
[2026-06-04T17:39:44.881720+00:00] [bert-base-uncased] sentiment epoch 1/3: train_loss=0.7381 val_mse=0.6527 best_val_mse=0.6527 patience=0 epoch_seconds=14.2
[2026-06-04T17:39:59.185618+00:00] [bert-base-uncased] sentiment epoch 2/3: train_loss=0.5603 val_mse=0.4051 best_val_mse=0.4051 patience=0 epoch_seconds=14.3
[2026-06-04T17:40:13.721312+00:00] [bert-base-uncased] sentiment epoch 3/3: train_loss=0.3144 val_mse=0.4552 best_val_mse=0.4051 patience=0 epoch_seconds=14.3
[2026-06-04T17:40:13.798388+00:00] [bert-base-uncased] sentiment training complete: best_val_mse=0.4051
[2026-06-04T17:40:13.798818+00:00] [bert-base-uncased:sentiment] released GPU training lock
[2026-06-04T17:41:01.302637+00:00] [bert-base-uncased] transfer evaluation complete: micro_f1=0.3413 sentiment_mse=0.4828
{
  "real_jsonl": "/app/paper/real_transfer/herath_mapped_real_reviews.jsonl",
  "overlap_summary": "/app/paper/real_transfer/herath_overlap_summary.csv",
  "summary": "/app/paper/real_transfer/synthetic_to_real_transfer_summary.csv",
  "per_aspect": "/app/paper/real_transfer/synthetic_to_real_transfer_per_aspect.csv",
  "run_dir": "/app/paper/real_transfer/runs/synthetic_to_real_transfer_20260604T174101Z",
  "n_real_reviews": 5584,
  "overlap_aspects": [
    "accessibility",
    "exam_fairness",
    "lecturer_quality",
    "materials",
    "organization",
    "overall_experience",
    "workload"
  ]
}

=== stderr ===

