=== stdout ===
[2026-06-04T17:41:09.397385+00:00] Resume signature mismatch at /app/paper/real_transfer/resume_real_transfer.json; starting a fresh checkpoint
[2026-06-04T17:41:09.397774+00:00] Detailed log file -> /app/paper/benchmark_outputs/logs/real_transfer_20260604T174109Z.log
[2026-06-04T17:41:09.397821+00:00] Resume checkpoint -> /app/paper/real_transfer/resume_real_transfer.json
[2026-06-04T17:41:09.749573+00:00] Loaded pre-mapped real JSONL (5584 rows) from /app/external_data/edurabsa_all_mapped.jsonl
[2026-06-04T17:41:09.932217+00:00] [bert-base-uncased] transfer evaluation start
[2026-06-04T17:41:09.932565+00:00] [bert-base-uncased:detection] acquired GPU training lock -> /app/paper/benchmark_outputs/gpu_training.lock
[2026-06-04T17:41:12.371990+00:00] [bert-base-uncased] detection training start: train_rows=986 val_rows=123 epochs=3 batch_size=8 device=cuda
[2026-06-04T17:41:26.288305+00:00] [bert-base-uncased] detection epoch 1/3: train_loss=1.1578 val_micro_f1=0.1971 val_macro_f1=0.1039 best_macro_f1=0.1039 patience=0 epoch_seconds=13.9
[2026-06-04T17:41:40.157771+00:00] [bert-base-uncased] detection epoch 2/3: train_loss=1.1317 val_micro_f1=0.2433 val_macro_f1=0.2020 best_macro_f1=0.2020 patience=0 epoch_seconds=13.7
[2026-06-04T17:41:54.217696+00:00] [bert-base-uncased] detection epoch 3/3: train_loss=1.0722 val_micro_f1=0.2382 val_macro_f1=0.1876 best_macro_f1=0.2020 patience=0 epoch_seconds=13.8
[2026-06-04T17:41:54.284948+00:00] [bert-base-uncased] detection training complete: best_macro_f1=0.2020
[2026-06-04T17:41:54.285471+00:00] [bert-base-uncased:detection] released GPU training lock
[2026-06-04T17:41:54.293491+00:00] [bert-base-uncased:sentiment] acquired GPU training lock -> /app/paper/benchmark_outputs/gpu_training.lock
[2026-06-04T17:41:54.869717+00:00] [bert-base-uncased] sentiment training start: train_rows=986 val_rows=123 epochs=3 batch_size=8 device=cuda
[2026-06-04T17:42:08.689011+00:00] [bert-base-uncased] sentiment epoch 1/3: train_loss=0.4780 val_mse=0.5597 best_val_mse=0.5597 patience=0 epoch_seconds=13.8
[2026-06-04T17:42:22.584988+00:00] [bert-base-uncased] sentiment epoch 2/3: train_loss=0.4302 val_mse=0.5617 best_val_mse=0.5597 patience=0 epoch_seconds=13.8
[2026-06-04T17:42:36.455861+00:00] [bert-base-uncased] sentiment epoch 3/3: train_loss=0.3754 val_mse=0.5623 best_val_mse=0.5597 patience=1 epoch_seconds=13.9
[2026-06-04T17:42:36.455988+00:00] [bert-base-uncased] sentiment early stop at epoch 3
[2026-06-04T17:42:36.507814+00:00] [bert-base-uncased] sentiment training complete: best_val_mse=0.5597
[2026-06-04T17:42:36.508105+00:00] [bert-base-uncased:sentiment] released GPU training lock
[2026-06-04T17:43:24.087776+00:00] [bert-base-uncased] transfer evaluation complete: micro_f1=0.4163 sentiment_mse=0.8646
{
  "real_jsonl": "/app/paper/real_transfer/herath_mapped_real_reviews.jsonl",
  "overlap_summary": "/app/paper/real_transfer/herath_overlap_summary.csv",
  "summary": "/app/paper/real_transfer/synthetic_to_real_transfer_summary.csv",
  "per_aspect": "/app/paper/real_transfer/synthetic_to_real_transfer_per_aspect.csv",
  "run_dir": "/app/paper/real_transfer/runs/synthetic_to_real_transfer_20260604T174324Z",
  "n_real_reviews": 5584,
  "overlap_aspects": [
    "accessibility",
    "exam_fairness",
    "lecturer_quality",
    "materials",
    "organization",
    "overall_experience",
    "workload"
  ]
}

=== stderr ===

