=== stdout ===
[2026-06-04T17:43:07.262951+00:00] Resume signature mismatch at /app/paper/real_transfer/resume_real_transfer.json; starting a fresh checkpoint
[2026-06-04T17:43:07.263416+00:00] Detailed log file -> /app/paper/benchmark_outputs/logs/real_transfer_20260604T174307Z.log
[2026-06-04T17:43:07.263490+00:00] Resume checkpoint -> /app/paper/real_transfer/resume_real_transfer.json
[2026-06-04T17:43:07.869289+00:00] Loaded pre-mapped real JSONL (5584 rows) from /app/external_data/edurabsa_all_mapped.jsonl
[2026-06-04T17:43:08.140866+00:00] [bert-base-uncased] transfer evaluation start
[2026-06-04T17:43:08.141218+00:00] [bert-base-uncased:detection] acquired GPU training lock -> /app/paper/benchmark_outputs/gpu_training.lock
[2026-06-04T17:43:11.352095+00:00] [bert-base-uncased] detection training start: train_rows=2337 val_rows=291 epochs=3 batch_size=8 device=cuda
[2026-06-04T17:43:45.029048+00:00] [bert-base-uncased] detection epoch 1/3: train_loss=1.0964 val_micro_f1=0.4114 val_macro_f1=0.4369 best_macro_f1=0.4369 patience=0 epoch_seconds=33.7
[2026-06-04T17:44:18.704022+00:00] [bert-base-uncased] detection epoch 2/3: train_loss=0.9857 val_micro_f1=0.4261 val_macro_f1=0.4640 best_macro_f1=0.4640 patience=0 epoch_seconds=33.5
[2026-06-04T17:44:52.435656+00:00] [bert-base-uncased] detection epoch 3/3: train_loss=0.9099 val_micro_f1=0.4577 val_macro_f1=0.4880 best_macro_f1=0.4880 patience=0 epoch_seconds=33.6
[2026-06-04T17:44:52.565501+00:00] [bert-base-uncased] detection training complete: best_macro_f1=0.4880
[2026-06-04T17:44:52.565992+00:00] [bert-base-uncased:detection] released GPU training lock
[2026-06-04T17:44:52.568943+00:00] [bert-base-uncased:sentiment] acquired GPU training lock -> /app/paper/benchmark_outputs/gpu_training.lock
[2026-06-04T17:44:53.145203+00:00] [bert-base-uncased] sentiment training start: train_rows=2337 val_rows=291 epochs=3 batch_size=8 device=cuda
[2026-06-04T17:45:26.759422+00:00] [bert-base-uncased] sentiment epoch 1/3: train_loss=0.6838 val_mse=0.7123 best_val_mse=0.7123 patience=0 epoch_seconds=33.6
[2026-06-04T17:46:00.459876+00:00] [bert-base-uncased] sentiment epoch 2/3: train_loss=0.5719 val_mse=0.5566 best_val_mse=0.5566 patience=0 epoch_seconds=33.7
[2026-06-04T17:46:34.296413+00:00] [bert-base-uncased] sentiment epoch 3/3: train_loss=0.3844 val_mse=0.5531 best_val_mse=0.5531 patience=0 epoch_seconds=33.7
[2026-06-04T17:46:34.379594+00:00] [bert-base-uncased] sentiment training complete: best_val_mse=0.5531
[2026-06-04T17:46:34.379948+00:00] [bert-base-uncased:sentiment] released GPU training lock
[2026-06-04T17:47:23.989261+00:00] [bert-base-uncased] transfer evaluation complete: micro_f1=0.4657 sentiment_mse=0.5226
{
  "real_jsonl": "/app/paper/real_transfer/herath_mapped_real_reviews.jsonl",
  "overlap_summary": "/app/paper/real_transfer/herath_overlap_summary.csv",
  "summary": "/app/paper/real_transfer/synthetic_to_real_transfer_summary.csv",
  "per_aspect": "/app/paper/real_transfer/synthetic_to_real_transfer_per_aspect.csv",
  "run_dir": "/app/paper/real_transfer/runs/synthetic_to_real_transfer_20260604T174723Z",
  "n_real_reviews": 5584,
  "overlap_aspects": [
    "accessibility",
    "exam_fairness",
    "lecturer_quality",
    "materials",
    "organization",
    "overall_experience",
    "workload"
  ]
}

=== stderr ===

