=== stdout ===
[2026-06-04T17:11:21.678428+00:00] Resume signature mismatch at /app/paper/real_transfer/resume_real_transfer.json; starting a fresh checkpoint
[2026-06-04T17:11:21.679537+00:00] Detailed log file -> /app/paper/benchmark_outputs/logs/real_transfer_20260604T171121Z.log
[2026-06-04T17:11:21.679586+00:00] Resume checkpoint -> /app/paper/real_transfer/resume_real_transfer.json
[2026-06-04T17:11:24.726222+00:00] [distilbert-base-uncased] transfer evaluation start
[2026-06-04T17:11:24.726526+00:00] [distilbert-base-uncased:detection] acquired GPU training lock -> /app/paper/benchmark_outputs/gpu_training.lock
[2026-06-04T17:11:30.765882+00:00] [distilbert-base-uncased] detection training start: train_rows=2755 val_rows=344 epochs=3 batch_size=8 device=cuda
[2026-06-04T17:11:51.013800+00:00] [distilbert-base-uncased] detection epoch 1/3: train_loss=1.1437 val_micro_f1=0.3419 val_macro_f1=0.3714 best_macro_f1=0.3714 patience=0 epoch_seconds=20.2
[2026-06-04T17:12:11.168803+00:00] [distilbert-base-uncased] detection epoch 2/3: train_loss=1.0148 val_micro_f1=0.3609 val_macro_f1=0.3873 best_macro_f1=0.3873 patience=0 epoch_seconds=20.0
[2026-06-04T17:12:31.405822+00:00] [distilbert-base-uncased] detection epoch 3/3: train_loss=0.9361 val_micro_f1=0.3659 val_macro_f1=0.4001 best_macro_f1=0.4001 patience=0 epoch_seconds=20.1
[2026-06-04T17:12:31.522277+00:00] [distilbert-base-uncased] detection training complete: best_macro_f1=0.4001
[2026-06-04T17:12:31.522750+00:00] [distilbert-base-uncased:detection] released GPU training lock
[2026-06-04T17:12:31.528222+00:00] [distilbert-base-uncased:sentiment] acquired GPU training lock -> /app/paper/benchmark_outputs/gpu_training.lock
[2026-06-04T17:12:31.956437+00:00] [distilbert-base-uncased] sentiment training start: train_rows=2755 val_rows=344 epochs=3 batch_size=8 device=cuda
[2026-06-04T17:12:51.985735+00:00] [distilbert-base-uncased] sentiment epoch 1/3: train_loss=0.6854 val_mse=0.7026 best_val_mse=0.7026 patience=0 epoch_seconds=20.0
[2026-06-04T17:13:12.042581+00:00] [distilbert-base-uncased] sentiment epoch 2/3: train_loss=0.6520 val_mse=0.6426 best_val_mse=0.6426 patience=0 epoch_seconds=20.0
[2026-06-04T17:13:32.218009+00:00] [distilbert-base-uncased] sentiment epoch 3/3: train_loss=0.5178 val_mse=0.6034 best_val_mse=0.6034 patience=0 epoch_seconds=20.0
[2026-06-04T17:13:32.330521+00:00] [distilbert-base-uncased] sentiment training complete: best_val_mse=0.6034
[2026-06-04T17:13:32.330856+00:00] [distilbert-base-uncased:sentiment] released GPU training lock
[2026-06-04T17:13:45.421922+00:00] [distilbert-base-uncased] transfer evaluation complete: micro_f1=0.3888 sentiment_mse=0.5334
{
  "real_jsonl": "/app/paper/real_transfer/herath_mapped_real_reviews.jsonl",
  "overlap_summary": "/app/paper/real_transfer/herath_overlap_summary.csv",
  "summary": "/app/paper/real_transfer/synthetic_to_real_transfer_summary.csv",
  "per_aspect": "/app/paper/real_transfer/synthetic_to_real_transfer_per_aspect.csv",
  "run_dir": "/app/paper/real_transfer/runs/synthetic_to_real_transfer_20260604T171345Z",
  "n_real_reviews": 2829,
  "overlap_aspects": [
    "accessibility",
    "assessment_design",
    "exam_fairness",
    "grading_transparency",
    "lecturer_quality",
    "materials",
    "organization",
    "overall_experience",
    "workload"
  ]
}

=== stderr ===

