=== stdout ===
[2026-07-30T10:31:18.277057+00:00] [W7 seed=42] device=cuda
[2026-07-30T10:31:19.901392+00:00] [W7] synthetic rows with audit score = 10000
[2026-07-30T10:31:20.345568+00:00] [W7] synthetic rows with >=1 of the 9 overlap aspects = 6867
[2026-07-30T10:31:20.348074+00:00] [W7] train_pool=5495 calib=686 internal_test=686
[2026-07-30T10:31:28.167262+00:00] [W7] Herath rows=2829 aspects=['accessibility', 'assessment_design', 'exam_fairness', 'grading_transparency', 'lecturer_quality', 'materials', 'organization', 'overall_experience', 'workload']
[2026-07-30T10:31:28.179023+00:00] [W7] Q1: n=1373 row_score[min=0.000 mean=0.086 max=0.333]
[2026-07-30T10:31:28.179259+00:00] [W7] Q2: n=1373 row_score[min=0.333 mean=0.450 max=0.500]
[2026-07-30T10:31:28.179434+00:00] [W7] Q3: n=1373 row_score[min=0.500 mean=0.770 max=1.000]
[2026-07-30T10:31:28.179591+00:00] [W7] Q4: n=1373 row_score[min=1.000 mean=1.000 max=1.000]
[2026-07-30T10:31:28.179619+00:00] [W7] ===== FULL arm (sanity gate) =====
[2026-07-30T10:31:28.180700+00:00] [bert-base-uncased:detection] acquired GPU training lock -> /app/paper/benchmark_outputs/gpu_training.lock
[2026-07-30T10:31:45.131651+00:00] [bert-base-uncased] detection training start: train_rows=5495 val_rows=686 epochs=3 batch_size=8 device=cuda
[2026-07-30T10:32:48.537938+00:00] [bert-base-uncased] detection epoch 1/3: train_loss=1.0950 val_micro_f1=0.3557 val_macro_f1=0.3715 best_macro_f1=0.3715 patience=0 epoch_seconds=63.4
[2026-07-30T10:33:51.545005+00:00] [bert-base-uncased] detection epoch 2/3: train_loss=0.9722 val_micro_f1=0.3774 val_macro_f1=0.4051 best_macro_f1=0.4051 patience=0 epoch_seconds=62.8
[2026-07-30T10:34:54.331011+00:00] [bert-base-uncased] detection epoch 3/3: train_loss=0.9119 val_micro_f1=0.3775 val_macro_f1=0.3960 best_macro_f1=0.4051 patience=0 epoch_seconds=62.5
[2026-07-30T10:34:54.388657+00:00] [bert-base-uncased] detection training complete: best_macro_f1=0.4051
[2026-07-30T10:34:54.389533+00:00] [bert-base-uncased:detection] released GPU training lock
[2026-07-30T10:34:54.393400+00:00] [bert-base-uncased:sentiment] acquired GPU training lock -> /app/paper/benchmark_outputs/gpu_training.lock
[2026-07-30T10:34:55.592714+00:00] [bert-base-uncased] sentiment training start: train_rows=5495 val_rows=686 epochs=3 batch_size=8 device=cuda
[2026-07-30T10:35:57.998926+00:00] [bert-base-uncased] sentiment epoch 1/3: train_loss=0.6504 val_mse=0.5651 best_val_mse=0.5651 patience=0 epoch_seconds=62.4
[2026-07-30T10:37:00.413107+00:00] [bert-base-uncased] sentiment epoch 2/3: train_loss=0.5020 val_mse=0.5048 best_val_mse=0.5048 patience=0 epoch_seconds=62.4
[2026-07-30T10:38:03.067613+00:00] [bert-base-uncased] sentiment epoch 3/3: train_loss=0.3752 val_mse=0.5576 best_val_mse=0.5048 patience=0 epoch_seconds=62.5
[2026-07-30T10:38:03.119566+00:00] [bert-base-uncased] sentiment training complete: best_val_mse=0.5048
[2026-07-30T10:38:03.120752+00:00] [bert-base-uncased:sentiment] released GPU training lock
[2026-07-30T10:38:27.245254+00:00] [W7] FULL herath_micro_f1=0.4030 (sanity gate ~0.40-0.48; paper ref 0.4593)
[2026-07-30T10:38:27.245320+00:00] [W7] ===== Q1 arm =====
[2026-07-30T10:38:27.247945+00:00] [bert-base-uncased:detection] acquired GPU training lock -> /app/paper/benchmark_outputs/gpu_training.lock
[2026-07-30T10:38:29.299692+00:00] [bert-base-uncased] detection training start: train_rows=1373 val_rows=686 epochs=3 batch_size=8 device=cuda
[2026-07-30T10:38:46.581413+00:00] [bert-base-uncased] detection epoch 1/3: train_loss=1.1934 val_micro_f1=0.2403 val_macro_f1=0.1702 best_macro_f1=0.1702 patience=0 epoch_seconds=17.3
[2026-07-30T10:39:03.984104+00:00] [bert-base-uncased] detection epoch 2/3: train_loss=1.1692 val_micro_f1=0.2813 val_macro_f1=0.2876 best_macro_f1=0.2876 patience=0 epoch_seconds=17.3
[2026-07-30T10:39:21.390615+00:00] [bert-base-uncased] detection epoch 3/3: train_loss=1.1072 val_micro_f1=0.2827 val_macro_f1=0.2757 best_macro_f1=0.2876 patience=0 epoch_seconds=17.2
[2026-07-30T10:39:21.438158+00:00] [bert-base-uncased] detection training complete: best_macro_f1=0.2876
[2026-07-30T10:39:21.438875+00:00] [bert-base-uncased:detection] released GPU training lock
[2026-07-30T10:39:21.442625+00:00] [bert-base-uncased:sentiment] acquired GPU training lock -> /app/paper/benchmark_outputs/gpu_training.lock
[2026-07-30T10:39:22.625324+00:00] [bert-base-uncased] sentiment training start: train_rows=1373 val_rows=686 epochs=3 batch_size=8 device=cuda
[2026-07-30T10:39:39.943411+00:00] [bert-base-uncased] sentiment epoch 1/3: train_loss=0.5242 val_mse=0.8143 best_val_mse=0.8143 patience=0 epoch_seconds=17.3
[2026-07-30T10:39:57.291635+00:00] [bert-base-uncased] sentiment epoch 2/3: train_loss=0.4706 val_mse=0.7006 best_val_mse=0.7006 patience=0 epoch_seconds=17.3
[2026-07-30T10:40:14.773045+00:00] [bert-base-uncased] sentiment epoch 3/3: train_loss=0.3786 val_mse=0.7594 best_val_mse=0.7006 patience=0 epoch_seconds=17.3
[2026-07-30T10:40:14.822623+00:00] [bert-base-uncased] sentiment training complete: best_val_mse=0.7006
[2026-07-30T10:40:14.823481+00:00] [bert-base-uncased:sentiment] released GPU training lock
[2026-07-30T10:40:39.201452+00:00] [W7] Q1 internal_micro_f1=0.2854 herath_micro_f1=0.2466 internal_mse=0.7436
[2026-07-30T10:40:39.201529+00:00] [W7] ===== Q2 arm =====
[2026-07-30T10:40:39.202416+00:00] [bert-base-uncased:detection] acquired GPU training lock -> /app/paper/benchmark_outputs/gpu_training.lock
[2026-07-30T10:40:41.282106+00:00] [bert-base-uncased] detection training start: train_rows=1373 val_rows=686 epochs=3 batch_size=8 device=cuda
[2026-07-30T10:40:58.554540+00:00] [bert-base-uncased] detection epoch 1/3: train_loss=1.1838 val_micro_f1=0.2161 val_macro_f1=0.1333 best_macro_f1=0.1333 patience=0 epoch_seconds=17.3
[2026-07-30T10:41:15.823520+00:00] [bert-base-uncased] detection epoch 2/3: train_loss=1.1299 val_micro_f1=0.3181 val_macro_f1=0.3422 best_macro_f1=0.3422 patience=0 epoch_seconds=17.2
[2026-07-30T10:41:33.222756+00:00] [bert-base-uncased] detection epoch 3/3: train_loss=1.0083 val_micro_f1=0.3373 val_macro_f1=0.3384 best_macro_f1=0.3422 patience=0 epoch_seconds=17.2
[2026-07-30T10:41:33.271219+00:00] [bert-base-uncased] detection training complete: best_macro_f1=0.3422
[2026-07-30T10:41:33.271892+00:00] [bert-base-uncased:detection] released GPU training lock
[2026-07-30T10:41:33.276939+00:00] [bert-base-uncased:sentiment] acquired GPU training lock -> /app/paper/benchmark_outputs/gpu_training.lock
[2026-07-30T10:41:34.435127+00:00] [bert-base-uncased] sentiment training start: train_rows=1373 val_rows=686 epochs=3 batch_size=8 device=cuda
[2026-07-30T10:41:51.660055+00:00] [bert-base-uncased] sentiment epoch 1/3: train_loss=0.6523 val_mse=0.6733 best_val_mse=0.6733 patience=0 epoch_seconds=17.2
[2026-07-30T10:42:08.930856+00:00] [bert-base-uncased] sentiment epoch 2/3: train_loss=0.5866 val_mse=0.6485 best_val_mse=0.6485 patience=0 epoch_seconds=17.2
[2026-07-30T10:42:26.221153+00:00] [bert-base-uncased] sentiment epoch 3/3: train_loss=0.4473 val_mse=0.6019 best_val_mse=0.6019 patience=0 epoch_seconds=17.2
[2026-07-30T10:42:26.324893+00:00] [bert-base-uncased] sentiment training complete: best_val_mse=0.6019
[2026-07-30T10:42:26.325452+00:00] [bert-base-uncased:sentiment] released GPU training lock
[2026-07-30T10:42:50.631810+00:00] [W7] Q2 internal_micro_f1=0.3347 herath_micro_f1=0.2834 internal_mse=0.6774
[2026-07-30T10:42:50.631880+00:00] [W7] ===== Q3 arm =====
[2026-07-30T10:42:50.633036+00:00] [bert-base-uncased:detection] acquired GPU training lock -> /app/paper/benchmark_outputs/gpu_training.lock
[2026-07-30T10:42:52.737039+00:00] [bert-base-uncased] detection training start: train_rows=1373 val_rows=686 epochs=3 batch_size=8 device=cuda
[2026-07-30T10:43:10.130068+00:00] [bert-base-uncased] detection epoch 1/3: train_loss=1.1661 val_micro_f1=0.2642 val_macro_f1=0.2660 best_macro_f1=0.2660 patience=0 epoch_seconds=17.4
[2026-07-30T10:43:27.520399+00:00] [bert-base-uncased] detection epoch 2/3: train_loss=1.0399 val_micro_f1=0.3354 val_macro_f1=0.3627 best_macro_f1=0.3627 patience=0 epoch_seconds=17.3
[2026-07-30T10:43:45.131078+00:00] [bert-base-uncased] detection epoch 3/3: train_loss=0.8995 val_micro_f1=0.3595 val_macro_f1=0.3823 best_macro_f1=0.3823 patience=0 epoch_seconds=17.4
[2026-07-30T10:43:45.235756+00:00] [bert-base-uncased] detection training complete: best_macro_f1=0.3823
[2026-07-30T10:43:45.236250+00:00] [bert-base-uncased:detection] released GPU training lock
[2026-07-30T10:43:45.239080+00:00] [bert-base-uncased:sentiment] acquired GPU training lock -> /app/paper/benchmark_outputs/gpu_training.lock
[2026-07-30T10:43:46.492561+00:00] [bert-base-uncased] sentiment training start: train_rows=1373 val_rows=686 epochs=3 batch_size=8 device=cuda
[2026-07-30T10:44:03.926725+00:00] [bert-base-uncased] sentiment epoch 1/3: train_loss=0.7411 val_mse=0.6761 best_val_mse=0.6761 patience=0 epoch_seconds=17.4
[2026-07-30T10:44:21.415079+00:00] [bert-base-uncased] sentiment epoch 2/3: train_loss=0.6483 val_mse=0.5830 best_val_mse=0.5830 patience=0 epoch_seconds=17.4
[2026-07-30T10:44:38.952427+00:00] [bert-base-uncased] sentiment epoch 3/3: train_loss=0.4561 val_mse=0.5688 best_val_mse=0.5688 patience=0 epoch_seconds=17.5
[2026-07-30T10:44:39.057644+00:00] [bert-base-uncased] sentiment training complete: best_val_mse=0.5688
[2026-07-30T10:44:39.058355+00:00] [bert-base-uncased:sentiment] released GPU training lock
[2026-07-30T10:45:03.536741+00:00] [W7] Q3 internal_micro_f1=0.3828 herath_micro_f1=0.3753 internal_mse=0.5285
[2026-07-30T10:45:03.536873+00:00] [W7] ===== Q4 arm =====
[2026-07-30T10:45:03.538204+00:00] [bert-base-uncased:detection] acquired GPU training lock -> /app/paper/benchmark_outputs/gpu_training.lock
[2026-07-30T10:45:05.742266+00:00] [bert-base-uncased] detection training start: train_rows=1373 val_rows=686 epochs=3 batch_size=8 device=cuda
[2026-07-30T10:45:23.287770+00:00] [bert-base-uncased] detection epoch 1/3: train_loss=1.1734 val_micro_f1=0.3122 val_macro_f1=0.3402 best_macro_f1=0.3402 patience=0 epoch_seconds=17.5
[2026-07-30T10:45:40.809806+00:00] [bert-base-uncased] detection epoch 2/3: train_loss=0.9420 val_micro_f1=0.3723 val_macro_f1=0.4006 best_macro_f1=0.4006 patience=0 epoch_seconds=17.5
[2026-07-30T10:45:58.526154+00:00] [bert-base-uncased] detection epoch 3/3: train_loss=0.7703 val_micro_f1=0.3803 val_macro_f1=0.4007 best_macro_f1=0.4007 patience=0 epoch_seconds=17.5
[2026-07-30T10:45:58.638326+00:00] [bert-base-uncased] detection training complete: best_macro_f1=0.4007
[2026-07-30T10:45:58.638975+00:00] [bert-base-uncased:detection] released GPU training lock
[2026-07-30T10:45:58.642040+00:00] [bert-base-uncased:sentiment] acquired GPU training lock -> /app/paper/benchmark_outputs/gpu_training.lock
[2026-07-30T10:45:59.858247+00:00] [bert-base-uncased] sentiment training start: train_rows=1373 val_rows=686 epochs=3 batch_size=8 device=cuda
[2026-07-30T10:46:17.464840+00:00] [bert-base-uncased] sentiment epoch 1/3: train_loss=0.7282 val_mse=0.6549 best_val_mse=0.6549 patience=0 epoch_seconds=17.6
[2026-07-30T10:46:35.042952+00:00] [bert-base-uncased] sentiment epoch 2/3: train_loss=0.5182 val_mse=0.5982 best_val_mse=0.5982 patience=0 epoch_seconds=17.5
[2026-07-30T10:46:52.574968+00:00] [bert-base-uncased] sentiment epoch 3/3: train_loss=0.3234 val_mse=0.5849 best_val_mse=0.5849 patience=0 epoch_seconds=17.4
[2026-07-30T10:46:52.679636+00:00] [bert-base-uncased] sentiment training complete: best_val_mse=0.5849
[2026-07-30T10:46:52.680640+00:00] [bert-base-uncased:sentiment] released GPU training lock
[2026-07-30T10:47:17.291504+00:00] [W7] Q4 internal_micro_f1=0.4107 herath_micro_f1=0.2765 internal_mse=0.5285
RESULT_JSON_BEGIN
{
  "experiment": "W7_audit_quartile_dose_response",
  "seed": 42,
  "aspects": [
    "accessibility",
    "assessment_design",
    "exam_fairness",
    "grading_transparency",
    "lecturer_quality",
    "materials",
    "organization",
    "overall_experience",
    "workload"
  ],
  "n_herath": 2829,
  "matched_bucket_size": 1373,
  "sanity_gate": {
    "full_corpus_herath_micro_f1": 0.4029887920298879,
    "expected_range": "0.40-0.48 (paper synthetic-only transfer ref 0.4593)",
    "passed": true
  },
  "arms": {
    "full": {
      "n_train": 5495,
      "internal_micro_f1": 0.4183070866141732,
      "internal_sentiment_mse": 0.39905513080240995,
      "herath_micro_f1": 0.4029887920298879,
      "herath_sentiment_mse": 0.36965681539251877
    },
    "Q1": {
      "n_train": 1373,
      "internal_micro_f1": 0.28544378698224854,
      "internal_sentiment_mse": 0.7435854449101378,
      "herath_micro_f1": 0.24655302080721986,
      "herath_sentiment_mse": 0.6796670139801976,
      "row_score_min": 0.0,
      "row_score_mean": 0.08593459577567371,
      "row_score_max": 0.3333
    },
    "Q2": {
      "n_train": 1373,
      "internal_micro_f1": 0.3347107438016529,
      "internal_sentiment_mse": 0.6773920798613339,
      "herath_micro_f1": 0.2833864158210503,
      "herath_sentiment_mse": 0.5928387103733311,
      "row_score_min": 0.3333,
      "row_score_mean": 0.4496136198106337,
      "row_score_max": 0.5
    },
    "Q3": {
      "n_train": 1373,
      "internal_micro_f1": 0.3828470380194518,
      "internal_sentiment_mse": 0.5285027662878844,
      "herath_micro_f1": 0.37530072173215717,
      "herath_sentiment_mse": 0.5505031938162822,
      "row_score_min": 0.5,
      "row_score_mean": 0.770230080116533,
      "row_score_max": 1.0
    },
    "Q4": {
      "n_train": 1373,
      "internal_micro_f1": 0.4106596767147226,
      "internal_sentiment_mse": 0.5284910888452986,
      "herath_micro_f1": 0.27645245976486704,
      "herath_sentiment_mse": 0.39851087229291265,
      "row_score_min": 1.0,
      "row_score_mean": 1.0,
      "row_score_max": 1.0
    }
  },
  "internal_dose_response_Q1_to_Q4": [
    0.28544378698224854,
    0.3347107438016529,
    0.3828470380194518,
    0.4106596767147226
  ],
  "herath_dose_response_Q1_to_Q4": [
    0.24655302080721986,
    0.2833864158210503,
    0.37530072173215717,
    0.27645245976486704
  ],
  "elapsed_seconds": 959.0
}
RESULT_JSON_END

=== stderr ===

