=== stdout ===
[2026-06-04T17:11:27.271269+00:00] Resume signature mismatch at /app/paper/real_transfer/resume_real_transfer.json; starting a fresh checkpoint
[2026-06-04T17:11:27.272943+00:00] Detailed log file -> /app/paper/benchmark_outputs/logs/real_transfer_20260604T171127Z.log
[2026-06-04T17:11:27.272987+00:00] Resume checkpoint -> /app/paper/real_transfer/resume_real_transfer.json
[2026-06-04T17:11:30.469528+00:00] [bert-base-uncased] transfer evaluation start
[2026-06-04T17:11:30.469937+00:00] [bert-base-uncased:detection] acquired GPU training lock -> /app/paper/benchmark_outputs/gpu_training.lock
[2026-06-04T17:11:34.089527+00:00] [bert-base-uncased] detection training start: train_rows=2755 val_rows=344 epochs=3 batch_size=8 device=cuda
[2026-06-04T17:12:12.363009+00:00] [bert-base-uncased] detection epoch 1/3: train_loss=1.1609 val_micro_f1=0.3306 val_macro_f1=0.3511 best_macro_f1=0.3511 patience=0 epoch_seconds=38.3
[2026-06-04T17:12:50.718132+00:00] [bert-base-uncased] detection epoch 2/3: train_loss=1.0353 val_micro_f1=0.4003 val_macro_f1=0.4380 best_macro_f1=0.4380 patience=0 epoch_seconds=38.1
[2026-06-04T17:13:28.954022+00:00] [bert-base-uncased] detection epoch 3/3: train_loss=0.9504 val_micro_f1=0.3893 val_macro_f1=0.3928 best_macro_f1=0.4380 patience=0 epoch_seconds=38.1
[2026-06-04T17:13:29.008973+00:00] [bert-base-uncased] detection training complete: best_macro_f1=0.4380
[2026-06-04T17:13:29.009377+00:00] [bert-base-uncased:detection] released GPU training lock
[2026-06-04T17:13:29.011574+00:00] [bert-base-uncased:sentiment] acquired GPU training lock -> /app/paper/benchmark_outputs/gpu_training.lock
[2026-06-04T17:13:29.582490+00:00] [bert-base-uncased] sentiment training start: train_rows=2755 val_rows=344 epochs=3 batch_size=8 device=cuda
[2026-06-04T17:14:07.701892+00:00] [bert-base-uncased] sentiment epoch 1/3: train_loss=0.6956 val_mse=0.7047 best_val_mse=0.7047 patience=0 epoch_seconds=38.1
[2026-06-04T17:14:45.919110+00:00] [bert-base-uncased] sentiment epoch 2/3: train_loss=0.6012 val_mse=0.6093 best_val_mse=0.6093 patience=0 epoch_seconds=38.2
[2026-06-04T17:15:24.208331+00:00] [bert-base-uncased] sentiment epoch 3/3: train_loss=0.4242 val_mse=0.5591 best_val_mse=0.5591 patience=0 epoch_seconds=38.2
[2026-06-04T17:15:24.294792+00:00] [bert-base-uncased] sentiment training complete: best_val_mse=0.5591
[2026-06-04T17:15:24.295134+00:00] [bert-base-uncased:sentiment] released GPU training lock
[2026-06-04T17:15:49.069282+00:00] [bert-base-uncased] transfer evaluation complete: micro_f1=0.4509 sentiment_mse=0.4235
{
  "real_jsonl": "/app/paper/real_transfer/herath_mapped_real_reviews.jsonl",
  "overlap_summary": "/app/paper/real_transfer/herath_overlap_summary.csv",
  "summary": "/app/paper/real_transfer/synthetic_to_real_transfer_summary.csv",
  "per_aspect": "/app/paper/real_transfer/synthetic_to_real_transfer_per_aspect.csv",
  "run_dir": "/app/paper/real_transfer/runs/synthetic_to_real_transfer_20260604T171549Z",
  "n_real_reviews": 2829,
  "overlap_aspects": [
    "accessibility",
    "assessment_design",
    "exam_fairness",
    "grading_transparency",
    "lecturer_quality",
    "materials",
    "organization",
    "overall_experience",
    "workload"
  ]
}

=== stderr ===

