=== stdout ===
[2026-06-04T17:43:34.038208+00:00] Resume signature mismatch at /app/paper/real_transfer/resume_real_transfer.json; starting a fresh checkpoint
[2026-06-04T17:43:34.038608+00:00] Detailed log file -> /app/paper/benchmark_outputs/logs/real_transfer_20260604T174334Z.log
[2026-06-04T17:43:34.038657+00:00] Resume checkpoint -> /app/paper/real_transfer/resume_real_transfer.json
[2026-06-04T17:43:34.636554+00:00] Loaded pre-mapped real JSONL (5584 rows) from /app/external_data/edurabsa_all_mapped.jsonl
[2026-06-04T17:43:34.909553+00:00] [bert-base-uncased] transfer evaluation start
[2026-06-04T17:43:34.909884+00:00] [bert-base-uncased:detection] acquired GPU training lock -> /app/paper/benchmark_outputs/gpu_training.lock
[2026-06-04T17:43:38.120009+00:00] [bert-base-uncased] detection training start: train_rows=2337 val_rows=291 epochs=3 batch_size=8 device=cuda
[2026-06-04T17:44:11.398368+00:00] [bert-base-uncased] detection epoch 1/3: train_loss=1.0956 val_micro_f1=0.3887 val_macro_f1=0.4296 best_macro_f1=0.4296 patience=0 epoch_seconds=33.3
[2026-06-04T17:44:44.825535+00:00] [bert-base-uncased] detection epoch 2/3: train_loss=0.9620 val_micro_f1=0.3876 val_macro_f1=0.4158 best_macro_f1=0.4296 patience=0 epoch_seconds=33.1
[2026-06-04T17:45:18.009990+00:00] [bert-base-uncased] detection epoch 3/3: train_loss=0.8862 val_micro_f1=0.4004 val_macro_f1=0.4081 best_macro_f1=0.4296 patience=1 epoch_seconds=33.2
[2026-06-04T17:45:18.010180+00:00] [bert-base-uncased] detection early stop at epoch 3
[2026-06-04T17:45:18.088363+00:00] [bert-base-uncased] detection training complete: best_macro_f1=0.4296
[2026-06-04T17:45:18.089027+00:00] [bert-base-uncased:detection] released GPU training lock
[2026-06-04T17:45:18.096807+00:00] [bert-base-uncased:sentiment] acquired GPU training lock -> /app/paper/benchmark_outputs/gpu_training.lock
[2026-06-04T17:45:18.650717+00:00] [bert-base-uncased] sentiment training start: train_rows=2337 val_rows=291 epochs=3 batch_size=8 device=cuda
[2026-06-04T17:45:51.914441+00:00] [bert-base-uncased] sentiment epoch 1/3: train_loss=0.6994 val_mse=0.6434 best_val_mse=0.6434 patience=0 epoch_seconds=33.3
[2026-06-04T17:46:25.371060+00:00] [bert-base-uncased] sentiment epoch 2/3: train_loss=0.6153 val_mse=0.5740 best_val_mse=0.5740 patience=0 epoch_seconds=33.4
[2026-06-04T17:46:59.009073+00:00] [bert-base-uncased] sentiment epoch 3/3: train_loss=0.4286 val_mse=0.5199 best_val_mse=0.5199 patience=0 epoch_seconds=33.3
[2026-06-04T17:46:59.105563+00:00] [bert-base-uncased] sentiment training complete: best_val_mse=0.5199
[2026-06-04T17:46:59.106000+00:00] [bert-base-uncased:sentiment] released GPU training lock
[2026-06-04T17:47:48.125362+00:00] [bert-base-uncased] transfer evaluation complete: micro_f1=0.4213 sentiment_mse=0.4788
{
  "real_jsonl": "/app/paper/real_transfer/herath_mapped_real_reviews.jsonl",
  "overlap_summary": "/app/paper/real_transfer/herath_overlap_summary.csv",
  "summary": "/app/paper/real_transfer/synthetic_to_real_transfer_summary.csv",
  "per_aspect": "/app/paper/real_transfer/synthetic_to_real_transfer_per_aspect.csv",
  "run_dir": "/app/paper/real_transfer/runs/synthetic_to_real_transfer_20260604T174748Z",
  "n_real_reviews": 5584,
  "overlap_aspects": [
    "accessibility",
    "exam_fairness",
    "lecturer_quality",
    "materials",
    "organization",
    "overall_experience",
    "workload"
  ]
}

=== stderr ===

