=== stdout ===
[2026-06-04T17:56:06.582954+00:00] Resume signature mismatch at /app/paper/real_transfer/resume_real_transfer.json; starting a fresh checkpoint
[2026-06-04T17:56:06.583363+00:00] Detailed log file -> /app/paper/benchmark_outputs/logs/real_transfer_20260604T175606Z.log
[2026-06-04T17:56:06.583424+00:00] Resume checkpoint -> /app/paper/real_transfer/resume_real_transfer.json
[2026-06-04T17:56:07.181761+00:00] Loaded pre-mapped real JSONL (5584 rows) from /app/external_data/edurabsa_all_mapped.jsonl
[2026-06-04T17:56:07.457111+00:00] [distilbert-base-uncased] transfer evaluation start
[2026-06-04T17:56:07.457448+00:00] [distilbert-base-uncased:detection] acquired GPU training lock -> /app/paper/benchmark_outputs/gpu_training.lock
[2026-06-04T17:56:10.638533+00:00] [distilbert-base-uncased] detection training start: train_rows=2317 val_rows=289 epochs=3 batch_size=8 device=cuda
[2026-06-04T17:56:28.497796+00:00] [distilbert-base-uncased] detection epoch 1/3: train_loss=1.0415 val_micro_f1=0.4507 val_macro_f1=0.4986 best_macro_f1=0.4986 patience=0 epoch_seconds=17.9
[2026-06-04T17:56:45.987856+00:00] [distilbert-base-uncased] detection epoch 2/3: train_loss=0.8777 val_micro_f1=0.4946 val_macro_f1=0.5387 best_macro_f1=0.5387 patience=0 epoch_seconds=17.4
[2026-06-04T17:57:03.498517+00:00] [distilbert-base-uncased] detection epoch 3/3: train_loss=0.8062 val_micro_f1=0.5148 val_macro_f1=0.5483 best_macro_f1=0.5483 patience=0 epoch_seconds=17.3
[2026-06-04T17:57:03.579725+00:00] [distilbert-base-uncased] detection training complete: best_macro_f1=0.5483
[2026-06-04T17:57:03.580238+00:00] [distilbert-base-uncased:detection] released GPU training lock
[2026-06-04T17:57:03.582325+00:00] [distilbert-base-uncased:sentiment] acquired GPU training lock -> /app/paper/benchmark_outputs/gpu_training.lock
[2026-06-04T17:57:04.030105+00:00] [distilbert-base-uncased] sentiment training start: train_rows=2317 val_rows=289 epochs=3 batch_size=8 device=cuda
[2026-06-04T17:57:21.372485+00:00] [distilbert-base-uncased] sentiment epoch 1/3: train_loss=0.7119 val_mse=0.6535 best_val_mse=0.6535 patience=0 epoch_seconds=17.3
[2026-06-04T17:57:38.799516+00:00] [distilbert-base-uncased] sentiment epoch 2/3: train_loss=0.5279 val_mse=0.5131 best_val_mse=0.5131 patience=0 epoch_seconds=17.4
[2026-06-04T17:57:56.372941+00:00] [distilbert-base-uncased] sentiment epoch 3/3: train_loss=0.3584 val_mse=0.4818 best_val_mse=0.4818 patience=0 epoch_seconds=17.4
[2026-06-04T17:57:56.434926+00:00] [distilbert-base-uncased] sentiment training complete: best_val_mse=0.4818
[2026-06-04T17:57:56.435418+00:00] [distilbert-base-uncased:sentiment] released GPU training lock
[2026-06-04T17:58:22.112232+00:00] [distilbert-base-uncased] transfer evaluation complete: micro_f1=0.4323 sentiment_mse=0.4553
{
  "real_jsonl": "/app/paper/real_transfer/herath_mapped_real_reviews.jsonl",
  "overlap_summary": "/app/paper/real_transfer/herath_overlap_summary.csv",
  "summary": "/app/paper/real_transfer/synthetic_to_real_transfer_summary.csv",
  "per_aspect": "/app/paper/real_transfer/synthetic_to_real_transfer_per_aspect.csv",
  "run_dir": "/app/paper/real_transfer/runs/synthetic_to_real_transfer_20260604T175822Z",
  "n_real_reviews": 5584,
  "overlap_aspects": [
    "accessibility",
    "exam_fairness",
    "lecturer_quality",
    "materials",
    "organization",
    "overall_experience",
    "workload"
  ]
}

=== stderr ===

