=== stdout ===
[2026-06-04T17:08:03.065148+00:00] Resume signature mismatch at /app/paper/real_transfer/resume_real_transfer.json; starting a fresh checkpoint
[2026-06-04T17:08:03.065524+00:00] Detailed log file -> /app/paper/benchmark_outputs/logs/real_transfer_20260604T170803Z.log
[2026-06-04T17:08:03.065574+00:00] Resume checkpoint -> /app/paper/real_transfer/resume_real_transfer.json
[2026-06-04T17:08:05.760082+00:00] [bert-base-uncased] transfer evaluation start
[2026-06-04T17:08:05.760297+00:00] [bert-base-uncased:detection] acquired GPU training lock -> /app/paper/benchmark_outputs/gpu_training.lock
[2026-06-04T17:08:08.214513+00:00] [bert-base-uncased] detection training start: train_rows=1220 val_rows=152 epochs=3 batch_size=8 device=cuda
[2026-06-04T17:08:25.446637+00:00] [bert-base-uncased] detection epoch 1/3: train_loss=1.1965 val_micro_f1=0.2117 val_macro_f1=0.1362 best_macro_f1=0.1362 patience=0 epoch_seconds=17.2
[2026-06-04T17:08:42.604408+00:00] [bert-base-uncased] detection epoch 2/3: train_loss=1.1784 val_micro_f1=0.2181 val_macro_f1=0.2114 best_macro_f1=0.2114 patience=0 epoch_seconds=17.0
[2026-06-04T17:08:59.813850+00:00] [bert-base-uncased] detection epoch 3/3: train_loss=1.1233 val_micro_f1=0.2493 val_macro_f1=0.2130 best_macro_f1=0.2130 patience=0 epoch_seconds=17.0
[2026-06-04T17:08:59.947578+00:00] [bert-base-uncased] detection training complete: best_macro_f1=0.2130
[2026-06-04T17:08:59.948040+00:00] [bert-base-uncased:detection] released GPU training lock
[2026-06-04T17:08:59.952071+00:00] [bert-base-uncased:sentiment] acquired GPU training lock -> /app/paper/benchmark_outputs/gpu_training.lock
[2026-06-04T17:09:00.526908+00:00] [bert-base-uncased] sentiment training start: train_rows=1220 val_rows=152 epochs=3 batch_size=8 device=cuda
[2026-06-04T17:09:17.601173+00:00] [bert-base-uncased] sentiment epoch 1/3: train_loss=0.4898 val_mse=0.4265 best_val_mse=0.4265 patience=0 epoch_seconds=17.1
[2026-06-04T17:09:34.714121+00:00] [bert-base-uncased] sentiment epoch 2/3: train_loss=0.4402 val_mse=0.4725 best_val_mse=0.4265 patience=0 epoch_seconds=17.1
[2026-06-04T17:09:51.801587+00:00] [bert-base-uncased] sentiment epoch 3/3: train_loss=0.3509 val_mse=0.4709 best_val_mse=0.4265 patience=1 epoch_seconds=17.1
[2026-06-04T17:09:51.801991+00:00] [bert-base-uncased] sentiment early stop at epoch 3
[2026-06-04T17:09:51.851665+00:00] [bert-base-uncased] sentiment training complete: best_val_mse=0.4265
[2026-06-04T17:09:51.852088+00:00] [bert-base-uncased:sentiment] released GPU training lock
[2026-06-04T17:10:16.277058+00:00] [bert-base-uncased] transfer evaluation complete: micro_f1=0.3427 sentiment_mse=0.6879
{
  "real_jsonl": "/app/paper/real_transfer/herath_mapped_real_reviews.jsonl",
  "overlap_summary": "/app/paper/real_transfer/herath_overlap_summary.csv",
  "summary": "/app/paper/real_transfer/synthetic_to_real_transfer_summary.csv",
  "per_aspect": "/app/paper/real_transfer/synthetic_to_real_transfer_per_aspect.csv",
  "run_dir": "/app/paper/real_transfer/runs/synthetic_to_real_transfer_20260604T171016Z",
  "n_real_reviews": 2829,
  "overlap_aspects": [
    "accessibility",
    "assessment_design",
    "exam_fairness",
    "grading_transparency",
    "lecturer_quality",
    "materials",
    "organization",
    "overall_experience",
    "workload"
  ]
}

=== stderr ===

