=== stdout ===
[2026-06-04T17:22:01.885069+00:00] Resume signature mismatch at /app/paper/real_transfer/resume_real_transfer.json; starting a fresh checkpoint
[2026-06-04T17:22:01.885460+00:00] Detailed log file -> /app/paper/benchmark_outputs/logs/real_transfer_20260604T172201Z.log
[2026-06-04T17:22:01.885514+00:00] Resume checkpoint -> /app/paper/real_transfer/resume_real_transfer.json
[2026-06-04T17:22:04.829258+00:00] [distilbert-base-uncased] transfer evaluation start
[2026-06-04T17:22:04.829611+00:00] [distilbert-base-uncased:detection] acquired GPU training lock -> /app/paper/benchmark_outputs/gpu_training.lock
[2026-06-04T17:22:07.426811+00:00] [distilbert-base-uncased] detection training start: train_rows=1220 val_rows=152 epochs=3 batch_size=8 device=cuda
[2026-06-04T17:22:16.851540+00:00] [distilbert-base-uncased] detection epoch 1/3: train_loss=1.1965 val_micro_f1=0.1818 val_macro_f1=0.1124 best_macro_f1=0.1124 patience=0 epoch_seconds=9.4
[2026-06-04T17:22:26.065304+00:00] [distilbert-base-uncased] detection epoch 2/3: train_loss=1.1798 val_micro_f1=0.2359 val_macro_f1=0.1996 best_macro_f1=0.1996 patience=0 epoch_seconds=9.0
[2026-06-04T17:22:35.314251+00:00] [distilbert-base-uncased] detection epoch 3/3: train_loss=1.1313 val_micro_f1=0.2659 val_macro_f1=0.2645 best_macro_f1=0.2645 patience=0 epoch_seconds=9.1
[2026-06-04T17:22:35.439101+00:00] [distilbert-base-uncased] detection training complete: best_macro_f1=0.2645
[2026-06-04T17:22:35.439553+00:00] [distilbert-base-uncased:detection] released GPU training lock
[2026-06-04T17:22:35.445476+00:00] [distilbert-base-uncased:sentiment] acquired GPU training lock -> /app/paper/benchmark_outputs/gpu_training.lock
[2026-06-04T17:22:35.898088+00:00] [distilbert-base-uncased] sentiment training start: train_rows=1220 val_rows=152 epochs=3 batch_size=8 device=cuda
[2026-06-04T17:22:45.019954+00:00] [distilbert-base-uncased] sentiment epoch 1/3: train_loss=0.4815 val_mse=0.4762 best_val_mse=0.4762 patience=0 epoch_seconds=9.1
[2026-06-04T17:22:54.168093+00:00] [distilbert-base-uncased] sentiment epoch 2/3: train_loss=0.4596 val_mse=0.4901 best_val_mse=0.4762 patience=0 epoch_seconds=9.1
[2026-06-04T17:23:03.279633+00:00] [distilbert-base-uncased] sentiment epoch 3/3: train_loss=0.4155 val_mse=0.5005 best_val_mse=0.4762 patience=1 epoch_seconds=9.1
[2026-06-04T17:23:03.279828+00:00] [distilbert-base-uncased] sentiment early stop at epoch 3
[2026-06-04T17:23:03.313435+00:00] [distilbert-base-uncased] sentiment training complete: best_val_mse=0.4762
[2026-06-04T17:23:03.313733+00:00] [distilbert-base-uncased:sentiment] released GPU training lock
[2026-06-04T17:23:16.452402+00:00] [distilbert-base-uncased] transfer evaluation complete: micro_f1=0.2921 sentiment_mse=0.7213
{
  "real_jsonl": "/app/paper/real_transfer/herath_mapped_real_reviews.jsonl",
  "overlap_summary": "/app/paper/real_transfer/herath_overlap_summary.csv",
  "summary": "/app/paper/real_transfer/synthetic_to_real_transfer_summary.csv",
  "per_aspect": "/app/paper/real_transfer/synthetic_to_real_transfer_per_aspect.csv",
  "run_dir": "/app/paper/real_transfer/runs/synthetic_to_real_transfer_20260604T172316Z",
  "n_real_reviews": 2829,
  "overlap_aspects": [
    "accessibility",
    "assessment_design",
    "exam_fairness",
    "grading_transparency",
    "lecturer_quality",
    "materials",
    "organization",
    "overall_experience",
    "workload"
  ]
}

=== stderr ===

