=== stdout ===
[2026-06-04T17:09:44.382873+00:00] Resume signature mismatch at /app/paper/real_transfer/resume_real_transfer.json; starting a fresh checkpoint
[2026-06-04T17:09:44.383474+00:00] Detailed log file -> /app/paper/benchmark_outputs/logs/real_transfer_20260604T170944Z.log
[2026-06-04T17:09:44.383543+00:00] Resume checkpoint -> /app/paper/real_transfer/resume_real_transfer.json
[2026-06-04T17:09:48.141372+00:00] [distilbert-base-uncased] transfer evaluation start
[2026-06-04T17:09:48.142001+00:00] [distilbert-base-uncased:detection] acquired GPU training lock -> /app/paper/benchmark_outputs/gpu_training.lock
[2026-06-04T17:09:52.199511+00:00] [distilbert-base-uncased] detection training start: train_rows=2755 val_rows=344 epochs=3 batch_size=8 device=cuda
[2026-06-04T17:10:09.695764+00:00] [distilbert-base-uncased] detection epoch 1/3: train_loss=1.1571 val_micro_f1=0.3311 val_macro_f1=0.3277 best_macro_f1=0.3277 patience=0 epoch_seconds=17.5
[2026-06-04T17:10:26.681255+00:00] [distilbert-base-uncased] detection epoch 2/3: train_loss=1.0361 val_micro_f1=0.3914 val_macro_f1=0.4207 best_macro_f1=0.4207 patience=0 epoch_seconds=16.9
[2026-06-04T17:10:43.836838+00:00] [distilbert-base-uncased] detection epoch 3/3: train_loss=0.9544 val_micro_f1=0.3821 val_macro_f1=0.4086 best_macro_f1=0.4207 patience=0 epoch_seconds=17.1
[2026-06-04T17:10:43.863259+00:00] [distilbert-base-uncased] detection training complete: best_macro_f1=0.4207
[2026-06-04T17:10:43.863667+00:00] [distilbert-base-uncased:detection] released GPU training lock
[2026-06-04T17:10:43.866629+00:00] [distilbert-base-uncased:sentiment] acquired GPU training lock -> /app/paper/benchmark_outputs/gpu_training.lock
[2026-06-04T17:10:44.302155+00:00] [distilbert-base-uncased] sentiment training start: train_rows=2755 val_rows=344 epochs=3 batch_size=8 device=cuda
[2026-06-04T17:11:01.257089+00:00] [distilbert-base-uncased] sentiment epoch 1/3: train_loss=0.6722 val_mse=0.6502 best_val_mse=0.6502 patience=0 epoch_seconds=17.0
[2026-06-04T17:11:18.196257+00:00] [distilbert-base-uncased] sentiment epoch 2/3: train_loss=0.5636 val_mse=0.5647 best_val_mse=0.5647 patience=0 epoch_seconds=16.9
[2026-06-04T17:11:35.205316+00:00] [distilbert-base-uncased] sentiment epoch 3/3: train_loss=0.4246 val_mse=0.5624 best_val_mse=0.5624 patience=0 epoch_seconds=16.9
[2026-06-04T17:11:35.259630+00:00] [distilbert-base-uncased] sentiment training complete: best_val_mse=0.5624
[2026-06-04T17:11:35.260083+00:00] [distilbert-base-uncased:sentiment] released GPU training lock
[2026-06-04T17:11:45.777555+00:00] [distilbert-base-uncased] transfer evaluation complete: micro_f1=0.4100 sentiment_mse=0.3454
{
  "real_jsonl": "/app/paper/real_transfer/herath_mapped_real_reviews.jsonl",
  "overlap_summary": "/app/paper/real_transfer/herath_overlap_summary.csv",
  "summary": "/app/paper/real_transfer/synthetic_to_real_transfer_summary.csv",
  "per_aspect": "/app/paper/real_transfer/synthetic_to_real_transfer_per_aspect.csv",
  "run_dir": "/app/paper/real_transfer/runs/synthetic_to_real_transfer_20260604T171145Z",
  "n_real_reviews": 2829,
  "overlap_aspects": [
    "accessibility",
    "assessment_design",
    "exam_fairness",
    "grading_transparency",
    "lecturer_quality",
    "materials",
    "organization",
    "overall_experience",
    "workload"
  ]
}

=== stderr ===

