=== stdout ===
[2026-06-04T17:10:02.410560+00:00] Resume signature mismatch at /app/paper/real_transfer/resume_real_transfer.json; starting a fresh checkpoint
[2026-06-04T17:10:02.411147+00:00] Detailed log file -> /app/paper/benchmark_outputs/logs/real_transfer_20260604T171002Z.log
[2026-06-04T17:10:02.411242+00:00] Resume checkpoint -> /app/paper/real_transfer/resume_real_transfer.json
[2026-06-04T17:10:06.238255+00:00] [bert-base-uncased] transfer evaluation start
[2026-06-04T17:10:06.238907+00:00] [bert-base-uncased:detection] acquired GPU training lock -> /app/paper/benchmark_outputs/gpu_training.lock
[2026-06-04T17:10:11.083189+00:00] [bert-base-uncased] detection training start: train_rows=2755 val_rows=344 epochs=3 batch_size=8 device=cuda
[2026-06-04T17:10:42.916408+00:00] [bert-base-uncased] detection epoch 1/3: train_loss=1.1542 val_micro_f1=0.2951 val_macro_f1=0.3282 best_macro_f1=0.3282 patience=0 epoch_seconds=31.8
[2026-06-04T17:11:14.483404+00:00] [bert-base-uncased] detection epoch 2/3: train_loss=1.0146 val_micro_f1=0.3679 val_macro_f1=0.4051 best_macro_f1=0.4051 patience=0 epoch_seconds=31.4
[2026-06-04T17:11:46.110577+00:00] [bert-base-uncased] detection epoch 3/3: train_loss=0.9316 val_micro_f1=0.3417 val_macro_f1=0.3556 best_macro_f1=0.4051 patience=0 epoch_seconds=31.4
[2026-06-04T17:11:46.162803+00:00] [bert-base-uncased] detection training complete: best_macro_f1=0.4051
[2026-06-04T17:11:46.163676+00:00] [bert-base-uncased:detection] released GPU training lock
[2026-06-04T17:11:46.167109+00:00] [bert-base-uncased:sentiment] acquired GPU training lock -> /app/paper/benchmark_outputs/gpu_training.lock
[2026-06-04T17:11:47.058967+00:00] [bert-base-uncased] sentiment training start: train_rows=2755 val_rows=344 epochs=3 batch_size=8 device=cuda
[2026-06-04T17:12:18.562799+00:00] [bert-base-uncased] sentiment epoch 1/3: train_loss=0.6871 val_mse=0.7035 best_val_mse=0.7035 patience=0 epoch_seconds=31.5
[2026-06-04T17:12:50.120240+00:00] [bert-base-uncased] sentiment epoch 2/3: train_loss=0.5815 val_mse=0.5896 best_val_mse=0.5896 patience=0 epoch_seconds=31.5
[2026-06-04T17:13:21.936714+00:00] [bert-base-uncased] sentiment epoch 3/3: train_loss=0.4217 val_mse=0.6347 best_val_mse=0.5896 patience=0 epoch_seconds=31.7
[2026-06-04T17:13:21.988807+00:00] [bert-base-uncased] sentiment training complete: best_val_mse=0.5896
[2026-06-04T17:13:21.990209+00:00] [bert-base-uncased:sentiment] released GPU training lock
[2026-06-04T17:13:41.527386+00:00] [bert-base-uncased] transfer evaluation complete: micro_f1=0.3065 sentiment_mse=0.4409
{
  "real_jsonl": "/app/paper/real_transfer/herath_mapped_real_reviews.jsonl",
  "overlap_summary": "/app/paper/real_transfer/herath_overlap_summary.csv",
  "summary": "/app/paper/real_transfer/synthetic_to_real_transfer_summary.csv",
  "per_aspect": "/app/paper/real_transfer/synthetic_to_real_transfer_per_aspect.csv",
  "run_dir": "/app/paper/real_transfer/runs/synthetic_to_real_transfer_20260604T171341Z",
  "n_real_reviews": 2829,
  "overlap_aspects": [
    "accessibility",
    "assessment_design",
    "exam_fairness",
    "grading_transparency",
    "lecturer_quality",
    "materials",
    "organization",
    "overall_experience",
    "workload"
  ]
}

=== stderr ===

