=== stdout ===
[2026-06-04T17:09:43.963907+00:00] Resume signature mismatch at /app/paper/real_transfer/resume_real_transfer.json; starting a fresh checkpoint
[2026-06-04T17:09:43.964410+00:00] Detailed log file -> /app/paper/benchmark_outputs/logs/real_transfer_20260604T170943Z.log
[2026-06-04T17:09:43.964456+00:00] Resume checkpoint -> /app/paper/real_transfer/resume_real_transfer.json
[2026-06-04T17:09:47.976769+00:00] [bert-base-uncased] transfer evaluation start
[2026-06-04T17:09:47.977864+00:00] [bert-base-uncased:detection] acquired GPU training lock -> /app/paper/benchmark_outputs/gpu_training.lock
[2026-06-04T17:09:53.055063+00:00] [bert-base-uncased] detection training start: train_rows=2755 val_rows=344 epochs=3 batch_size=8 device=cuda
[2026-06-04T17:10:25.223008+00:00] [bert-base-uncased] detection epoch 1/3: train_loss=1.1591 val_micro_f1=0.3416 val_macro_f1=0.3555 best_macro_f1=0.3555 patience=0 epoch_seconds=32.2
[2026-06-04T17:10:57.241107+00:00] [bert-base-uncased] detection epoch 2/3: train_loss=1.0308 val_micro_f1=0.3689 val_macro_f1=0.3860 best_macro_f1=0.3860 patience=0 epoch_seconds=31.8
[2026-06-04T17:11:29.258242+00:00] [bert-base-uncased] detection epoch 3/3: train_loss=0.9252 val_micro_f1=0.3826 val_macro_f1=0.4176 best_macro_f1=0.4176 patience=0 epoch_seconds=31.8
[2026-06-04T17:11:29.409403+00:00] [bert-base-uncased] detection training complete: best_macro_f1=0.4176
[2026-06-04T17:11:29.410068+00:00] [bert-base-uncased:detection] released GPU training lock
[2026-06-04T17:11:29.415273+00:00] [bert-base-uncased:sentiment] acquired GPU training lock -> /app/paper/benchmark_outputs/gpu_training.lock
[2026-06-04T17:11:30.444627+00:00] [bert-base-uncased] sentiment training start: train_rows=2755 val_rows=344 epochs=3 batch_size=8 device=cuda
[2026-06-04T17:12:02.494405+00:00] [bert-base-uncased] sentiment epoch 1/3: train_loss=0.6701 val_mse=0.6121 best_val_mse=0.6121 patience=0 epoch_seconds=32.0
[2026-06-04T17:12:34.471987+00:00] [bert-base-uncased] sentiment epoch 2/3: train_loss=0.5544 val_mse=0.5564 best_val_mse=0.5564 patience=0 epoch_seconds=31.9
[2026-06-04T17:13:06.572055+00:00] [bert-base-uncased] sentiment epoch 3/3: train_loss=0.3966 val_mse=0.5624 best_val_mse=0.5564 patience=0 epoch_seconds=31.9
[2026-06-04T17:13:06.618254+00:00] [bert-base-uncased] sentiment training complete: best_val_mse=0.5564
[2026-06-04T17:13:06.618847+00:00] [bert-base-uncased:sentiment] released GPU training lock
[2026-06-04T17:13:26.229526+00:00] [bert-base-uncased] transfer evaluation complete: micro_f1=0.1876 sentiment_mse=0.4081
{
  "real_jsonl": "/app/paper/real_transfer/herath_mapped_real_reviews.jsonl",
  "overlap_summary": "/app/paper/real_transfer/herath_overlap_summary.csv",
  "summary": "/app/paper/real_transfer/synthetic_to_real_transfer_summary.csv",
  "per_aspect": "/app/paper/real_transfer/synthetic_to_real_transfer_per_aspect.csv",
  "run_dir": "/app/paper/real_transfer/runs/synthetic_to_real_transfer_20260604T171326Z",
  "n_real_reviews": 2829,
  "overlap_aspects": [
    "accessibility",
    "assessment_design",
    "exam_fairness",
    "grading_transparency",
    "lecturer_quality",
    "materials",
    "organization",
    "overall_experience",
    "workload"
  ]
}

=== stderr ===

