=== stdout ===
[2026-06-04T17:07:47.311892+00:00] Resume signature mismatch at /app/paper/real_transfer/resume_real_transfer.json; starting a fresh checkpoint
[2026-06-04T17:07:47.312208+00:00] Detailed log file -> /app/paper/benchmark_outputs/logs/real_transfer_20260604T170747Z.log
[2026-06-04T17:07:47.312261+00:00] Resume checkpoint -> /app/paper/real_transfer/resume_real_transfer.json
[2026-06-04T17:07:50.036433+00:00] [distilbert-base-uncased] transfer evaluation start
[2026-06-04T17:07:50.036651+00:00] [distilbert-base-uncased:detection] acquired GPU training lock -> /app/paper/benchmark_outputs/gpu_training.lock
[2026-06-04T17:07:52.443593+00:00] [distilbert-base-uncased] detection training start: train_rows=1220 val_rows=152 epochs=3 batch_size=8 device=cuda
[2026-06-04T17:08:01.811451+00:00] [distilbert-base-uncased] detection epoch 1/3: train_loss=1.1969 val_micro_f1=0.2061 val_macro_f1=0.1240 best_macro_f1=0.1240 patience=0 epoch_seconds=9.4
[2026-06-04T17:08:10.864799+00:00] [distilbert-base-uncased] detection epoch 2/3: train_loss=1.1860 val_micro_f1=0.2332 val_macro_f1=0.2026 best_macro_f1=0.2026 patience=0 epoch_seconds=9.0
[2026-06-04T17:08:19.937423+00:00] [distilbert-base-uncased] detection epoch 3/3: train_loss=1.1454 val_micro_f1=0.2196 val_macro_f1=0.2155 best_macro_f1=0.2155 patience=0 epoch_seconds=9.0
[2026-06-04T17:08:20.015364+00:00] [distilbert-base-uncased] detection training complete: best_macro_f1=0.2155
[2026-06-04T17:08:20.015681+00:00] [distilbert-base-uncased:detection] released GPU training lock
[2026-06-04T17:08:20.017736+00:00] [distilbert-base-uncased:sentiment] acquired GPU training lock -> /app/paper/benchmark_outputs/gpu_training.lock
[2026-06-04T17:08:20.533330+00:00] [distilbert-base-uncased] sentiment training start: train_rows=1220 val_rows=152 epochs=3 batch_size=8 device=cuda
[2026-06-04T17:08:29.532720+00:00] [distilbert-base-uncased] sentiment epoch 1/3: train_loss=0.4883 val_mse=0.4220 best_val_mse=0.4220 patience=0 epoch_seconds=9.0
[2026-06-04T17:08:38.576214+00:00] [distilbert-base-uncased] sentiment epoch 2/3: train_loss=0.4610 val_mse=0.4523 best_val_mse=0.4220 patience=0 epoch_seconds=9.0
[2026-06-04T17:08:47.616233+00:00] [distilbert-base-uncased] sentiment epoch 3/3: train_loss=0.4158 val_mse=0.4870 best_val_mse=0.4220 patience=1 epoch_seconds=9.0
[2026-06-04T17:08:47.616324+00:00] [distilbert-base-uncased] sentiment early stop at epoch 3
[2026-06-04T17:08:47.645315+00:00] [distilbert-base-uncased] sentiment training complete: best_val_mse=0.4220
[2026-06-04T17:08:47.645680+00:00] [distilbert-base-uncased:sentiment] released GPU training lock
[2026-06-04T17:09:00.749504+00:00] [distilbert-base-uncased] transfer evaluation complete: micro_f1=0.1693 sentiment_mse=0.5728
{
  "real_jsonl": "/app/paper/real_transfer/herath_mapped_real_reviews.jsonl",
  "overlap_summary": "/app/paper/real_transfer/herath_overlap_summary.csv",
  "summary": "/app/paper/real_transfer/synthetic_to_real_transfer_summary.csv",
  "per_aspect": "/app/paper/real_transfer/synthetic_to_real_transfer_per_aspect.csv",
  "run_dir": "/app/paper/real_transfer/runs/synthetic_to_real_transfer_20260604T170900Z",
  "n_real_reviews": 2829,
  "overlap_aspects": [
    "accessibility",
    "assessment_design",
    "exam_fairness",
    "grading_transparency",
    "lecturer_quality",
    "materials",
    "organization",
    "overall_experience",
    "workload"
  ]
}

=== stderr ===

