=== stdout ===
[2026-06-04T17:00:45.221894+00:00] Detailed log file -> /app/paper/benchmark_outputs/logs/real_transfer_20260604T170045Z.log
[2026-06-04T17:00:45.222096+00:00] Resume checkpoint -> /app/paper/real_transfer/resume_real_transfer.json
[2026-06-04T17:00:48.442203+00:00] [bert-base-uncased] transfer evaluation start
[2026-06-04T17:00:48.442674+00:00] [bert-base-uncased:detection] acquired GPU training lock -> /app/paper/benchmark_outputs/gpu_training.lock
[2026-06-04T17:00:56.162311+00:00] [bert-base-uncased] detection training start: train_rows=2729 val_rows=341 epochs=3 batch_size=8 device=cuda
[2026-06-04T17:01:34.177340+00:00] [bert-base-uncased] detection epoch 1/3: train_loss=1.0978 val_micro_f1=0.3986 val_macro_f1=0.4211 best_macro_f1=0.4211 patience=0 epoch_seconds=38.0
[2026-06-04T17:02:12.162590+00:00] [bert-base-uncased] detection epoch 2/3: train_loss=0.9126 val_micro_f1=0.4374 val_macro_f1=0.4785 best_macro_f1=0.4785 patience=0 epoch_seconds=37.8
[2026-06-04T17:02:50.280601+00:00] [bert-base-uncased] detection epoch 3/3: train_loss=0.8070 val_micro_f1=0.4587 val_macro_f1=0.4975 best_macro_f1=0.4975 patience=0 epoch_seconds=37.9
[2026-06-04T17:02:50.404752+00:00] [bert-base-uncased] detection training complete: best_macro_f1=0.4975
[2026-06-04T17:02:50.405325+00:00] [bert-base-uncased:detection] released GPU training lock
[2026-06-04T17:02:50.408355+00:00] [bert-base-uncased:sentiment] acquired GPU training lock -> /app/paper/benchmark_outputs/gpu_training.lock
[2026-06-04T17:02:50.976441+00:00] [bert-base-uncased] sentiment training start: train_rows=2729 val_rows=341 epochs=3 batch_size=8 device=cuda
[2026-06-04T17:03:29.099026+00:00] [bert-base-uncased] sentiment epoch 1/3: train_loss=0.6772 val_mse=0.5843 best_val_mse=0.5843 patience=0 epoch_seconds=38.1
[2026-06-04T17:04:07.396943+00:00] [bert-base-uncased] sentiment epoch 2/3: train_loss=0.4585 val_mse=0.4729 best_val_mse=0.4729 patience=0 epoch_seconds=38.3
[2026-06-04T17:04:45.864884+00:00] [bert-base-uncased] sentiment epoch 3/3: train_loss=0.2936 val_mse=0.4451 best_val_mse=0.4451 patience=0 epoch_seconds=38.4
[2026-06-04T17:04:45.960191+00:00] [bert-base-uncased] sentiment training complete: best_val_mse=0.4451
[2026-06-04T17:04:45.960662+00:00] [bert-base-uncased:sentiment] released GPU training lock
[2026-06-04T17:05:11.321422+00:00] [bert-base-uncased] transfer evaluation complete: micro_f1=0.3550 sentiment_mse=0.4215
{
  "real_jsonl": "/app/paper/real_transfer/herath_mapped_real_reviews.jsonl",
  "overlap_summary": "/app/paper/real_transfer/herath_overlap_summary.csv",
  "summary": "/app/paper/real_transfer/synthetic_to_real_transfer_summary.csv",
  "per_aspect": "/app/paper/real_transfer/synthetic_to_real_transfer_per_aspect.csv",
  "run_dir": "/app/paper/real_transfer/runs/synthetic_to_real_transfer_20260604T170511Z",
  "n_real_reviews": 2829,
  "overlap_aspects": [
    "accessibility",
    "assessment_design",
    "exam_fairness",
    "grading_transparency",
    "lecturer_quality",
    "materials",
    "organization",
    "overall_experience",
    "workload"
  ]
}

=== stderr ===

