=== stdout ===
[2026-06-04T18:00:18.022368+00:00] Resume signature mismatch at /app/paper/real_transfer/resume_real_transfer.json; starting a fresh checkpoint
[2026-06-04T18:00:18.022711+00:00] Detailed log file -> /app/paper/benchmark_outputs/logs/real_transfer_20260604T180018Z.log
[2026-06-04T18:00:18.022752+00:00] Resume checkpoint -> /app/paper/real_transfer/resume_real_transfer.json
[2026-06-04T18:00:18.365627+00:00] Loaded pre-mapped real JSONL (5584 rows) from /app/external_data/edurabsa_all_mapped.jsonl
[2026-06-04T18:00:18.553117+00:00] [distilbert-base-uncased] transfer evaluation start
[2026-06-04T18:00:18.553515+00:00] [distilbert-base-uncased:detection] acquired GPU training lock -> /app/paper/benchmark_outputs/gpu_training.lock
[2026-06-04T18:00:20.933359+00:00] [distilbert-base-uncased] detection training start: train_rows=986 val_rows=123 epochs=3 batch_size=8 device=cuda
[2026-06-04T18:00:28.548402+00:00] [distilbert-base-uncased] detection epoch 1/3: train_loss=1.1557 val_micro_f1=0.2962 val_macro_f1=0.1821 best_macro_f1=0.1821 patience=0 epoch_seconds=7.6
[2026-06-04T18:00:35.955469+00:00] [distilbert-base-uncased] detection epoch 2/3: train_loss=1.1365 val_micro_f1=0.2798 val_macro_f1=0.2411 best_macro_f1=0.2411 patience=0 epoch_seconds=7.3
[2026-06-04T18:00:43.362327+00:00] [distilbert-base-uncased] detection epoch 3/3: train_loss=1.0942 val_micro_f1=0.3317 val_macro_f1=0.2943 best_macro_f1=0.2943 patience=0 epoch_seconds=7.3
[2026-06-04T18:00:43.454763+00:00] [distilbert-base-uncased] detection training complete: best_macro_f1=0.2943
[2026-06-04T18:00:43.455524+00:00] [distilbert-base-uncased:detection] released GPU training lock
[2026-06-04T18:00:43.457519+00:00] [distilbert-base-uncased:sentiment] acquired GPU training lock -> /app/paper/benchmark_outputs/gpu_training.lock
[2026-06-04T18:00:43.960885+00:00] [distilbert-base-uncased] sentiment training start: train_rows=986 val_rows=123 epochs=3 batch_size=8 device=cuda
[2026-06-04T18:00:51.294857+00:00] [distilbert-base-uncased] sentiment epoch 1/3: train_loss=0.4930 val_mse=0.4558 best_val_mse=0.4558 patience=0 epoch_seconds=7.3
[2026-06-04T18:00:58.648044+00:00] [distilbert-base-uncased] sentiment epoch 2/3: train_loss=0.4572 val_mse=0.4597 best_val_mse=0.4558 patience=0 epoch_seconds=7.3
[2026-06-04T18:01:05.955642+00:00] [distilbert-base-uncased] sentiment epoch 3/3: train_loss=0.4217 val_mse=0.4843 best_val_mse=0.4558 patience=1 epoch_seconds=7.3
[2026-06-04T18:01:05.955761+00:00] [distilbert-base-uncased] sentiment early stop at epoch 3
[2026-06-04T18:01:05.985978+00:00] [distilbert-base-uncased] sentiment training complete: best_val_mse=0.4558
[2026-06-04T18:01:05.986446+00:00] [distilbert-base-uncased:sentiment] released GPU training lock
[2026-06-04T18:01:31.691612+00:00] [distilbert-base-uncased] transfer evaluation complete: micro_f1=0.4250 sentiment_mse=0.8827
{
  "real_jsonl": "/app/paper/real_transfer/herath_mapped_real_reviews.jsonl",
  "overlap_summary": "/app/paper/real_transfer/herath_overlap_summary.csv",
  "summary": "/app/paper/real_transfer/synthetic_to_real_transfer_summary.csv",
  "per_aspect": "/app/paper/real_transfer/synthetic_to_real_transfer_per_aspect.csv",
  "run_dir": "/app/paper/real_transfer/runs/synthetic_to_real_transfer_20260604T180131Z",
  "n_real_reviews": 5584,
  "overlap_aspects": [
    "accessibility",
    "exam_fairness",
    "lecturer_quality",
    "materials",
    "organization",
    "overall_experience",
    "workload"
  ]
}

=== stderr ===

