=== stdout ===
[2026-06-04T17:41:09.427552+00:00] Resume signature mismatch at /app/paper/real_transfer/resume_real_transfer.json; starting a fresh checkpoint
[2026-06-04T17:41:09.428042+00:00] Detailed log file -> /app/paper/benchmark_outputs/logs/real_transfer_20260604T174109Z.log
[2026-06-04T17:41:09.428096+00:00] Resume checkpoint -> /app/paper/real_transfer/resume_real_transfer.json
[2026-06-04T17:41:09.770787+00:00] Loaded pre-mapped real JSONL (5584 rows) from /app/external_data/edurabsa_all_mapped.jsonl
[2026-06-04T17:41:09.945300+00:00] [bert-base-uncased] transfer evaluation start
[2026-06-04T17:41:09.945647+00:00] [bert-base-uncased:detection] acquired GPU training lock -> /app/paper/benchmark_outputs/gpu_training.lock
[2026-06-04T17:41:12.403755+00:00] [bert-base-uncased] detection training start: train_rows=986 val_rows=123 epochs=3 batch_size=8 device=cuda
[2026-06-04T17:41:26.598799+00:00] [bert-base-uncased] detection epoch 1/3: train_loss=1.1619 val_micro_f1=0.2825 val_macro_f1=0.1788 best_macro_f1=0.1788 patience=0 epoch_seconds=14.2
[2026-06-04T17:41:40.700924+00:00] [bert-base-uncased] detection epoch 2/3: train_loss=1.1319 val_micro_f1=0.3080 val_macro_f1=0.2458 best_macro_f1=0.2458 patience=0 epoch_seconds=13.8
[2026-06-04T17:41:54.841761+00:00] [bert-base-uncased] detection epoch 3/3: train_loss=1.0774 val_micro_f1=0.2857 val_macro_f1=0.2583 best_macro_f1=0.2583 patience=0 epoch_seconds=13.8
[2026-06-04T17:41:54.988263+00:00] [bert-base-uncased] detection training complete: best_macro_f1=0.2583
[2026-06-04T17:41:54.988948+00:00] [bert-base-uncased:detection] released GPU training lock
[2026-06-04T17:41:54.993018+00:00] [bert-base-uncased:sentiment] acquired GPU training lock -> /app/paper/benchmark_outputs/gpu_training.lock
[2026-06-04T17:41:55.593308+00:00] [bert-base-uncased] sentiment training start: train_rows=986 val_rows=123 epochs=3 batch_size=8 device=cuda
[2026-06-04T17:42:09.464548+00:00] [bert-base-uncased] sentiment epoch 1/3: train_loss=0.4894 val_mse=0.4921 best_val_mse=0.4921 patience=0 epoch_seconds=13.9
[2026-06-04T17:42:23.441266+00:00] [bert-base-uncased] sentiment epoch 2/3: train_loss=0.4322 val_mse=0.5025 best_val_mse=0.4921 patience=0 epoch_seconds=13.9
[2026-06-04T17:42:37.363863+00:00] [bert-base-uncased] sentiment epoch 3/3: train_loss=0.3497 val_mse=0.5690 best_val_mse=0.4921 patience=1 epoch_seconds=13.9
[2026-06-04T17:42:37.364138+00:00] [bert-base-uncased] sentiment early stop at epoch 3
[2026-06-04T17:42:37.420787+00:00] [bert-base-uncased] sentiment training complete: best_val_mse=0.4921
[2026-06-04T17:42:37.421303+00:00] [bert-base-uncased:sentiment] released GPU training lock
[2026-06-04T17:43:25.390674+00:00] [bert-base-uncased] transfer evaluation complete: micro_f1=0.4238 sentiment_mse=0.8772
{
  "real_jsonl": "/app/paper/real_transfer/herath_mapped_real_reviews.jsonl",
  "overlap_summary": "/app/paper/real_transfer/herath_overlap_summary.csv",
  "summary": "/app/paper/real_transfer/synthetic_to_real_transfer_summary.csv",
  "per_aspect": "/app/paper/real_transfer/synthetic_to_real_transfer_per_aspect.csv",
  "run_dir": "/app/paper/real_transfer/runs/synthetic_to_real_transfer_20260604T174325Z",
  "n_real_reviews": 5584,
  "overlap_aspects": [
    "accessibility",
    "exam_fairness",
    "lecturer_quality",
    "materials",
    "organization",
    "overall_experience",
    "workload"
  ]
}

=== stderr ===

