=== stdout ===
[2026-06-04T17:26:02.621796+00:00] Resume signature mismatch at /app/paper/real_transfer/resume_real_transfer.json; starting a fresh checkpoint
[2026-06-04T17:26:02.622268+00:00] Detailed log file -> /app/paper/benchmark_outputs/logs/real_transfer_20260604T172602Z.log
[2026-06-04T17:26:02.622348+00:00] Resume checkpoint -> /app/paper/real_transfer/resume_real_transfer.json
[2026-06-04T17:26:03.020318+00:00] Loaded pre-mapped real JSONL (5584 rows) from /app/external_data/edurabsa_all_mapped.jsonl
[2026-06-04T17:26:03.219446+00:00] [bert-base-uncased] transfer evaluation start
[2026-06-04T17:26:03.220010+00:00] [bert-base-uncased:detection] acquired GPU training lock -> /app/paper/benchmark_outputs/gpu_training.lock
[2026-06-04T17:26:06.321700+00:00] [bert-base-uncased] detection training start: train_rows=986 val_rows=123 epochs=3 batch_size=8 device=cuda
[2026-06-04T17:26:17.889923+00:00] [bert-base-uncased] detection epoch 1/3: train_loss=1.1560 val_micro_f1=0.1841 val_macro_f1=0.0813 best_macro_f1=0.0813 patience=0 epoch_seconds=11.6
[2026-06-04T17:26:29.235479+00:00] [bert-base-uncased] detection epoch 2/3: train_loss=1.1289 val_micro_f1=0.3168 val_macro_f1=0.2440 best_macro_f1=0.2440 patience=0 epoch_seconds=11.2
[2026-06-04T17:26:40.646697+00:00] [bert-base-uncased] detection epoch 3/3: train_loss=1.0621 val_micro_f1=0.2786 val_macro_f1=0.2870 best_macro_f1=0.2870 patience=0 epoch_seconds=11.2
[2026-06-04T17:26:40.777854+00:00] [bert-base-uncased] detection training complete: best_macro_f1=0.2870
[2026-06-04T17:26:40.778432+00:00] [bert-base-uncased:detection] released GPU training lock
[2026-06-04T17:26:40.783797+00:00] [bert-base-uncased:sentiment] acquired GPU training lock -> /app/paper/benchmark_outputs/gpu_training.lock
[2026-06-04T17:26:41.635863+00:00] [bert-base-uncased] sentiment training start: train_rows=986 val_rows=123 epochs=3 batch_size=8 device=cuda
[2026-06-04T17:26:52.914398+00:00] [bert-base-uncased] sentiment epoch 1/3: train_loss=0.4810 val_mse=0.5300 best_val_mse=0.5300 patience=0 epoch_seconds=11.3
[2026-06-04T17:27:04.204479+00:00] [bert-base-uncased] sentiment epoch 2/3: train_loss=0.4377 val_mse=0.4897 best_val_mse=0.4897 patience=0 epoch_seconds=11.2
[2026-06-04T17:27:15.503129+00:00] [bert-base-uncased] sentiment epoch 3/3: train_loss=0.3357 val_mse=0.4951 best_val_mse=0.4897 patience=0 epoch_seconds=11.2
[2026-06-04T17:27:15.550149+00:00] [bert-base-uncased] sentiment training complete: best_val_mse=0.4897
[2026-06-04T17:27:15.550763+00:00] [bert-base-uncased:sentiment] released GPU training lock
[2026-06-04T17:27:52.119268+00:00] [bert-base-uncased] transfer evaluation complete: micro_f1=0.3713 sentiment_mse=0.9453
{
  "real_jsonl": "/app/paper/real_transfer/herath_mapped_real_reviews.jsonl",
  "overlap_summary": "/app/paper/real_transfer/herath_overlap_summary.csv",
  "summary": "/app/paper/real_transfer/synthetic_to_real_transfer_summary.csv",
  "per_aspect": "/app/paper/real_transfer/synthetic_to_real_transfer_per_aspect.csv",
  "run_dir": "/app/paper/real_transfer/runs/synthetic_to_real_transfer_20260604T172752Z",
  "n_real_reviews": 5584,
  "overlap_aspects": [
    "accessibility",
    "exam_fairness",
    "lecturer_quality",
    "materials",
    "organization",
    "overall_experience",
    "workload"
  ]
}

=== stderr ===

