=== stdout ===
[2026-06-04T17:22:42.810439+00:00] Resume signature mismatch at /app/paper/real_transfer/resume_real_transfer.json; starting a fresh checkpoint
[2026-06-04T17:22:42.811021+00:00] Detailed log file -> /app/paper/benchmark_outputs/logs/real_transfer_20260604T172242Z.log
[2026-06-04T17:22:42.811123+00:00] Resume checkpoint -> /app/paper/real_transfer/resume_real_transfer.json
[2026-06-04T17:22:46.571195+00:00] [distilbert-base-uncased] transfer evaluation start
[2026-06-04T17:22:46.571666+00:00] [distilbert-base-uncased:detection] acquired GPU training lock -> /app/paper/benchmark_outputs/gpu_training.lock
[2026-06-04T17:22:50.855097+00:00] [distilbert-base-uncased] detection training start: train_rows=2755 val_rows=344 epochs=3 batch_size=8 device=cuda
[2026-06-04T17:23:08.393032+00:00] [distilbert-base-uncased] detection epoch 1/3: train_loss=1.1550 val_micro_f1=0.3233 val_macro_f1=0.3594 best_macro_f1=0.3594 patience=0 epoch_seconds=17.5
[2026-06-04T17:23:25.372088+00:00] [distilbert-base-uncased] detection epoch 2/3: train_loss=1.0247 val_micro_f1=0.3786 val_macro_f1=0.4103 best_macro_f1=0.4103 patience=0 epoch_seconds=16.9
[2026-06-04T17:23:42.595102+00:00] [distilbert-base-uncased] detection epoch 3/3: train_loss=0.9405 val_micro_f1=0.3922 val_macro_f1=0.4281 best_macro_f1=0.4281 patience=0 epoch_seconds=17.1
[2026-06-04T17:23:42.675612+00:00] [distilbert-base-uncased] detection training complete: best_macro_f1=0.4281
[2026-06-04T17:23:42.676139+00:00] [distilbert-base-uncased:detection] released GPU training lock
[2026-06-04T17:23:42.680170+00:00] [distilbert-base-uncased:sentiment] acquired GPU training lock -> /app/paper/benchmark_outputs/gpu_training.lock
[2026-06-04T17:23:43.332119+00:00] [distilbert-base-uncased] sentiment training start: train_rows=2755 val_rows=344 epochs=3 batch_size=8 device=cuda
[2026-06-04T17:24:00.440843+00:00] [distilbert-base-uncased] sentiment epoch 1/3: train_loss=0.6849 val_mse=0.6967 best_val_mse=0.6967 patience=0 epoch_seconds=17.1
[2026-06-04T17:24:17.935652+00:00] [distilbert-base-uncased] sentiment epoch 2/3: train_loss=0.6100 val_mse=0.5916 best_val_mse=0.5916 patience=0 epoch_seconds=17.5
[2026-06-04T17:24:35.673500+00:00] [distilbert-base-uncased] sentiment epoch 3/3: train_loss=0.4540 val_mse=0.5621 best_val_mse=0.5621 patience=0 epoch_seconds=17.5
[2026-06-04T17:24:35.728947+00:00] [distilbert-base-uncased] sentiment training complete: best_val_mse=0.5621
[2026-06-04T17:24:35.729586+00:00] [distilbert-base-uncased:sentiment] released GPU training lock
[2026-06-04T17:24:46.782141+00:00] [distilbert-base-uncased] transfer evaluation complete: micro_f1=0.3706 sentiment_mse=0.3815
{
  "real_jsonl": "/app/paper/real_transfer/herath_mapped_real_reviews.jsonl",
  "overlap_summary": "/app/paper/real_transfer/herath_overlap_summary.csv",
  "summary": "/app/paper/real_transfer/synthetic_to_real_transfer_summary.csv",
  "per_aspect": "/app/paper/real_transfer/synthetic_to_real_transfer_per_aspect.csv",
  "run_dir": "/app/paper/real_transfer/runs/synthetic_to_real_transfer_20260604T172446Z",
  "n_real_reviews": 2829,
  "overlap_aspects": [
    "accessibility",
    "assessment_design",
    "exam_fairness",
    "grading_transparency",
    "lecturer_quality",
    "materials",
    "organization",
    "overall_experience",
    "workload"
  ]
}

=== stderr ===

