=== stdout ===
[2026-06-04T17:55:16.334377+00:00] Detailed log file -> /app/paper/benchmark_outputs/logs/real_transfer_20260604T175516Z.log
[2026-06-04T17:55:16.334428+00:00] Resume checkpoint -> /app/paper/real_transfer/resume_real_transfer.json
[2026-06-04T17:55:16.670252+00:00] Loaded pre-mapped real JSONL (5584 rows) from /app/external_data/edurabsa_all_mapped.jsonl
[2026-06-04T17:55:16.847433+00:00] [distilbert-base-uncased] transfer evaluation start
[2026-06-04T17:55:16.847796+00:00] [distilbert-base-uncased:detection] acquired GPU training lock -> /app/paper/benchmark_outputs/gpu_training.lock
[2026-06-04T17:55:22.991672+00:00] [distilbert-base-uncased] detection training start: train_rows=1016 val_rows=127 epochs=3 batch_size=8 device=cuda
[2026-06-04T17:55:30.992942+00:00] [distilbert-base-uncased] detection epoch 1/3: train_loss=1.1063 val_micro_f1=0.4470 val_macro_f1=0.4260 best_macro_f1=0.4260 patience=0 epoch_seconds=8.0
[2026-06-04T17:55:38.577080+00:00] [distilbert-base-uncased] detection epoch 2/3: train_loss=0.9240 val_micro_f1=0.4684 val_macro_f1=0.5018 best_macro_f1=0.5018 patience=0 epoch_seconds=7.5
[2026-06-04T17:55:46.163386+00:00] [distilbert-base-uncased] detection epoch 3/3: train_loss=0.7829 val_micro_f1=0.4814 val_macro_f1=0.4979 best_macro_f1=0.5018 patience=0 epoch_seconds=7.5
[2026-06-04T17:55:46.199454+00:00] [distilbert-base-uncased] detection training complete: best_macro_f1=0.5018
[2026-06-04T17:55:46.199839+00:00] [distilbert-base-uncased:detection] released GPU training lock
[2026-06-04T17:55:46.202285+00:00] [distilbert-base-uncased:sentiment] acquired GPU training lock -> /app/paper/benchmark_outputs/gpu_training.lock
[2026-06-04T17:55:46.670681+00:00] [distilbert-base-uncased] sentiment training start: train_rows=1016 val_rows=127 epochs=3 batch_size=8 device=cuda
[2026-06-04T17:55:54.214461+00:00] [distilbert-base-uncased] sentiment epoch 1/3: train_loss=0.7317 val_mse=0.6582 best_val_mse=0.6582 patience=0 epoch_seconds=7.5
[2026-06-04T17:56:01.783847+00:00] [distilbert-base-uncased] sentiment epoch 2/3: train_loss=0.6221 val_mse=0.5823 best_val_mse=0.5823 patience=0 epoch_seconds=7.5
[2026-06-04T17:56:09.494921+00:00] [distilbert-base-uncased] sentiment epoch 3/3: train_loss=0.3796 val_mse=0.7988 best_val_mse=0.5823 patience=0 epoch_seconds=7.6
[2026-06-04T17:56:09.531039+00:00] [distilbert-base-uncased] sentiment training complete: best_val_mse=0.5823
[2026-06-04T17:56:09.531823+00:00] [distilbert-base-uncased:sentiment] released GPU training lock
[2026-06-04T17:56:34.787380+00:00] [distilbert-base-uncased] transfer evaluation complete: micro_f1=0.3246 sentiment_mse=0.5064
{
  "real_jsonl": "/app/paper/real_transfer/herath_mapped_real_reviews.jsonl",
  "overlap_summary": "/app/paper/real_transfer/herath_overlap_summary.csv",
  "summary": "/app/paper/real_transfer/synthetic_to_real_transfer_summary.csv",
  "per_aspect": "/app/paper/real_transfer/synthetic_to_real_transfer_per_aspect.csv",
  "run_dir": "/app/paper/real_transfer/runs/synthetic_to_real_transfer_20260604T175634Z",
  "n_real_reviews": 5584,
  "overlap_aspects": [
    "accessibility",
    "exam_fairness",
    "lecturer_quality",
    "materials",
    "organization",
    "overall_experience",
    "workload"
  ]
}

=== stderr ===

