=== stdout ===
[2026-06-04T17:38:43.669213+00:00] Detailed log file -> /app/paper/benchmark_outputs/logs/real_transfer_20260604T173843Z.log
[2026-06-04T17:38:43.669290+00:00] Resume checkpoint -> /app/paper/real_transfer/resume_real_transfer.json
[2026-06-04T17:38:44.073574+00:00] Loaded pre-mapped real JSONL (5584 rows) from /app/external_data/edurabsa_all_mapped.jsonl
[2026-06-04T17:38:44.287376+00:00] [bert-base-uncased] transfer evaluation start
[2026-06-04T17:38:44.287987+00:00] [bert-base-uncased:detection] acquired GPU training lock -> /app/paper/benchmark_outputs/gpu_training.lock
[2026-06-04T17:38:51.622742+00:00] [bert-base-uncased] detection training start: train_rows=1016 val_rows=127 epochs=3 batch_size=8 device=cuda
[2026-06-04T17:39:04.180599+00:00] [bert-base-uncased] detection epoch 1/3: train_loss=1.1030 val_micro_f1=0.3769 val_macro_f1=0.3986 best_macro_f1=0.3986 patience=0 epoch_seconds=12.6
[2026-06-04T17:39:15.926956+00:00] [bert-base-uncased] detection epoch 2/3: train_loss=0.9137 val_micro_f1=0.4640 val_macro_f1=0.4999 best_macro_f1=0.4999 patience=0 epoch_seconds=11.6
[2026-06-04T17:39:27.646663+00:00] [bert-base-uncased] detection epoch 3/3: train_loss=0.7691 val_micro_f1=0.4898 val_macro_f1=0.5130 best_macro_f1=0.5130 patience=0 epoch_seconds=11.5
[2026-06-04T17:39:27.771643+00:00] [bert-base-uncased] detection training complete: best_macro_f1=0.5130
[2026-06-04T17:39:27.772174+00:00] [bert-base-uncased:detection] released GPU training lock
[2026-06-04T17:39:27.776915+00:00] [bert-base-uncased:sentiment] acquired GPU training lock -> /app/paper/benchmark_outputs/gpu_training.lock
[2026-06-04T17:39:28.834722+00:00] [bert-base-uncased] sentiment training start: train_rows=1016 val_rows=127 epochs=3 batch_size=8 device=cuda
[2026-06-04T17:39:40.474759+00:00] [bert-base-uncased] sentiment epoch 1/3: train_loss=0.7364 val_mse=0.6381 best_val_mse=0.6381 patience=0 epoch_seconds=11.6
[2026-06-04T17:39:52.108761+00:00] [bert-base-uncased] sentiment epoch 2/3: train_loss=0.5720 val_mse=0.5508 best_val_mse=0.5508 patience=0 epoch_seconds=11.6
[2026-06-04T17:40:03.857929+00:00] [bert-base-uncased] sentiment epoch 3/3: train_loss=0.3093 val_mse=0.6946 best_val_mse=0.5508 patience=0 epoch_seconds=11.6
[2026-06-04T17:40:03.903736+00:00] [bert-base-uncased] sentiment training complete: best_val_mse=0.5508
[2026-06-04T17:40:03.904296+00:00] [bert-base-uncased:sentiment] released GPU training lock
[2026-06-04T17:40:40.365873+00:00] [bert-base-uncased] transfer evaluation complete: micro_f1=0.4539 sentiment_mse=0.4729
{
  "real_jsonl": "/app/paper/real_transfer/herath_mapped_real_reviews.jsonl",
  "overlap_summary": "/app/paper/real_transfer/herath_overlap_summary.csv",
  "summary": "/app/paper/real_transfer/synthetic_to_real_transfer_summary.csv",
  "per_aspect": "/app/paper/real_transfer/synthetic_to_real_transfer_per_aspect.csv",
  "run_dir": "/app/paper/real_transfer/runs/synthetic_to_real_transfer_20260604T174040Z",
  "n_real_reviews": 5584,
  "overlap_aspects": [
    "accessibility",
    "exam_fairness",
    "lecturer_quality",
    "materials",
    "organization",
    "overall_experience",
    "workload"
  ]
}

=== stderr ===

