=== stdout ===
[2026-06-04T17:18:46.488314+00:00] Resume signature mismatch at /app/paper/real_transfer/resume_real_transfer.json; starting a fresh checkpoint
[2026-06-04T17:18:46.489018+00:00] Detailed log file -> /app/paper/benchmark_outputs/logs/real_transfer_20260604T171846Z.log
[2026-06-04T17:18:46.489166+00:00] Resume checkpoint -> /app/paper/real_transfer/resume_real_transfer.json
[2026-06-04T17:18:51.056559+00:00] [distilbert-base-uncased] transfer evaluation start
[2026-06-04T17:18:51.057045+00:00] [distilbert-base-uncased:detection] acquired GPU training lock -> /app/paper/benchmark_outputs/gpu_training.lock
[2026-06-04T17:18:57.147483+00:00] [distilbert-base-uncased] detection training start: train_rows=5495 val_rows=686 epochs=3 batch_size=8 device=cuda
[2026-06-04T17:19:33.258981+00:00] [distilbert-base-uncased] detection epoch 1/3: train_loss=1.0896 val_micro_f1=0.3587 val_macro_f1=0.3778 best_macro_f1=0.3778 patience=0 epoch_seconds=36.1
[2026-06-04T17:20:07.266928+00:00] [distilbert-base-uncased] detection epoch 2/3: train_loss=0.9726 val_micro_f1=0.3809 val_macro_f1=0.4050 best_macro_f1=0.4050 patience=0 epoch_seconds=33.9
[2026-06-04T17:20:41.500032+00:00] [distilbert-base-uncased] detection epoch 3/3: train_loss=0.9127 val_micro_f1=0.3797 val_macro_f1=0.4019 best_macro_f1=0.4050 patience=0 epoch_seconds=34.1
[2026-06-04T17:20:41.527102+00:00] [distilbert-base-uncased] detection training complete: best_macro_f1=0.4050
[2026-06-04T17:20:41.527722+00:00] [distilbert-base-uncased:detection] released GPU training lock
[2026-06-04T17:20:41.530165+00:00] [distilbert-base-uncased:sentiment] acquired GPU training lock -> /app/paper/benchmark_outputs/gpu_training.lock
[2026-06-04T17:20:42.201267+00:00] [distilbert-base-uncased] sentiment training start: train_rows=5495 val_rows=686 epochs=3 batch_size=8 device=cuda
[2026-06-04T17:21:16.467250+00:00] [distilbert-base-uncased] sentiment epoch 1/3: train_loss=0.6574 val_mse=0.5521 best_val_mse=0.5521 patience=0 epoch_seconds=34.3
[2026-06-04T17:21:50.404038+00:00] [distilbert-base-uncased] sentiment epoch 2/3: train_loss=0.5328 val_mse=0.5052 best_val_mse=0.5052 patience=0 epoch_seconds=33.9
[2026-06-04T17:22:24.419342+00:00] [distilbert-base-uncased] sentiment epoch 3/3: train_loss=0.4170 val_mse=0.4956 best_val_mse=0.4956 patience=0 epoch_seconds=33.9
[2026-06-04T17:22:24.473518+00:00] [distilbert-base-uncased] sentiment training complete: best_val_mse=0.4956
[2026-06-04T17:22:24.474149+00:00] [distilbert-base-uncased:sentiment] released GPU training lock
[2026-06-04T17:22:35.590829+00:00] [distilbert-base-uncased] transfer evaluation complete: micro_f1=0.3244 sentiment_mse=0.3307
{
  "real_jsonl": "/app/paper/real_transfer/herath_mapped_real_reviews.jsonl",
  "overlap_summary": "/app/paper/real_transfer/herath_overlap_summary.csv",
  "summary": "/app/paper/real_transfer/synthetic_to_real_transfer_summary.csv",
  "per_aspect": "/app/paper/real_transfer/synthetic_to_real_transfer_per_aspect.csv",
  "run_dir": "/app/paper/real_transfer/runs/synthetic_to_real_transfer_20260604T172235Z",
  "n_real_reviews": 2829,
  "overlap_aspects": [
    "accessibility",
    "assessment_design",
    "exam_fairness",
    "grading_transparency",
    "lecturer_quality",
    "materials",
    "organization",
    "overall_experience",
    "workload"
  ]
}

=== stderr ===

