=== stdout ===
[2026-06-04T17:38:41.666514+00:00] Detailed log file -> /app/paper/benchmark_outputs/logs/real_transfer_20260604T173841Z.log
[2026-06-04T17:38:41.666601+00:00] Resume checkpoint -> /app/paper/real_transfer/resume_real_transfer.json
[2026-06-04T17:38:42.248960+00:00] Loaded pre-mapped real JSONL (5584 rows) from /app/external_data/edurabsa_all_mapped.jsonl
[2026-06-04T17:38:42.533022+00:00] [bert-base-uncased] transfer evaluation start
[2026-06-04T17:38:42.533368+00:00] [bert-base-uncased:detection] acquired GPU training lock -> /app/paper/benchmark_outputs/gpu_training.lock
[2026-06-04T17:38:49.822818+00:00] [bert-base-uncased] detection training start: train_rows=2317 val_rows=289 epochs=3 batch_size=8 device=cuda
[2026-06-04T17:39:22.680920+00:00] [bert-base-uncased] detection epoch 1/3: train_loss=1.0621 val_micro_f1=0.4700 val_macro_f1=0.4839 best_macro_f1=0.4839 patience=0 epoch_seconds=32.9
[2026-06-04T17:39:55.355283+00:00] [bert-base-uncased] detection epoch 2/3: train_loss=0.8904 val_micro_f1=0.5115 val_macro_f1=0.5512 best_macro_f1=0.5512 patience=0 epoch_seconds=32.5
[2026-06-04T17:40:28.086383+00:00] [bert-base-uncased] detection epoch 3/3: train_loss=0.7951 val_micro_f1=0.4943 val_macro_f1=0.5085 best_macro_f1=0.5512 patience=0 epoch_seconds=32.6
[2026-06-04T17:40:28.144399+00:00] [bert-base-uncased] detection training complete: best_macro_f1=0.5512
[2026-06-04T17:40:28.144855+00:00] [bert-base-uncased:detection] released GPU training lock
[2026-06-04T17:40:28.147137+00:00] [bert-base-uncased:sentiment] acquired GPU training lock -> /app/paper/benchmark_outputs/gpu_training.lock
[2026-06-04T17:40:28.703286+00:00] [bert-base-uncased] sentiment training start: train_rows=2317 val_rows=289 epochs=3 batch_size=8 device=cuda
[2026-06-04T17:41:01.455852+00:00] [bert-base-uncased] sentiment epoch 1/3: train_loss=0.6837 val_mse=0.5327 best_val_mse=0.5327 patience=0 epoch_seconds=32.8
[2026-06-04T17:41:34.380154+00:00] [bert-base-uncased] sentiment epoch 2/3: train_loss=0.4604 val_mse=0.4743 best_val_mse=0.4743 patience=0 epoch_seconds=32.9
[2026-06-04T17:42:07.415298+00:00] [bert-base-uncased] sentiment epoch 3/3: train_loss=0.2965 val_mse=0.5094 best_val_mse=0.4743 patience=0 epoch_seconds=32.9
[2026-06-04T17:42:07.475449+00:00] [bert-base-uncased] sentiment training complete: best_val_mse=0.4743
[2026-06-04T17:42:07.475939+00:00] [bert-base-uncased:sentiment] released GPU training lock
[2026-06-04T17:42:56.355398+00:00] [bert-base-uncased] transfer evaluation complete: micro_f1=0.3737 sentiment_mse=0.4822
{
  "real_jsonl": "/app/paper/real_transfer/herath_mapped_real_reviews.jsonl",
  "overlap_summary": "/app/paper/real_transfer/herath_overlap_summary.csv",
  "summary": "/app/paper/real_transfer/synthetic_to_real_transfer_summary.csv",
  "per_aspect": "/app/paper/real_transfer/synthetic_to_real_transfer_per_aspect.csv",
  "run_dir": "/app/paper/real_transfer/runs/synthetic_to_real_transfer_20260604T174256Z",
  "n_real_reviews": 5584,
  "overlap_aspects": [
    "accessibility",
    "exam_fairness",
    "lecturer_quality",
    "materials",
    "organization",
    "overall_experience",
    "workload"
  ]
}

=== stderr ===

