=== stdout ===
[2026-06-04T18:01:52.437724+00:00] Resume signature mismatch at /app/paper/real_transfer/resume_real_transfer.json; starting a fresh checkpoint
[2026-06-04T18:01:52.438075+00:00] Detailed log file -> /app/paper/benchmark_outputs/logs/real_transfer_20260604T180152Z.log
[2026-06-04T18:01:52.438121+00:00] Resume checkpoint -> /app/paper/real_transfer/resume_real_transfer.json
[2026-06-04T18:01:53.010416+00:00] Loaded pre-mapped real JSONL (5584 rows) from /app/external_data/edurabsa_all_mapped.jsonl
[2026-06-04T18:01:53.284966+00:00] [distilbert-base-uncased] transfer evaluation start
[2026-06-04T18:01:53.285163+00:00] [distilbert-base-uncased:detection] acquired GPU training lock -> /app/paper/benchmark_outputs/gpu_training.lock
[2026-06-04T18:01:56.137878+00:00] [distilbert-base-uncased] detection training start: train_rows=2337 val_rows=291 epochs=3 batch_size=8 device=cuda
[2026-06-04T18:02:13.864221+00:00] [distilbert-base-uncased] detection epoch 1/3: train_loss=1.1189 val_micro_f1=0.3993 val_macro_f1=0.4346 best_macro_f1=0.4346 patience=0 epoch_seconds=17.7
[2026-06-04T18:02:31.328384+00:00] [distilbert-base-uncased] detection epoch 2/3: train_loss=0.9958 val_micro_f1=0.4367 val_macro_f1=0.4631 best_macro_f1=0.4631 patience=0 epoch_seconds=17.4
[2026-06-04T18:02:48.806499+00:00] [distilbert-base-uncased] detection epoch 3/3: train_loss=0.9242 val_micro_f1=0.4177 val_macro_f1=0.4366 best_macro_f1=0.4631 patience=0 epoch_seconds=17.4
[2026-06-04T18:02:48.835079+00:00] [distilbert-base-uncased] detection training complete: best_macro_f1=0.4631
[2026-06-04T18:02:48.835465+00:00] [distilbert-base-uncased:detection] released GPU training lock
[2026-06-04T18:02:48.837446+00:00] [distilbert-base-uncased:sentiment] acquired GPU training lock -> /app/paper/benchmark_outputs/gpu_training.lock
[2026-06-04T18:02:49.261330+00:00] [distilbert-base-uncased] sentiment training start: train_rows=2337 val_rows=291 epochs=3 batch_size=8 device=cuda
[2026-06-04T18:03:06.777600+00:00] [distilbert-base-uncased] sentiment epoch 1/3: train_loss=0.6823 val_mse=0.6998 best_val_mse=0.6998 patience=0 epoch_seconds=17.5
[2026-06-04T18:03:24.269872+00:00] [distilbert-base-uncased] sentiment epoch 2/3: train_loss=0.6091 val_mse=0.6078 best_val_mse=0.6078 patience=0 epoch_seconds=17.5
[2026-06-04T18:03:41.937971+00:00] [distilbert-base-uncased] sentiment epoch 3/3: train_loss=0.4517 val_mse=0.7370 best_val_mse=0.6078 patience=0 epoch_seconds=17.6
[2026-06-04T18:03:41.968400+00:00] [distilbert-base-uncased] sentiment training complete: best_val_mse=0.6078
[2026-06-04T18:03:41.968763+00:00] [distilbert-base-uncased:sentiment] released GPU training lock
[2026-06-04T18:04:07.996861+00:00] [distilbert-base-uncased] transfer evaluation complete: micro_f1=0.4750 sentiment_mse=0.5878
{
  "real_jsonl": "/app/paper/real_transfer/herath_mapped_real_reviews.jsonl",
  "overlap_summary": "/app/paper/real_transfer/herath_overlap_summary.csv",
  "summary": "/app/paper/real_transfer/synthetic_to_real_transfer_summary.csv",
  "per_aspect": "/app/paper/real_transfer/synthetic_to_real_transfer_per_aspect.csv",
  "run_dir": "/app/paper/real_transfer/runs/synthetic_to_real_transfer_20260604T180407Z",
  "n_real_reviews": 5584,
  "overlap_aspects": [
    "accessibility",
    "exam_fairness",
    "lecturer_quality",
    "materials",
    "organization",
    "overall_experience",
    "workload"
  ]
}

=== stderr ===

