=== stdout ===
[2026-06-04T17:54:44.671795+00:00] Detailed log file -> /app/paper/benchmark_outputs/logs/real_transfer_20260604T175444Z.log
[2026-06-04T17:54:44.671852+00:00] Resume checkpoint -> /app/paper/real_transfer/resume_real_transfer.json
[2026-06-04T17:54:45.054404+00:00] Loaded pre-mapped real JSONL (5584 rows) from /app/external_data/edurabsa_all_mapped.jsonl
[2026-06-04T17:54:45.236851+00:00] [distilbert-base-uncased] transfer evaluation start
[2026-06-04T17:54:45.237249+00:00] [distilbert-base-uncased:detection] acquired GPU training lock -> /app/paper/benchmark_outputs/gpu_training.lock
[2026-06-04T17:54:51.279424+00:00] [distilbert-base-uncased] detection training start: train_rows=1016 val_rows=127 epochs=3 batch_size=8 device=cuda
[2026-06-04T17:54:59.174740+00:00] [distilbert-base-uncased] detection epoch 1/3: train_loss=1.1454 val_micro_f1=0.3991 val_macro_f1=0.3918 best_macro_f1=0.3918 patience=0 epoch_seconds=7.9
[2026-06-04T17:55:06.627086+00:00] [distilbert-base-uncased] detection epoch 2/3: train_loss=0.9040 val_micro_f1=0.4513 val_macro_f1=0.4913 best_macro_f1=0.4913 patience=0 epoch_seconds=7.4
[2026-06-04T17:55:14.126722+00:00] [distilbert-base-uncased] detection epoch 3/3: train_loss=0.7813 val_micro_f1=0.4988 val_macro_f1=0.5215 best_macro_f1=0.5215 patience=0 epoch_seconds=7.4
[2026-06-04T17:55:14.212304+00:00] [distilbert-base-uncased] detection training complete: best_macro_f1=0.5215
[2026-06-04T17:55:14.212682+00:00] [distilbert-base-uncased:detection] released GPU training lock
[2026-06-04T17:55:14.215072+00:00] [distilbert-base-uncased:sentiment] acquired GPU training lock -> /app/paper/benchmark_outputs/gpu_training.lock
[2026-06-04T17:55:14.654000+00:00] [distilbert-base-uncased] sentiment training start: train_rows=1016 val_rows=127 epochs=3 batch_size=8 device=cuda
[2026-06-04T17:55:22.153329+00:00] [distilbert-base-uncased] sentiment epoch 1/3: train_loss=0.7486 val_mse=0.6629 best_val_mse=0.6629 patience=0 epoch_seconds=7.5
[2026-06-04T17:55:29.617745+00:00] [distilbert-base-uncased] sentiment epoch 2/3: train_loss=0.6392 val_mse=0.4907 best_val_mse=0.4907 patience=0 epoch_seconds=7.4
[2026-06-04T17:55:37.128889+00:00] [distilbert-base-uncased] sentiment epoch 3/3: train_loss=0.4410 val_mse=0.5179 best_val_mse=0.4907 patience=0 epoch_seconds=7.4
[2026-06-04T17:55:37.163652+00:00] [distilbert-base-uncased] sentiment training complete: best_val_mse=0.4907
[2026-06-04T17:55:37.163986+00:00] [distilbert-base-uncased:sentiment] released GPU training lock
[2026-06-04T17:56:01.956671+00:00] [distilbert-base-uncased] transfer evaluation complete: micro_f1=0.3752 sentiment_mse=0.7959
{
  "real_jsonl": "/app/paper/real_transfer/herath_mapped_real_reviews.jsonl",
  "overlap_summary": "/app/paper/real_transfer/herath_overlap_summary.csv",
  "summary": "/app/paper/real_transfer/synthetic_to_real_transfer_summary.csv",
  "per_aspect": "/app/paper/real_transfer/synthetic_to_real_transfer_per_aspect.csv",
  "run_dir": "/app/paper/real_transfer/runs/synthetic_to_real_transfer_20260604T175601Z",
  "n_real_reviews": 5584,
  "overlap_aspects": [
    "accessibility",
    "exam_fairness",
    "lecturer_quality",
    "materials",
    "organization",
    "overall_experience",
    "workload"
  ]
}

=== stderr ===

