=== stdout ===
[2026-06-04T12:55:55.451285+00:00] Resume signature mismatch at /app/paper/real_transfer/resume_real_transfer.json; starting a fresh checkpoint
[2026-06-04T12:55:55.452416+00:00] Detailed log file -> /app/paper/benchmark_outputs/logs/real_transfer_20260604T125555Z.log
[2026-06-04T12:55:55.452463+00:00] Resume checkpoint -> /app/paper/real_transfer/resume_real_transfer.json
[2026-06-04T12:55:58.155851+00:00] [bert-base-uncased] transfer evaluation start
[2026-06-04T12:55:58.156335+00:00] [bert-base-uncased:detection] acquired GPU training lock -> /app/paper/benchmark_outputs/gpu_training.lock
[2026-06-04T12:56:00.667387+00:00] [bert-base-uncased] detection training start: train_rows=1220 val_rows=152 epochs=3 batch_size=8 device=cuda
[2026-06-04T12:56:17.612858+00:00] [bert-base-uncased] detection epoch 1/3: train_loss=1.1994 val_micro_f1=0.2171 val_macro_f1=0.1323 best_macro_f1=0.1323 patience=0 epoch_seconds=16.9
[2026-06-04T12:56:34.383285+00:00] [bert-base-uncased] detection epoch 2/3: train_loss=1.1782 val_micro_f1=0.2513 val_macro_f1=0.1805 best_macro_f1=0.1805 patience=0 epoch_seconds=16.6
[2026-06-04T12:56:51.281129+00:00] [bert-base-uncased] detection epoch 3/3: train_loss=1.1318 val_micro_f1=0.2411 val_macro_f1=0.2364 best_macro_f1=0.2364 patience=0 epoch_seconds=16.7
[2026-06-04T12:56:51.393839+00:00] [bert-base-uncased] detection training complete: best_macro_f1=0.2364
[2026-06-04T12:56:51.394227+00:00] [bert-base-uncased:detection] released GPU training lock
[2026-06-04T12:56:51.397759+00:00] [bert-base-uncased:sentiment] acquired GPU training lock -> /app/paper/benchmark_outputs/gpu_training.lock
[2026-06-04T12:56:51.950384+00:00] [bert-base-uncased] sentiment training start: train_rows=1220 val_rows=152 epochs=3 batch_size=8 device=cuda
[2026-06-04T12:57:08.763914+00:00] [bert-base-uncased] sentiment epoch 1/3: train_loss=0.4955 val_mse=0.4780 best_val_mse=0.4780 patience=0 epoch_seconds=16.8
[2026-06-04T12:57:25.614309+00:00] [bert-base-uncased] sentiment epoch 2/3: train_loss=0.4593 val_mse=0.4573 best_val_mse=0.4573 patience=0 epoch_seconds=16.8
[2026-06-04T12:57:42.606382+00:00] [bert-base-uncased] sentiment epoch 3/3: train_loss=0.3906 val_mse=0.4957 best_val_mse=0.4573 patience=0 epoch_seconds=16.9
[2026-06-04T12:57:42.654713+00:00] [bert-base-uncased] sentiment training complete: best_val_mse=0.4573
[2026-06-04T12:57:42.655205+00:00] [bert-base-uncased:sentiment] released GPU training lock
[2026-06-04T12:58:06.636428+00:00] [bert-base-uncased] transfer evaluation complete: micro_f1=0.2409 sentiment_mse=0.6191
{
  "real_jsonl": "/app/paper/real_transfer/herath_mapped_real_reviews.jsonl",
  "overlap_summary": "/app/paper/real_transfer/herath_overlap_summary.csv",
  "summary": "/app/paper/real_transfer/synthetic_to_real_transfer_summary.csv",
  "per_aspect": "/app/paper/real_transfer/synthetic_to_real_transfer_per_aspect.csv",
  "run_dir": "/app/paper/real_transfer/runs/synthetic_to_real_transfer_20260604T125806Z",
  "n_real_reviews": 2829,
  "overlap_aspects": [
    "accessibility",
    "assessment_design",
    "exam_fairness",
    "grading_transparency",
    "lecturer_quality",
    "materials",
    "organization",
    "overall_experience",
    "workload"
  ]
}

=== stderr ===

