=== stdout ===
[2026-06-04T17:12:54.637489+00:00] Resume signature mismatch at /app/paper/real_transfer/resume_real_transfer.json; starting a fresh checkpoint
[2026-06-04T17:12:54.637791+00:00] Detailed log file -> /app/paper/benchmark_outputs/logs/real_transfer_20260604T171254Z.log
[2026-06-04T17:12:54.637828+00:00] Resume checkpoint -> /app/paper/real_transfer/resume_real_transfer.json
[2026-06-04T17:12:57.956435+00:00] [distilbert-base-uncased] transfer evaluation start
[2026-06-04T17:12:57.956754+00:00] [distilbert-base-uncased:detection] acquired GPU training lock -> /app/paper/benchmark_outputs/gpu_training.lock
[2026-06-04T17:13:01.182473+00:00] [distilbert-base-uncased] detection training start: train_rows=2729 val_rows=341 epochs=3 batch_size=8 device=cuda
[2026-06-04T17:13:22.010033+00:00] [distilbert-base-uncased] detection epoch 1/3: train_loss=1.0867 val_micro_f1=0.3922 val_macro_f1=0.4371 best_macro_f1=0.4371 patience=0 epoch_seconds=20.8
[2026-06-04T17:13:42.501539+00:00] [distilbert-base-uncased] detection epoch 2/3: train_loss=0.9180 val_micro_f1=0.4527 val_macro_f1=0.4862 best_macro_f1=0.4862 patience=0 epoch_seconds=20.4
[2026-06-04T17:14:02.985908+00:00] [distilbert-base-uncased] detection epoch 3/3: train_loss=0.8239 val_micro_f1=0.4516 val_macro_f1=0.4755 best_macro_f1=0.4862 patience=0 epoch_seconds=20.4
[2026-06-04T17:14:03.015782+00:00] [distilbert-base-uncased] detection training complete: best_macro_f1=0.4862
[2026-06-04T17:14:03.016163+00:00] [distilbert-base-uncased:detection] released GPU training lock
[2026-06-04T17:14:03.017686+00:00] [distilbert-base-uncased:sentiment] acquired GPU training lock -> /app/paper/benchmark_outputs/gpu_training.lock
[2026-06-04T17:14:03.475592+00:00] [distilbert-base-uncased] sentiment training start: train_rows=2729 val_rows=341 epochs=3 batch_size=8 device=cuda
[2026-06-04T17:14:23.965123+00:00] [distilbert-base-uncased] sentiment epoch 1/3: train_loss=0.6945 val_mse=0.6049 best_val_mse=0.6049 patience=0 epoch_seconds=20.5
[2026-06-04T17:14:44.507228+00:00] [distilbert-base-uncased] sentiment epoch 2/3: train_loss=0.5102 val_mse=0.5104 best_val_mse=0.5104 patience=0 epoch_seconds=20.5
[2026-06-04T17:15:05.185949+00:00] [distilbert-base-uncased] sentiment epoch 3/3: train_loss=0.3578 val_mse=0.5350 best_val_mse=0.5104 patience=0 epoch_seconds=20.6
[2026-06-04T17:15:05.216603+00:00] [distilbert-base-uncased] sentiment training complete: best_val_mse=0.5104
[2026-06-04T17:15:05.216935+00:00] [distilbert-base-uncased:sentiment] released GPU training lock
[2026-06-04T17:15:18.839587+00:00] [distilbert-base-uncased] transfer evaluation complete: micro_f1=0.2516 sentiment_mse=0.4277
{
  "real_jsonl": "/app/paper/real_transfer/herath_mapped_real_reviews.jsonl",
  "overlap_summary": "/app/paper/real_transfer/herath_overlap_summary.csv",
  "summary": "/app/paper/real_transfer/synthetic_to_real_transfer_summary.csv",
  "per_aspect": "/app/paper/real_transfer/synthetic_to_real_transfer_per_aspect.csv",
  "run_dir": "/app/paper/real_transfer/runs/synthetic_to_real_transfer_20260604T171518Z",
  "n_real_reviews": 2829,
  "overlap_aspects": [
    "accessibility",
    "assessment_design",
    "exam_fairness",
    "grading_transparency",
    "lecturer_quality",
    "materials",
    "organization",
    "overall_experience",
    "workload"
  ]
}

=== stderr ===

