=== stdout ===
[2026-06-04T12:36:55.672341+00:00] Detailed log file -> /app/paper/benchmark_outputs/logs/real_transfer_20260604T123655Z.log
[2026-06-04T12:36:55.672406+00:00] Resume checkpoint -> /app/paper/real_transfer/resume_real_transfer.json
[2026-06-04T12:37:00.147006+00:00] [bert-base-uncased] transfer evaluation start
[2026-06-04T12:37:00.147252+00:00] [bert-base-uncased:detection] acquired GPU training lock -> /app/paper/benchmark_outputs/gpu_training.lock
[2026-06-04T12:37:08.112366+00:00] [bert-base-uncased] detection training start: train_rows=5495 val_rows=686 epochs=3 batch_size=8 device=cuda
[2026-06-04T12:38:21.095010+00:00] [bert-base-uncased] detection epoch 1/3: train_loss=1.0874 val_micro_f1=0.3609 val_macro_f1=0.3855 best_macro_f1=0.3855 patience=0 epoch_seconds=73.0
[2026-06-04T12:39:35.843866+00:00] [bert-base-uncased] detection epoch 2/3: train_loss=0.9712 val_micro_f1=0.3676 val_macro_f1=0.4036 best_macro_f1=0.4036 patience=0 epoch_seconds=74.6
[2026-06-04T12:40:52.103686+00:00] [bert-base-uncased] detection epoch 3/3: train_loss=0.9065 val_micro_f1=0.3748 val_macro_f1=0.3882 best_macro_f1=0.4036 patience=0 epoch_seconds=76.1
[2026-06-04T12:40:52.164007+00:00] [bert-base-uncased] detection training complete: best_macro_f1=0.4036
[2026-06-04T12:40:52.164525+00:00] [bert-base-uncased:detection] released GPU training lock
[2026-06-04T12:40:52.167876+00:00] [bert-base-uncased:sentiment] acquired GPU training lock -> /app/paper/benchmark_outputs/gpu_training.lock
[2026-06-04T12:40:52.660159+00:00] [bert-base-uncased] sentiment training start: train_rows=5495 val_rows=686 epochs=3 batch_size=8 device=cuda
[2026-06-04T12:42:09.064189+00:00] [bert-base-uncased] sentiment epoch 1/3: train_loss=0.6426 val_mse=0.5840 best_val_mse=0.5840 patience=0 epoch_seconds=76.4
[2026-06-04T12:43:25.651574+00:00] [bert-base-uncased] sentiment epoch 2/3: train_loss=0.5106 val_mse=0.5150 best_val_mse=0.5150 patience=0 epoch_seconds=76.6
[2026-06-04T12:44:42.434965+00:00] [bert-base-uncased] sentiment epoch 3/3: train_loss=0.3827 val_mse=0.5880 best_val_mse=0.5150 patience=0 epoch_seconds=76.7
[2026-06-04T12:44:42.490903+00:00] [bert-base-uncased] sentiment training complete: best_val_mse=0.5150
[2026-06-04T12:44:42.491294+00:00] [bert-base-uncased:sentiment] released GPU training lock
[2026-06-04T12:45:09.685908+00:00] [bert-base-uncased] transfer evaluation complete: micro_f1=0.3093 sentiment_mse=0.3781
{
  "real_jsonl": "/app/paper/real_transfer/herath_mapped_real_reviews.jsonl",
  "overlap_summary": "/app/paper/real_transfer/herath_overlap_summary.csv",
  "summary": "/app/paper/real_transfer/synthetic_to_real_transfer_summary.csv",
  "per_aspect": "/app/paper/real_transfer/synthetic_to_real_transfer_per_aspect.csv",
  "run_dir": "/app/paper/real_transfer/runs/synthetic_to_real_transfer_20260604T124509Z",
  "n_real_reviews": 2829,
  "overlap_aspects": [
    "accessibility",
    "assessment_design",
    "exam_fairness",
    "grading_transparency",
    "lecturer_quality",
    "materials",
    "organization",
    "overall_experience",
    "workload"
  ]
}

=== stderr ===

