=== stdout ===
[2026-06-04T17:43:07.441664+00:00] Resume signature mismatch at /app/paper/real_transfer/resume_real_transfer.json; starting a fresh checkpoint
[2026-06-04T17:43:07.442024+00:00] Detailed log file -> /app/paper/benchmark_outputs/logs/real_transfer_20260604T174307Z.log
[2026-06-04T17:43:07.442082+00:00] Resume checkpoint -> /app/paper/real_transfer/resume_real_transfer.json
[2026-06-04T17:43:08.012721+00:00] Loaded pre-mapped real JSONL (5584 rows) from /app/external_data/edurabsa_all_mapped.jsonl
[2026-06-04T17:43:08.290460+00:00] [bert-base-uncased] transfer evaluation start
[2026-06-04T17:43:08.290784+00:00] [bert-base-uncased:detection] acquired GPU training lock -> /app/paper/benchmark_outputs/gpu_training.lock
[2026-06-04T17:43:11.383910+00:00] [bert-base-uncased] detection training start: train_rows=2337 val_rows=291 epochs=3 batch_size=8 device=cuda
[2026-06-04T17:43:44.329852+00:00] [bert-base-uncased] detection epoch 1/3: train_loss=1.1171 val_micro_f1=0.4028 val_macro_f1=0.4194 best_macro_f1=0.4194 patience=0 epoch_seconds=32.9
[2026-06-04T17:44:17.389548+00:00] [bert-base-uncased] detection epoch 2/3: train_loss=0.9825 val_micro_f1=0.4201 val_macro_f1=0.4485 best_macro_f1=0.4485 patience=0 epoch_seconds=32.9
[2026-06-04T17:44:50.477817+00:00] [bert-base-uncased] detection epoch 3/3: train_loss=0.8857 val_micro_f1=0.4418 val_macro_f1=0.4500 best_macro_f1=0.4500 patience=0 epoch_seconds=32.9
[2026-06-04T17:44:50.591559+00:00] [bert-base-uncased] detection training complete: best_macro_f1=0.4500
[2026-06-04T17:44:50.592005+00:00] [bert-base-uncased:detection] released GPU training lock
[2026-06-04T17:44:50.595917+00:00] [bert-base-uncased:sentiment] acquired GPU training lock -> /app/paper/benchmark_outputs/gpu_training.lock
[2026-06-04T17:44:51.167498+00:00] [bert-base-uncased] sentiment training start: train_rows=2337 val_rows=291 epochs=3 batch_size=8 device=cuda
[2026-06-04T17:45:24.113383+00:00] [bert-base-uncased] sentiment epoch 1/3: train_loss=0.6929 val_mse=0.6885 best_val_mse=0.6885 patience=0 epoch_seconds=32.9
[2026-06-04T17:45:57.173550+00:00] [bert-base-uncased] sentiment epoch 2/3: train_loss=0.6025 val_mse=0.5614 best_val_mse=0.5614 patience=0 epoch_seconds=33.0
[2026-06-04T17:46:30.306931+00:00] [bert-base-uncased] sentiment epoch 3/3: train_loss=0.4319 val_mse=0.6138 best_val_mse=0.5614 patience=0 epoch_seconds=33.0
[2026-06-04T17:46:30.360763+00:00] [bert-base-uncased] sentiment training complete: best_val_mse=0.5614
[2026-06-04T17:46:30.361241+00:00] [bert-base-uncased:sentiment] released GPU training lock
[2026-06-04T17:47:18.546637+00:00] [bert-base-uncased] transfer evaluation complete: micro_f1=0.4841 sentiment_mse=0.5372
{
  "real_jsonl": "/app/paper/real_transfer/herath_mapped_real_reviews.jsonl",
  "overlap_summary": "/app/paper/real_transfer/herath_overlap_summary.csv",
  "summary": "/app/paper/real_transfer/synthetic_to_real_transfer_summary.csv",
  "per_aspect": "/app/paper/real_transfer/synthetic_to_real_transfer_per_aspect.csv",
  "run_dir": "/app/paper/real_transfer/runs/synthetic_to_real_transfer_20260604T174718Z",
  "n_real_reviews": 5584,
  "overlap_aspects": [
    "accessibility",
    "exam_fairness",
    "lecturer_quality",
    "materials",
    "organization",
    "overall_experience",
    "workload"
  ]
}

=== stderr ===

