=== stdout ===
[2026-06-04T18:01:40.400187+00:00] Resume signature mismatch at /app/paper/real_transfer/resume_real_transfer.json; starting a fresh checkpoint
[2026-06-04T18:01:40.400567+00:00] Detailed log file -> /app/paper/benchmark_outputs/logs/real_transfer_20260604T180140Z.log
[2026-06-04T18:01:40.400613+00:00] Resume checkpoint -> /app/paper/real_transfer/resume_real_transfer.json
[2026-06-04T18:01:40.756620+00:00] Loaded pre-mapped real JSONL (5584 rows) from /app/external_data/edurabsa_all_mapped.jsonl
[2026-06-04T18:01:40.933897+00:00] [distilbert-base-uncased] transfer evaluation start
[2026-06-04T18:01:40.934429+00:00] [distilbert-base-uncased:detection] acquired GPU training lock -> /app/paper/benchmark_outputs/gpu_training.lock
[2026-06-04T18:01:43.479823+00:00] [distilbert-base-uncased] detection training start: train_rows=986 val_rows=123 epochs=3 batch_size=8 device=cuda
[2026-06-04T18:01:51.195546+00:00] [distilbert-base-uncased] detection epoch 1/3: train_loss=1.1562 val_micro_f1=0.2564 val_macro_f1=0.1615 best_macro_f1=0.1615 patience=0 epoch_seconds=7.7
[2026-06-04T18:01:58.598020+00:00] [distilbert-base-uncased] detection epoch 2/3: train_loss=1.1404 val_micro_f1=0.2760 val_macro_f1=0.2072 best_macro_f1=0.2072 patience=0 epoch_seconds=7.3
[2026-06-04T18:02:06.036768+00:00] [distilbert-base-uncased] detection epoch 3/3: train_loss=1.1022 val_micro_f1=0.3297 val_macro_f1=0.2981 best_macro_f1=0.2981 patience=0 epoch_seconds=7.3
[2026-06-04T18:02:06.122108+00:00] [distilbert-base-uncased] detection training complete: best_macro_f1=0.2981
[2026-06-04T18:02:06.122469+00:00] [distilbert-base-uncased:detection] released GPU training lock
[2026-06-04T18:02:06.124264+00:00] [distilbert-base-uncased:sentiment] acquired GPU training lock -> /app/paper/benchmark_outputs/gpu_training.lock
[2026-06-04T18:02:06.662355+00:00] [distilbert-base-uncased] sentiment training start: train_rows=986 val_rows=123 epochs=3 batch_size=8 device=cuda
[2026-06-04T18:02:13.998029+00:00] [distilbert-base-uncased] sentiment epoch 1/3: train_loss=0.4846 val_mse=0.5336 best_val_mse=0.5336 patience=0 epoch_seconds=7.3
[2026-06-04T18:02:21.326841+00:00] [distilbert-base-uncased] sentiment epoch 2/3: train_loss=0.4547 val_mse=0.5295 best_val_mse=0.5295 patience=0 epoch_seconds=7.3
[2026-06-04T18:02:28.754031+00:00] [distilbert-base-uncased] sentiment epoch 3/3: train_loss=0.4230 val_mse=0.6074 best_val_mse=0.5295 patience=0 epoch_seconds=7.3
[2026-06-04T18:02:28.786182+00:00] [distilbert-base-uncased] sentiment training complete: best_val_mse=0.5295
[2026-06-04T18:02:28.786631+00:00] [distilbert-base-uncased:sentiment] released GPU training lock
[2026-06-04T18:02:54.312718+00:00] [distilbert-base-uncased] transfer evaluation complete: micro_f1=0.3809 sentiment_mse=0.8442
{
  "real_jsonl": "/app/paper/real_transfer/herath_mapped_real_reviews.jsonl",
  "overlap_summary": "/app/paper/real_transfer/herath_overlap_summary.csv",
  "summary": "/app/paper/real_transfer/synthetic_to_real_transfer_summary.csv",
  "per_aspect": "/app/paper/real_transfer/synthetic_to_real_transfer_per_aspect.csv",
  "run_dir": "/app/paper/real_transfer/runs/synthetic_to_real_transfer_20260604T180254Z",
  "n_real_reviews": 5584,
  "overlap_aspects": [
    "accessibility",
    "exam_fairness",
    "lecturer_quality",
    "materials",
    "organization",
    "overall_experience",
    "workload"
  ]
}

=== stderr ===

