=== stdout ===
[2026-06-04T17:02:07.049101+00:00] Resume signature mismatch at /app/paper/real_transfer/resume_real_transfer.json; starting a fresh checkpoint
[2026-06-04T17:02:07.049593+00:00] Detailed log file -> /app/paper/benchmark_outputs/logs/real_transfer_20260604T170207Z.log
[2026-06-04T17:02:07.049655+00:00] Resume checkpoint -> /app/paper/real_transfer/resume_real_transfer.json
[2026-06-04T17:02:11.319322+00:00] [bert-base-uncased] transfer evaluation start
[2026-06-04T17:02:11.320060+00:00] [bert-base-uncased:detection] acquired GPU training lock -> /app/paper/benchmark_outputs/gpu_training.lock
[2026-06-04T17:02:20.289705+00:00] [bert-base-uncased] detection training start: train_rows=2729 val_rows=341 epochs=3 batch_size=8 device=cuda
[2026-06-04T17:02:52.890967+00:00] [bert-base-uncased] detection epoch 1/3: train_loss=1.1040 val_micro_f1=0.3953 val_macro_f1=0.4456 best_macro_f1=0.4456 patience=0 epoch_seconds=32.6
[2026-06-04T17:03:24.582635+00:00] [bert-base-uncased] detection epoch 2/3: train_loss=0.9150 val_micro_f1=0.4631 val_macro_f1=0.4969 best_macro_f1=0.4969 patience=0 epoch_seconds=31.5
[2026-06-04T17:03:56.266423+00:00] [bert-base-uncased] detection epoch 3/3: train_loss=0.8078 val_micro_f1=0.4484 val_macro_f1=0.4977 best_macro_f1=0.4977 patience=0 epoch_seconds=31.5
[2026-06-04T17:03:56.401367+00:00] [bert-base-uncased] detection training complete: best_macro_f1=0.4977
[2026-06-04T17:03:56.402267+00:00] [bert-base-uncased:detection] released GPU training lock
[2026-06-04T17:03:56.406803+00:00] [bert-base-uncased:sentiment] acquired GPU training lock -> /app/paper/benchmark_outputs/gpu_training.lock
[2026-06-04T17:03:57.734539+00:00] [bert-base-uncased] sentiment training start: train_rows=2729 val_rows=341 epochs=3 batch_size=8 device=cuda
[2026-06-04T17:04:29.316960+00:00] [bert-base-uncased] sentiment epoch 1/3: train_loss=0.7135 val_mse=0.5946 best_val_mse=0.5946 patience=0 epoch_seconds=31.6
[2026-06-04T17:05:00.848098+00:00] [bert-base-uncased] sentiment epoch 2/3: train_loss=0.4950 val_mse=0.5046 best_val_mse=0.5046 patience=0 epoch_seconds=31.5
[2026-06-04T17:05:32.503612+00:00] [bert-base-uncased] sentiment epoch 3/3: train_loss=0.3273 val_mse=0.4453 best_val_mse=0.4453 patience=0 epoch_seconds=31.5
[2026-06-04T17:05:32.616743+00:00] [bert-base-uncased] sentiment training complete: best_val_mse=0.4453
[2026-06-04T17:05:32.617672+00:00] [bert-base-uncased:sentiment] released GPU training lock
[2026-06-04T17:05:52.018659+00:00] [bert-base-uncased] transfer evaluation complete: micro_f1=0.2902 sentiment_mse=0.3332
{
  "real_jsonl": "/app/paper/real_transfer/herath_mapped_real_reviews.jsonl",
  "overlap_summary": "/app/paper/real_transfer/herath_overlap_summary.csv",
  "summary": "/app/paper/real_transfer/synthetic_to_real_transfer_summary.csv",
  "per_aspect": "/app/paper/real_transfer/synthetic_to_real_transfer_per_aspect.csv",
  "run_dir": "/app/paper/real_transfer/runs/synthetic_to_real_transfer_20260604T170552Z",
  "n_real_reviews": 2829,
  "overlap_aspects": [
    "accessibility",
    "assessment_design",
    "exam_fairness",
    "grading_transparency",
    "lecturer_quality",
    "materials",
    "organization",
    "overall_experience",
    "workload"
  ]
}

=== stderr ===

