=== stdout ===
[2026-06-04T17:10:39.849556+00:00] Resume signature mismatch at /app/paper/real_transfer/resume_real_transfer.json; starting a fresh checkpoint
[2026-06-04T17:10:39.849971+00:00] Detailed log file -> /app/paper/benchmark_outputs/logs/real_transfer_20260604T171039Z.log
[2026-06-04T17:10:39.850013+00:00] Resume checkpoint -> /app/paper/real_transfer/resume_real_transfer.json
[2026-06-04T17:10:43.480654+00:00] [bert-base-uncased] transfer evaluation start
[2026-06-04T17:10:43.481136+00:00] [bert-base-uncased:detection] acquired GPU training lock -> /app/paper/benchmark_outputs/gpu_training.lock
[2026-06-04T17:10:50.562364+00:00] [bert-base-uncased] detection training start: train_rows=2755 val_rows=344 epochs=3 batch_size=8 device=cuda
[2026-06-04T17:11:28.693767+00:00] [bert-base-uncased] detection epoch 1/3: train_loss=1.1561 val_micro_f1=0.3267 val_macro_f1=0.3443 best_macro_f1=0.3443 patience=0 epoch_seconds=38.1
[2026-06-04T17:12:06.759406+00:00] [bert-base-uncased] detection epoch 2/3: train_loss=1.0184 val_micro_f1=0.3635 val_macro_f1=0.3969 best_macro_f1=0.3969 patience=0 epoch_seconds=37.9
[2026-06-04T17:12:44.909367+00:00] [bert-base-uncased] detection epoch 3/3: train_loss=0.9220 val_micro_f1=0.4016 val_macro_f1=0.4347 best_macro_f1=0.4347 patience=0 epoch_seconds=38.0
[2026-06-04T17:12:45.063013+00:00] [bert-base-uncased] detection training complete: best_macro_f1=0.4347
[2026-06-04T17:12:45.064201+00:00] [bert-base-uncased:detection] released GPU training lock
[2026-06-04T17:12:45.067589+00:00] [bert-base-uncased:sentiment] acquired GPU training lock -> /app/paper/benchmark_outputs/gpu_training.lock
[2026-06-04T17:12:45.639842+00:00] [bert-base-uncased] sentiment training start: train_rows=2755 val_rows=344 epochs=3 batch_size=8 device=cuda
[2026-06-04T17:13:23.695833+00:00] [bert-base-uncased] sentiment epoch 1/3: train_loss=0.6882 val_mse=0.7011 best_val_mse=0.7011 patience=0 epoch_seconds=38.1
[2026-06-04T17:14:01.906958+00:00] [bert-base-uncased] sentiment epoch 2/3: train_loss=0.6207 val_mse=0.6046 best_val_mse=0.6046 patience=0 epoch_seconds=38.2
[2026-06-04T17:14:40.271021+00:00] [bert-base-uncased] sentiment epoch 3/3: train_loss=0.4436 val_mse=0.5394 best_val_mse=0.5394 patience=0 epoch_seconds=38.2
[2026-06-04T17:14:40.365568+00:00] [bert-base-uncased] sentiment training complete: best_val_mse=0.5394
[2026-06-04T17:14:40.366152+00:00] [bert-base-uncased:sentiment] released GPU training lock
[2026-06-04T17:15:05.277837+00:00] [bert-base-uncased] transfer evaluation complete: micro_f1=0.4023 sentiment_mse=0.4059
{
  "real_jsonl": "/app/paper/real_transfer/herath_mapped_real_reviews.jsonl",
  "overlap_summary": "/app/paper/real_transfer/herath_overlap_summary.csv",
  "summary": "/app/paper/real_transfer/synthetic_to_real_transfer_summary.csv",
  "per_aspect": "/app/paper/real_transfer/synthetic_to_real_transfer_per_aspect.csv",
  "run_dir": "/app/paper/real_transfer/runs/synthetic_to_real_transfer_20260604T171505Z",
  "n_real_reviews": 2829,
  "overlap_aspects": [
    "accessibility",
    "assessment_design",
    "exam_fairness",
    "grading_transparency",
    "lecturer_quality",
    "materials",
    "organization",
    "overall_experience",
    "workload"
  ]
}

=== stderr ===

