[2026-04-04T08:10:38.464880+00:00] START python E:\Projects\CourseABSA\paper\absa_model_comparison.py --data-path E:\Projects\CourseABSA\paper\generated_datasets\batch_69cc15c483488190941478aa4e3a976d_generated_reviews.jsonl --approaches distilbert-base-uncased --no-write-latest --epochs-detection 3 --epochs-sentiment 3 --seed 23
[2026-04-04T08:10:45.761011+00:00] Benchmark start: data=E:\Projects\CourseABSA\paper\generated_datasets\batch_69cc15c483488190941478aa4e3a976d_generated_reviews.jsonl device=cuda seed=23 approaches=['distilbert-base-uncased'] epochs_detection=3 epochs_sentiment=3 batch_size=8 max_len=192 lr=3e-05
[2026-04-04T08:10:45.761121+00:00] Detailed log file -> E:\Projects\CourseABSA\paper\benchmark_outputs\logs\benchmark_20260404T081045Z.log
[2026-04-04T08:10:45.769095+00:00] Resume checkpoint -> E:\Projects\CourseABSA\paper\experiment_rounds\phase_b1_multiseed_20260404\logs\06_multiseed_distilbert_base_uncased_seed_23.resume.json
[2026-04-04T08:10:47.461562+00:00] Dataset loaded: rows=10000 train=8000 calib=1000 test=1000 aspects=20
[2026-04-04T08:10:47.461859+00:00] Dispatching approach -> distilbert-base-uncased
[2026-04-04T08:10:47.461898+00:00] [distilbert-base-uncased] transformer approach start
[2026-04-04T08:10:47.462256+00:00] [distilbert-base-uncased:detection] acquired GPU training lock -> E:\Projects\CourseABSA\paper\benchmark_outputs\gpu_training.lock
Warning: You are sending unauthenticated requests to the HF Hub. Please set a HF_TOKEN to enable higher rate limits and faster downloads.
[2026-04-04T08:10:55.783781+00:00] [distilbert-base-uncased] detection training start: train_rows=8000 val_rows=1000 epochs=3 batch_size=8 device=cuda
[2026-04-04T08:12:50.550880+00:00] [distilbert-base-uncased] detection epoch 1/3: train_loss=1.2078 val_micro_f1=0.2360 val_macro_f1=0.2705 best_macro_f1=0.2705 patience=0 epoch_seconds=114.8
[2026-04-04T08:14:45.094327+00:00] [distilbert-base-uncased] detection epoch 2/3: train_loss=1.1137 val_micro_f1=0.2715 val_macro_f1=0.2999 best_macro_f1=0.2999 patience=0 epoch_seconds=114.5
[2026-04-04T08:16:44.279821+00:00] [distilbert-base-uncased] detection epoch 3/3: train_loss=1.0465 val_micro_f1=0.2694 val_macro_f1=0.2885 best_macro_f1=0.2999 patience=0 epoch_seconds=119.1
[2026-04-04T08:16:44.330827+00:00] [distilbert-base-uncased] detection training complete: best_macro_f1=0.2999
[2026-04-04T08:16:44.337107+00:00] [distilbert-base-uncased:detection] released GPU training lock
[2026-04-04T08:16:44.337392+00:00] [distilbert-base-uncased:sentiment] acquired GPU training lock -> E:\Projects\CourseABSA\paper\benchmark_outputs\gpu_training.lock
[2026-04-04T08:16:45.931277+00:00] [distilbert-base-uncased] sentiment training start: train_rows=8000 val_rows=1000 epochs=3 batch_size=8 device=cuda
[2026-04-04T08:18:54.576085+00:00] [distilbert-base-uncased] sentiment epoch 1/3: train_loss=0.6572 val_mse=0.6430 best_val_mse=0.6430 patience=0 epoch_seconds=128.6
[2026-04-04T08:21:10.587642+00:00] [distilbert-base-uncased] sentiment epoch 2/3: train_loss=0.5651 val_mse=0.5757 best_val_mse=0.5757 patience=0 epoch_seconds=135.9
[2026-04-04T08:23:12.939024+00:00] [distilbert-base-uncased] sentiment epoch 3/3: train_loss=0.4819 val_mse=0.5576 best_val_mse=0.5576 patience=0 epoch_seconds=122.3
[2026-04-04T08:23:13.048002+00:00] [distilbert-base-uncased] sentiment training complete: best_val_mse=0.5576
[2026-04-04T08:23:13.057974+00:00] [distilbert-base-uncased:sentiment] released GPU training lock
[2026-04-04T08:23:17.980541+00:00] [distilbert-base-uncased] calibrated 20 thresholds
[2026-04-04T08:23:26.904314+00:00] [distilbert-base-uncased] transformer approach complete: micro_f1=0.2690 macro_f1=0.3357 sentiment_mse=0.5551 elapsed=759.4s
Completed distilbert-base-uncased: micro_f1=0.2690, sentiment_mse=0.5551
[2026-04-04T08:23:27.059956+00:00] Archived run bundle -> E:\Projects\CourseABSA\paper\benchmark_outputs\runs\benchmark_full_20260404T082326Z
Saved benchmark outputs to E:\Projects\CourseABSA\paper\benchmark_outputs and archived run to E:\Projects\CourseABSA\paper\benchmark_outputs\runs\benchmark_full_20260404T082326Z

[2026-04-04T08:23:38.510952+00:00] END exit_code=0 elapsed_seconds=780.0
