[2026-04-04T08:23:38.512167+00:00] START python E:\Projects\CourseABSA\paper\absa_model_comparison.py --data-path E:\Projects\CourseABSA\paper\generated_datasets\batch_69cc15c483488190941478aa4e3a976d_generated_reviews.jsonl --approaches bert-base-uncased --no-write-latest --epochs-detection 3 --epochs-sentiment 3 --seed 3
[2026-04-04T08:23:46.173766+00:00] Benchmark start: data=E:\Projects\CourseABSA\paper\generated_datasets\batch_69cc15c483488190941478aa4e3a976d_generated_reviews.jsonl device=cuda seed=3 approaches=['bert-base-uncased'] epochs_detection=3 epochs_sentiment=3 batch_size=8 max_len=192 lr=3e-05
[2026-04-04T08:23:46.173871+00:00] Detailed log file -> E:\Projects\CourseABSA\paper\benchmark_outputs\logs\benchmark_20260404T082346Z.log
[2026-04-04T08:23:46.177633+00:00] Resume checkpoint -> E:\Projects\CourseABSA\paper\experiment_rounds\phase_b1_multiseed_20260404\logs\07_multiseed_bert_base_uncased_seed_3.resume.json
[2026-04-04T08:23:47.863163+00:00] Dataset loaded: rows=10000 train=8000 calib=1000 test=1000 aspects=20
[2026-04-04T08:23:47.863565+00:00] Dispatching approach -> bert-base-uncased
[2026-04-04T08:23:47.863601+00:00] [bert-base-uncased] transformer approach start
[2026-04-04T08:23:47.863947+00:00] [bert-base-uncased:detection] acquired GPU training lock -> E:\Projects\CourseABSA\paper\benchmark_outputs\gpu_training.lock
Warning: You are sending unauthenticated requests to the HF Hub. Please set a HF_TOKEN to enable higher rate limits and faster downloads.
[2026-04-04T08:23:56.292482+00:00] [bert-base-uncased] detection training start: train_rows=8000 val_rows=1000 epochs=3 batch_size=8 device=cuda
[2026-04-04T08:27:32.679974+00:00] [bert-base-uncased] detection epoch 1/3: train_loss=1.2035 val_micro_f1=0.2419 val_macro_f1=0.2821 best_macro_f1=0.2821 patience=0 epoch_seconds=216.4
[2026-04-04T08:31:04.951501+00:00] [bert-base-uncased] detection epoch 2/3: train_loss=1.1063 val_micro_f1=0.2605 val_macro_f1=0.2915 best_macro_f1=0.2915 patience=0 epoch_seconds=212.2
[2026-04-04T08:34:37.194128+00:00] [bert-base-uncased] detection epoch 3/3: train_loss=1.0396 val_micro_f1=0.2657 val_macro_f1=0.2910 best_macro_f1=0.2915 patience=0 epoch_seconds=212.1
[2026-04-04T08:34:37.283514+00:00] [bert-base-uncased] detection training complete: best_macro_f1=0.2915
[2026-04-04T08:34:37.292253+00:00] [bert-base-uncased:detection] released GPU training lock
[2026-04-04T08:34:37.292570+00:00] [bert-base-uncased:sentiment] acquired GPU training lock -> E:\Projects\CourseABSA\paper\benchmark_outputs\gpu_training.lock
[2026-04-04T08:34:38.788264+00:00] [bert-base-uncased] sentiment training start: train_rows=8000 val_rows=1000 epochs=3 batch_size=8 device=cuda
[2026-04-04T08:38:11.082639+00:00] [bert-base-uncased] sentiment epoch 1/3: train_loss=0.6667 val_mse=0.6013 best_val_mse=0.6013 patience=0 epoch_seconds=212.3
[2026-04-04T08:41:43.579139+00:00] [bert-base-uncased] sentiment epoch 2/3: train_loss=0.5562 val_mse=0.5566 best_val_mse=0.5566 patience=0 epoch_seconds=212.4
[2026-04-04T08:45:16.151883+00:00] [bert-base-uncased] sentiment epoch 3/3: train_loss=0.4553 val_mse=0.5485 best_val_mse=0.5485 patience=0 epoch_seconds=212.5
[2026-04-04T08:45:16.344549+00:00] [bert-base-uncased] sentiment training complete: best_val_mse=0.5485
[2026-04-04T08:45:16.351331+00:00] [bert-base-uncased:sentiment] released GPU training lock
[2026-04-04T08:45:24.671781+00:00] [bert-base-uncased] calibrated 20 thresholds
[2026-04-04T08:45:40.401779+00:00] [bert-base-uncased] transformer approach complete: micro_f1=0.2774 macro_f1=0.3460 sentiment_mse=0.5032 elapsed=1312.5s
Completed bert-base-uncased: micro_f1=0.2774, sentiment_mse=0.5032
[2026-04-04T08:45:40.546598+00:00] Archived run bundle -> E:\Projects\CourseABSA\paper\benchmark_outputs\runs\benchmark_full_20260404T084540Z
Saved benchmark outputs to E:\Projects\CourseABSA\paper\benchmark_outputs and archived run to E:\Projects\CourseABSA\paper\benchmark_outputs\runs\benchmark_full_20260404T084540Z

[2026-04-04T08:45:58.579921+00:00] END exit_code=0 elapsed_seconds=1340.1
