[2026-04-04T09:08:38.679617+00:00] START python E:\Projects\CourseABSA\paper\absa_model_comparison.py --data-path E:\Projects\CourseABSA\paper\generated_datasets\batch_69cc15c483488190941478aa4e3a976d_generated_reviews.jsonl --approaches bert-base-uncased --no-write-latest --epochs-detection 3 --epochs-sentiment 3 --seed 23
[2026-04-04T09:08:45.997316+00:00] Benchmark start: data=E:\Projects\CourseABSA\paper\generated_datasets\batch_69cc15c483488190941478aa4e3a976d_generated_reviews.jsonl device=cuda seed=23 approaches=['bert-base-uncased'] epochs_detection=3 epochs_sentiment=3 batch_size=8 max_len=192 lr=3e-05
[2026-04-04T09:08:45.997421+00:00] Detailed log file -> E:\Projects\CourseABSA\paper\benchmark_outputs\logs\benchmark_20260404T090845Z.log
[2026-04-04T09:08:45.998575+00:00] Resume checkpoint -> E:\Projects\CourseABSA\paper\experiment_rounds\phase_b1_multiseed_20260404\logs\09_multiseed_bert_base_uncased_seed_23.resume.json
[2026-04-04T09:08:47.679526+00:00] Dataset loaded: rows=10000 train=8000 calib=1000 test=1000 aspects=20
[2026-04-04T09:08:47.679881+00:00] Dispatching approach -> bert-base-uncased
[2026-04-04T09:08:47.679919+00:00] [bert-base-uncased] transformer approach start
[2026-04-04T09:08:47.680277+00:00] [bert-base-uncased:detection] acquired GPU training lock -> E:\Projects\CourseABSA\paper\benchmark_outputs\gpu_training.lock
Warning: You are sending unauthenticated requests to the HF Hub. Please set a HF_TOKEN to enable higher rate limits and faster downloads.
[2026-04-04T09:08:56.101413+00:00] [bert-base-uncased] detection training start: train_rows=8000 val_rows=1000 epochs=3 batch_size=8 device=cuda
[2026-04-04T09:12:32.691338+00:00] [bert-base-uncased] detection epoch 1/3: train_loss=1.2080 val_micro_f1=0.2435 val_macro_f1=0.2811 best_macro_f1=0.2811 patience=0 epoch_seconds=216.6
[2026-04-04T09:16:39.657451+00:00] [bert-base-uncased] detection epoch 2/3: train_loss=1.1117 val_micro_f1=0.2686 val_macro_f1=0.3004 best_macro_f1=0.3004 patience=0 epoch_seconds=246.9
[2026-04-04T09:20:16.805670+00:00] [bert-base-uncased] detection epoch 3/3: train_loss=1.0405 val_micro_f1=0.2644 val_macro_f1=0.2885 best_macro_f1=0.3004 patience=0 epoch_seconds=217.0
[2026-04-04T09:20:16.900542+00:00] [bert-base-uncased] detection training complete: best_macro_f1=0.3004
[2026-04-04T09:20:16.906988+00:00] [bert-base-uncased:detection] released GPU training lock
[2026-04-04T09:20:16.907316+00:00] [bert-base-uncased:sentiment] acquired GPU training lock -> E:\Projects\CourseABSA\paper\benchmark_outputs\gpu_training.lock
[2026-04-04T09:20:18.510411+00:00] [bert-base-uncased] sentiment training start: train_rows=8000 val_rows=1000 epochs=3 batch_size=8 device=cuda
[2026-04-04T09:23:52.645037+00:00] [bert-base-uncased] sentiment epoch 1/3: train_loss=0.6421 val_mse=0.6140 best_val_mse=0.6140 patience=0 epoch_seconds=214.1
[2026-04-04T09:27:26.958300+00:00] [bert-base-uncased] sentiment epoch 2/3: train_loss=0.5434 val_mse=0.5693 best_val_mse=0.5693 patience=0 epoch_seconds=214.2
[2026-04-04T09:31:09.339341+00:00] [bert-base-uncased] sentiment epoch 3/3: train_loss=0.4510 val_mse=0.5842 best_val_mse=0.5693 patience=0 epoch_seconds=222.3
[2026-04-04T09:31:09.462808+00:00] [bert-base-uncased] sentiment training complete: best_val_mse=0.5693
[2026-04-04T09:31:09.469972+00:00] [bert-base-uncased:sentiment] released GPU training lock
[2026-04-04T09:31:19.450110+00:00] [bert-base-uncased] calibrated 20 thresholds
[2026-04-04T09:31:39.025292+00:00] [bert-base-uncased] transformer approach complete: micro_f1=0.2780 macro_f1=0.3410 sentiment_mse=0.5664 elapsed=1371.3s
Completed bert-base-uncased: micro_f1=0.2780, sentiment_mse=0.5664
[2026-04-04T09:31:39.307822+00:00] Archived run bundle -> E:\Projects\CourseABSA\paper\benchmark_outputs\runs\benchmark_full_20260404T093139Z
Saved benchmark outputs to E:\Projects\CourseABSA\paper\benchmark_outputs and archived run to E:\Projects\CourseABSA\paper\benchmark_outputs\runs\benchmark_full_20260404T093139Z

[2026-04-04T09:31:58.762160+00:00] END exit_code=0 elapsed_seconds=1400.1
