=== stdout ===
[2026-06-04T17:03:08.100225+00:00] Resume signature mismatch at /app/paper/real_transfer/resume_real_transfer.json; starting a fresh checkpoint
[2026-06-04T17:03:08.100601+00:00] Detailed log file -> /app/paper/benchmark_outputs/logs/real_transfer_20260604T170308Z.log
[2026-06-04T17:03:08.100645+00:00] Resume checkpoint -> /app/paper/real_transfer/resume_real_transfer.json
[2026-06-04T17:03:12.074049+00:00] [bert-base-uncased] transfer evaluation start
[2026-06-04T17:03:12.074415+00:00] [bert-base-uncased:detection] acquired GPU training lock -> /app/paper/benchmark_outputs/gpu_training.lock
[2026-06-04T17:03:16.956588+00:00] [bert-base-uncased] detection training start: train_rows=5495 val_rows=686 epochs=3 batch_size=8 device=cuda
[2026-06-04T17:04:32.442275+00:00] [bert-base-uncased] detection epoch 1/3: train_loss=1.0947 val_micro_f1=0.3876 val_macro_f1=0.4177 best_macro_f1=0.4177 patience=0 epoch_seconds=75.5
[2026-06-04T17:05:48.286181+00:00] [bert-base-uncased] detection epoch 2/3: train_loss=0.9742 val_micro_f1=0.4007 val_macro_f1=0.4221 best_macro_f1=0.4221 patience=0 epoch_seconds=75.7
[2026-06-04T17:07:04.276797+00:00] [bert-base-uncased] detection epoch 3/3: train_loss=0.9101 val_micro_f1=0.4093 val_macro_f1=0.4333 best_macro_f1=0.4333 patience=0 epoch_seconds=75.8
[2026-06-04T17:07:04.391100+00:00] [bert-base-uncased] detection training complete: best_macro_f1=0.4333
[2026-06-04T17:07:04.391620+00:00] [bert-base-uncased:detection] released GPU training lock
[2026-06-04T17:07:04.395529+00:00] [bert-base-uncased:sentiment] acquired GPU training lock -> /app/paper/benchmark_outputs/gpu_training.lock
[2026-06-04T17:07:05.147008+00:00] [bert-base-uncased] sentiment training start: train_rows=5495 val_rows=686 epochs=3 batch_size=8 device=cuda
[2026-06-04T17:08:21.299325+00:00] [bert-base-uncased] sentiment epoch 1/3: train_loss=0.6536 val_mse=0.5317 best_val_mse=0.5317 patience=0 epoch_seconds=76.2
[2026-06-04T17:09:37.567519+00:00] [bert-base-uncased] sentiment epoch 2/3: train_loss=0.4927 val_mse=0.4794 best_val_mse=0.4794 patience=0 epoch_seconds=76.2
[2026-06-04T17:10:53.868244+00:00] [bert-base-uncased] sentiment epoch 3/3: train_loss=0.3891 val_mse=0.4912 best_val_mse=0.4794 patience=0 epoch_seconds=76.1
[2026-06-04T17:10:53.928069+00:00] [bert-base-uncased] sentiment training complete: best_val_mse=0.4794
[2026-06-04T17:10:53.928536+00:00] [bert-base-uncased:sentiment] released GPU training lock
[2026-06-04T17:11:20.165422+00:00] [bert-base-uncased] transfer evaluation complete: micro_f1=0.5163 sentiment_mse=0.3086
{
  "real_jsonl": "/app/paper/real_transfer/herath_mapped_real_reviews.jsonl",
  "overlap_summary": "/app/paper/real_transfer/herath_overlap_summary.csv",
  "summary": "/app/paper/real_transfer/synthetic_to_real_transfer_summary.csv",
  "per_aspect": "/app/paper/real_transfer/synthetic_to_real_transfer_per_aspect.csv",
  "run_dir": "/app/paper/real_transfer/runs/synthetic_to_real_transfer_20260604T171120Z",
  "n_real_reviews": 2829,
  "overlap_aspects": [
    "accessibility",
    "assessment_design",
    "exam_fairness",
    "grading_transparency",
    "lecturer_quality",
    "materials",
    "organization",
    "overall_experience",
    "workload"
  ]
}

=== stderr ===

