=== stdout ===
[2026-06-04T17:56:42.825727+00:00] Resume signature mismatch at /app/paper/real_transfer/resume_real_transfer.json; starting a fresh checkpoint
[2026-06-04T17:56:42.826008+00:00] Detailed log file -> /app/paper/benchmark_outputs/logs/real_transfer_20260604T175642Z.log
[2026-06-04T17:56:42.826052+00:00] Resume checkpoint -> /app/paper/real_transfer/resume_real_transfer.json
[2026-06-04T17:56:43.935073+00:00] Loaded pre-mapped real JSONL (5584 rows) from /app/external_data/edurabsa_all_mapped.jsonl
[2026-06-04T17:56:44.404641+00:00] [distilbert-base-uncased] transfer evaluation start
[2026-06-04T17:56:44.404970+00:00] [distilbert-base-uncased:detection] acquired GPU training lock -> /app/paper/benchmark_outputs/gpu_training.lock
[2026-06-04T17:56:48.562472+00:00] [distilbert-base-uncased] detection training start: train_rows=4609 val_rows=576 epochs=3 batch_size=8 device=cuda
[2026-06-04T17:57:23.127134+00:00] [distilbert-base-uncased] detection epoch 1/3: train_loss=1.0629 val_micro_f1=0.4079 val_macro_f1=0.4358 best_macro_f1=0.4358 patience=0 epoch_seconds=34.6
[2026-06-04T17:57:57.349660+00:00] [distilbert-base-uncased] detection epoch 2/3: train_loss=0.9465 val_micro_f1=0.4331 val_macro_f1=0.4615 best_macro_f1=0.4615 patience=0 epoch_seconds=34.1
[2026-06-04T17:58:31.878593+00:00] [distilbert-base-uncased] detection epoch 3/3: train_loss=0.8873 val_micro_f1=0.4326 val_macro_f1=0.4562 best_macro_f1=0.4615 patience=0 epoch_seconds=34.4
[2026-06-04T17:58:31.915276+00:00] [distilbert-base-uncased] detection training complete: best_macro_f1=0.4615
[2026-06-04T17:58:31.915972+00:00] [distilbert-base-uncased:detection] released GPU training lock
[2026-06-04T17:58:31.919010+00:00] [distilbert-base-uncased:sentiment] acquired GPU training lock -> /app/paper/benchmark_outputs/gpu_training.lock
[2026-06-04T17:58:32.369552+00:00] [distilbert-base-uncased] sentiment training start: train_rows=4609 val_rows=576 epochs=3 batch_size=8 device=cuda
[2026-06-04T17:59:07.139722+00:00] [distilbert-base-uncased] sentiment epoch 1/3: train_loss=0.6636 val_mse=0.6118 best_val_mse=0.6118 patience=0 epoch_seconds=34.8
[2026-06-04T17:59:41.907896+00:00] [distilbert-base-uncased] sentiment epoch 2/3: train_loss=0.5051 val_mse=0.5416 best_val_mse=0.5416 patience=0 epoch_seconds=34.7
[2026-06-04T18:00:16.772750+00:00] [distilbert-base-uncased] sentiment epoch 3/3: train_loss=0.3864 val_mse=0.5192 best_val_mse=0.5192 patience=0 epoch_seconds=34.8
[2026-06-04T18:00:16.847814+00:00] [distilbert-base-uncased] sentiment training complete: best_val_mse=0.5192
[2026-06-04T18:00:16.848236+00:00] [distilbert-base-uncased:sentiment] released GPU training lock
[2026-06-04T18:00:43.495724+00:00] [distilbert-base-uncased] transfer evaluation complete: micro_f1=0.3725 sentiment_mse=0.5516
{
  "real_jsonl": "/app/paper/real_transfer/herath_mapped_real_reviews.jsonl",
  "overlap_summary": "/app/paper/real_transfer/herath_overlap_summary.csv",
  "summary": "/app/paper/real_transfer/synthetic_to_real_transfer_summary.csv",
  "per_aspect": "/app/paper/real_transfer/synthetic_to_real_transfer_per_aspect.csv",
  "run_dir": "/app/paper/real_transfer/runs/synthetic_to_real_transfer_20260604T180043Z",
  "n_real_reviews": 5584,
  "overlap_aspects": [
    "accessibility",
    "exam_fairness",
    "lecturer_quality",
    "materials",
    "organization",
    "overall_experience",
    "workload"
  ]
}

=== stderr ===

