=== stdout ===
[2026-06-04T18:01:52.112857+00:00] Resume signature mismatch at /app/paper/real_transfer/resume_real_transfer.json; starting a fresh checkpoint
[2026-06-04T18:01:52.113209+00:00] Detailed log file -> /app/paper/benchmark_outputs/logs/real_transfer_20260604T180152Z.log
[2026-06-04T18:01:52.113246+00:00] Resume checkpoint -> /app/paper/real_transfer/resume_real_transfer.json
[2026-06-04T18:01:52.708237+00:00] Loaded pre-mapped real JSONL (5584 rows) from /app/external_data/edurabsa_all_mapped.jsonl
[2026-06-04T18:01:52.987000+00:00] [distilbert-base-uncased] transfer evaluation start
[2026-06-04T18:01:52.987301+00:00] [distilbert-base-uncased:detection] acquired GPU training lock -> /app/paper/benchmark_outputs/gpu_training.lock
[2026-06-04T18:01:56.046833+00:00] [distilbert-base-uncased] detection training start: train_rows=2337 val_rows=291 epochs=3 batch_size=8 device=cuda
[2026-06-04T18:02:13.819226+00:00] [distilbert-base-uncased] detection epoch 1/3: train_loss=1.1052 val_micro_f1=0.3888 val_macro_f1=0.4247 best_macro_f1=0.4247 patience=0 epoch_seconds=17.8
[2026-06-04T18:02:31.341834+00:00] [distilbert-base-uncased] detection epoch 2/3: train_loss=0.9849 val_micro_f1=0.3901 val_macro_f1=0.4199 best_macro_f1=0.4247 patience=0 epoch_seconds=17.4
[2026-06-04T18:02:48.794289+00:00] [distilbert-base-uncased] detection epoch 3/3: train_loss=0.9142 val_micro_f1=0.3792 val_macro_f1=0.3967 best_macro_f1=0.4247 patience=1 epoch_seconds=17.5
[2026-06-04T18:02:48.794438+00:00] [distilbert-base-uncased] detection early stop at epoch 3
[2026-06-04T18:02:48.831308+00:00] [distilbert-base-uncased] detection training complete: best_macro_f1=0.4247
[2026-06-04T18:02:48.831879+00:00] [distilbert-base-uncased:detection] released GPU training lock
[2026-06-04T18:02:48.834139+00:00] [distilbert-base-uncased:sentiment] acquired GPU training lock -> /app/paper/benchmark_outputs/gpu_training.lock
[2026-06-04T18:02:49.265351+00:00] [distilbert-base-uncased] sentiment training start: train_rows=2337 val_rows=291 epochs=3 batch_size=8 device=cuda
[2026-06-04T18:03:06.758843+00:00] [distilbert-base-uncased] sentiment epoch 1/3: train_loss=0.6932 val_mse=0.6298 best_val_mse=0.6298 patience=0 epoch_seconds=17.5
[2026-06-04T18:03:24.353539+00:00] [distilbert-base-uncased] sentiment epoch 2/3: train_loss=0.6091 val_mse=0.5847 best_val_mse=0.5847 patience=0 epoch_seconds=17.5
[2026-06-04T18:03:42.042580+00:00] [distilbert-base-uncased] sentiment epoch 3/3: train_loss=0.4464 val_mse=0.5822 best_val_mse=0.5822 patience=0 epoch_seconds=17.6
[2026-06-04T18:03:42.117330+00:00] [distilbert-base-uncased] sentiment training complete: best_val_mse=0.5822
[2026-06-04T18:03:42.117719+00:00] [distilbert-base-uncased:sentiment] released GPU training lock
[2026-06-04T18:04:07.817414+00:00] [distilbert-base-uncased] transfer evaluation complete: micro_f1=0.4537 sentiment_mse=0.5399
{
  "real_jsonl": "/app/paper/real_transfer/herath_mapped_real_reviews.jsonl",
  "overlap_summary": "/app/paper/real_transfer/herath_overlap_summary.csv",
  "summary": "/app/paper/real_transfer/synthetic_to_real_transfer_summary.csv",
  "per_aspect": "/app/paper/real_transfer/synthetic_to_real_transfer_per_aspect.csv",
  "run_dir": "/app/paper/real_transfer/runs/synthetic_to_real_transfer_20260604T180407Z",
  "n_real_reviews": 5584,
  "overlap_aspects": [
    "accessibility",
    "exam_fairness",
    "lecturer_quality",
    "materials",
    "organization",
    "overall_experience",
    "workload"
  ]
}

=== stderr ===

