=== stdout ===
[2026-06-04T17:19:18.514756+00:00] Resume signature mismatch at /app/paper/real_transfer/resume_real_transfer.json; starting a fresh checkpoint
[2026-06-04T17:19:18.515111+00:00] Detailed log file -> /app/paper/benchmark_outputs/logs/real_transfer_20260604T171918Z.log
[2026-06-04T17:19:18.515140+00:00] Resume checkpoint -> /app/paper/real_transfer/resume_real_transfer.json
[2026-06-04T17:19:21.459564+00:00] [distilbert-base-uncased] transfer evaluation start
[2026-06-04T17:19:21.459872+00:00] [distilbert-base-uncased:detection] acquired GPU training lock -> /app/paper/benchmark_outputs/gpu_training.lock
[2026-06-04T17:19:24.112677+00:00] [distilbert-base-uncased] detection training start: train_rows=1220 val_rows=152 epochs=3 batch_size=8 device=cuda
[2026-06-04T17:19:33.586964+00:00] [distilbert-base-uncased] detection epoch 1/3: train_loss=1.1967 val_micro_f1=0.2205 val_macro_f1=0.1157 best_macro_f1=0.1157 patience=0 epoch_seconds=9.5
[2026-06-04T17:19:42.734658+00:00] [distilbert-base-uncased] detection epoch 2/3: train_loss=1.1815 val_micro_f1=0.1844 val_macro_f1=0.1028 best_macro_f1=0.1157 patience=0 epoch_seconds=9.0
[2026-06-04T17:19:51.776178+00:00] [distilbert-base-uncased] detection epoch 3/3: train_loss=1.1400 val_micro_f1=0.2578 val_macro_f1=0.2340 best_macro_f1=0.2340 patience=1 epoch_seconds=9.0
[2026-06-04T17:19:51.907688+00:00] [distilbert-base-uncased] detection training complete: best_macro_f1=0.2340
[2026-06-04T17:19:51.908156+00:00] [distilbert-base-uncased:detection] released GPU training lock
[2026-06-04T17:19:51.911959+00:00] [distilbert-base-uncased:sentiment] acquired GPU training lock -> /app/paper/benchmark_outputs/gpu_training.lock
[2026-06-04T17:19:52.330041+00:00] [distilbert-base-uncased] sentiment training start: train_rows=1220 val_rows=152 epochs=3 batch_size=8 device=cuda
[2026-06-04T17:20:01.388149+00:00] [distilbert-base-uncased] sentiment epoch 1/3: train_loss=0.4818 val_mse=0.5184 best_val_mse=0.5184 patience=0 epoch_seconds=9.1
[2026-06-04T17:20:10.513780+00:00] [distilbert-base-uncased] sentiment epoch 2/3: train_loss=0.4581 val_mse=0.5306 best_val_mse=0.5184 patience=0 epoch_seconds=9.1
[2026-06-04T17:20:19.562158+00:00] [distilbert-base-uncased] sentiment epoch 3/3: train_loss=0.4156 val_mse=0.5459 best_val_mse=0.5184 patience=1 epoch_seconds=9.0
[2026-06-04T17:20:19.562308+00:00] [distilbert-base-uncased] sentiment early stop at epoch 3
[2026-06-04T17:20:19.592697+00:00] [distilbert-base-uncased] sentiment training complete: best_val_mse=0.5184
[2026-06-04T17:20:19.593066+00:00] [distilbert-base-uncased:sentiment] released GPU training lock
[2026-06-04T17:20:32.763984+00:00] [distilbert-base-uncased] transfer evaluation complete: micro_f1=0.3268 sentiment_mse=0.9487
{
  "real_jsonl": "/app/paper/real_transfer/herath_mapped_real_reviews.jsonl",
  "overlap_summary": "/app/paper/real_transfer/herath_overlap_summary.csv",
  "summary": "/app/paper/real_transfer/synthetic_to_real_transfer_summary.csv",
  "per_aspect": "/app/paper/real_transfer/synthetic_to_real_transfer_per_aspect.csv",
  "run_dir": "/app/paper/real_transfer/runs/synthetic_to_real_transfer_20260604T172032Z",
  "n_real_reviews": 2829,
  "overlap_aspects": [
    "accessibility",
    "assessment_design",
    "exam_fairness",
    "grading_transparency",
    "lecturer_quality",
    "materials",
    "organization",
    "overall_experience",
    "workload"
  ]
}

=== stderr ===

