=== stdout ===
[2026-06-04T17:16:20.703893+00:00] Resume signature mismatch at /app/paper/real_transfer/resume_real_transfer.json; starting a fresh checkpoint
[2026-06-04T17:16:20.704348+00:00] Detailed log file -> /app/paper/benchmark_outputs/logs/real_transfer_20260604T171620Z.log
[2026-06-04T17:16:20.704380+00:00] Resume checkpoint -> /app/paper/real_transfer/resume_real_transfer.json
[2026-06-04T17:16:24.038327+00:00] [distilbert-base-uncased] transfer evaluation start
[2026-06-04T17:16:24.038687+00:00] [distilbert-base-uncased:detection] acquired GPU training lock -> /app/paper/benchmark_outputs/gpu_training.lock
[2026-06-04T17:16:27.589582+00:00] [distilbert-base-uncased] detection training start: train_rows=2729 val_rows=341 epochs=3 batch_size=8 device=cuda
[2026-06-04T17:16:48.356379+00:00] [distilbert-base-uncased] detection epoch 1/3: train_loss=1.1003 val_micro_f1=0.4139 val_macro_f1=0.4666 best_macro_f1=0.4666 patience=0 epoch_seconds=20.8
[2026-06-04T17:17:08.797463+00:00] [distilbert-base-uncased] detection epoch 2/3: train_loss=0.9012 val_micro_f1=0.4721 val_macro_f1=0.4954 best_macro_f1=0.4954 patience=0 epoch_seconds=20.3
[2026-06-04T17:17:29.385345+00:00] [distilbert-base-uncased] detection epoch 3/3: train_loss=0.8015 val_micro_f1=0.4868 val_macro_f1=0.5108 best_macro_f1=0.5108 patience=0 epoch_seconds=20.5
[2026-06-04T17:17:29.476666+00:00] [distilbert-base-uncased] detection training complete: best_macro_f1=0.5108
[2026-06-04T17:17:29.477536+00:00] [distilbert-base-uncased:detection] released GPU training lock
[2026-06-04T17:17:29.480456+00:00] [distilbert-base-uncased:sentiment] acquired GPU training lock -> /app/paper/benchmark_outputs/gpu_training.lock
[2026-06-04T17:17:29.918093+00:00] [distilbert-base-uncased] sentiment training start: train_rows=2729 val_rows=341 epochs=3 batch_size=8 device=cuda
[2026-06-04T17:17:50.429398+00:00] [distilbert-base-uncased] sentiment epoch 1/3: train_loss=0.6773 val_mse=0.5791 best_val_mse=0.5791 patience=0 epoch_seconds=20.5
[2026-06-04T17:18:10.961273+00:00] [distilbert-base-uncased] sentiment epoch 2/3: train_loss=0.4877 val_mse=0.5338 best_val_mse=0.5338 patience=0 epoch_seconds=20.5
[2026-06-04T17:18:31.635575+00:00] [distilbert-base-uncased] sentiment epoch 3/3: train_loss=0.3493 val_mse=0.5036 best_val_mse=0.5036 patience=0 epoch_seconds=20.6
[2026-06-04T17:18:31.693582+00:00] [distilbert-base-uncased] sentiment training complete: best_val_mse=0.5036
[2026-06-04T17:18:31.694083+00:00] [distilbert-base-uncased:sentiment] released GPU training lock
[2026-06-04T17:18:45.397347+00:00] [distilbert-base-uncased] transfer evaluation complete: micro_f1=0.3708 sentiment_mse=0.3807
{
  "real_jsonl": "/app/paper/real_transfer/herath_mapped_real_reviews.jsonl",
  "overlap_summary": "/app/paper/real_transfer/herath_overlap_summary.csv",
  "summary": "/app/paper/real_transfer/synthetic_to_real_transfer_summary.csv",
  "per_aspect": "/app/paper/real_transfer/synthetic_to_real_transfer_per_aspect.csv",
  "run_dir": "/app/paper/real_transfer/runs/synthetic_to_real_transfer_20260604T171845Z",
  "n_real_reviews": 2829,
  "overlap_aspects": [
    "accessibility",
    "assessment_design",
    "exam_fairness",
    "grading_transparency",
    "lecturer_quality",
    "materials",
    "organization",
    "overall_experience",
    "workload"
  ]
}

=== stderr ===

