[2026-04-03T17:56:14.240698+00:00] START python E:\Projects\CourseABSA\paper\absa_model_comparison.py --data-path E:\Projects\CourseABSA\paper\generated_datasets\batch_69cc15c483488190941478aa4e3a976d_generated_reviews.jsonl --approaches roberta-base --no-write-latest --epochs-detection 3 --epochs-sentiment 3 --seed 42
[2026-04-03T17:56:21.148616+00:00] Benchmark start: data=E:\Projects\CourseABSA\paper\generated_datasets\batch_69cc15c483488190941478aa4e3a976d_generated_reviews.jsonl device=cuda seed=42 approaches=['roberta-base'] epochs_detection=3 epochs_sentiment=3 batch_size=8 max_len=192 lr=3e-05
[2026-04-03T17:56:21.148704+00:00] Detailed log file -> E:\Projects\CourseABSA\paper\benchmark_outputs\logs\benchmark_20260403T175621Z.log
[2026-04-03T17:56:21.160788+00:00] Resume checkpoint -> E:\Projects\CourseABSA\paper\experiment_rounds\phase_a_benchmark_20260403\logs\06_phase_a_roberta_base.resume.json
[2026-04-03T17:56:22.834018+00:00] Dataset loaded: rows=10000 train=8000 calib=1000 test=1000 aspects=20
[2026-04-03T17:56:22.834444+00:00] Dispatching approach -> roberta-base
[2026-04-03T17:56:22.834479+00:00] [roberta-base] transformer approach start
[2026-04-03T17:56:22.834839+00:00] [roberta-base:detection] acquired GPU training lock -> E:\Projects\CourseABSA\paper\benchmark_outputs\gpu_training.lock
Warning: You are sending unauthenticated requests to the HF Hub. Please set a HF_TOKEN to enable higher rate limits and faster downloads.
[2026-04-03T17:56:34.288110+00:00] [roberta-base] detection training start: train_rows=8000 val_rows=1000 epochs=3 batch_size=8 device=cuda
[2026-04-03T18:00:09.899823+00:00] [roberta-base] detection epoch 1/3: train_loss=1.2516 val_micro_f1=0.1569 val_macro_f1=0.0788 best_macro_f1=0.0788 patience=0 epoch_seconds=215.6
[2026-04-03T18:03:45.197985+00:00] [roberta-base] detection epoch 2/3: train_loss=1.2506 val_micro_f1=0.1543 val_macro_f1=0.0560 best_macro_f1=0.0788 patience=0 epoch_seconds=215.2
[2026-04-03T18:07:20.582355+00:00] [roberta-base] detection epoch 3/3: train_loss=1.2500 val_micro_f1=0.1635 val_macro_f1=0.0818 best_macro_f1=0.0818 patience=1 epoch_seconds=215.4
[2026-04-03T18:07:20.786555+00:00] [roberta-base] detection training complete: best_macro_f1=0.0818
[2026-04-03T18:07:20.794821+00:00] [roberta-base:detection] released GPU training lock
[2026-04-03T18:07:20.795123+00:00] [roberta-base:sentiment] acquired GPU training lock -> E:\Projects\CourseABSA\paper\benchmark_outputs\gpu_training.lock
[2026-04-03T18:07:22.564605+00:00] [roberta-base] sentiment training start: train_rows=8000 val_rows=1000 epochs=3 batch_size=8 device=cuda
[2026-04-03T18:10:58.519601+00:00] [roberta-base] sentiment epoch 1/3: train_loss=0.6797 val_mse=0.6764 best_val_mse=0.6764 patience=0 epoch_seconds=216.0
[2026-04-03T18:14:34.540411+00:00] [roberta-base] sentiment epoch 2/3: train_loss=0.6752 val_mse=0.6695 best_val_mse=0.6695 patience=0 epoch_seconds=215.9
[2026-04-03T18:18:10.559899+00:00] [roberta-base] sentiment epoch 3/3: train_loss=0.6738 val_mse=0.6664 best_val_mse=0.6664 patience=0 epoch_seconds=215.9
[2026-04-03T18:18:10.764119+00:00] [roberta-base] sentiment training complete: best_val_mse=0.6664
[2026-04-03T18:18:10.770529+00:00] [roberta-base:sentiment] released GPU training lock
[2026-04-03T18:18:18.911203+00:00] [roberta-base] calibrated 20 thresholds
[2026-04-03T18:18:34.255260+00:00] [roberta-base] transformer approach complete: micro_f1=0.1829 macro_f1=0.1828 sentiment_mse=0.6838 elapsed=1331.4s
Completed roberta-base: micro_f1=0.1829, sentiment_mse=0.6838
[2026-04-03T18:18:34.440050+00:00] Archived run bundle -> E:\Projects\CourseABSA\paper\benchmark_outputs\runs\benchmark_full_20260403T181834Z
Saved benchmark outputs to E:\Projects\CourseABSA\paper\benchmark_outputs and archived run to E:\Projects\CourseABSA\paper\benchmark_outputs\runs\benchmark_full_20260403T181834Z

[2026-04-03T18:18:54.307572+00:00] END exit_code=0 elapsed_seconds=1360.1
