=== stdout ===
[2026-06-04T18:02:08.375430+00:00] Resume signature mismatch at /app/paper/real_transfer/resume_real_transfer.json; starting a fresh checkpoint
[2026-06-04T18:02:08.375854+00:00] Detailed log file -> /app/paper/benchmark_outputs/logs/real_transfer_20260604T180208Z.log
[2026-06-04T18:02:08.375943+00:00] Resume checkpoint -> /app/paper/real_transfer/resume_real_transfer.json
[2026-06-04T18:02:08.978025+00:00] Loaded pre-mapped real JSONL (5584 rows) from /app/external_data/edurabsa_all_mapped.jsonl
[2026-06-04T18:02:09.257238+00:00] [distilbert-base-uncased] transfer evaluation start
[2026-06-04T18:02:09.257561+00:00] [distilbert-base-uncased:detection] acquired GPU training lock -> /app/paper/benchmark_outputs/gpu_training.lock
[2026-06-04T18:02:12.296868+00:00] [distilbert-base-uncased] detection training start: train_rows=2337 val_rows=291 epochs=3 batch_size=8 device=cuda
[2026-06-04T18:02:30.066375+00:00] [distilbert-base-uncased] detection epoch 1/3: train_loss=1.0974 val_micro_f1=0.3879 val_macro_f1=0.4247 best_macro_f1=0.4247 patience=0 epoch_seconds=17.8
[2026-06-04T18:02:47.620989+00:00] [distilbert-base-uncased] detection epoch 2/3: train_loss=0.9750 val_micro_f1=0.4173 val_macro_f1=0.4402 best_macro_f1=0.4402 patience=0 epoch_seconds=17.5
[2026-06-04T18:03:05.136182+00:00] [distilbert-base-uncased] detection epoch 3/3: train_loss=0.9147 val_micro_f1=0.4333 val_macro_f1=0.4552 best_macro_f1=0.4552 patience=0 epoch_seconds=17.4
[2026-06-04T18:03:05.219664+00:00] [distilbert-base-uncased] detection training complete: best_macro_f1=0.4552
[2026-06-04T18:03:05.220053+00:00] [distilbert-base-uncased:detection] released GPU training lock
[2026-06-04T18:03:05.222267+00:00] [distilbert-base-uncased:sentiment] acquired GPU training lock -> /app/paper/benchmark_outputs/gpu_training.lock
[2026-06-04T18:03:05.663377+00:00] [distilbert-base-uncased] sentiment training start: train_rows=2337 val_rows=291 epochs=3 batch_size=8 device=cuda
[2026-06-04T18:03:23.125479+00:00] [distilbert-base-uncased] sentiment epoch 1/3: train_loss=0.6849 val_mse=0.6645 best_val_mse=0.6645 patience=0 epoch_seconds=17.5
[2026-06-04T18:03:40.634304+00:00] [distilbert-base-uncased] sentiment epoch 2/3: train_loss=0.6168 val_mse=0.5722 best_val_mse=0.5722 patience=0 epoch_seconds=17.5
[2026-06-04T18:03:58.150271+00:00] [distilbert-base-uncased] sentiment epoch 3/3: train_loss=0.4745 val_mse=0.7356 best_val_mse=0.5722 patience=0 epoch_seconds=17.4
[2026-06-04T18:03:58.180101+00:00] [distilbert-base-uncased] sentiment training complete: best_val_mse=0.5722
[2026-06-04T18:03:58.180442+00:00] [distilbert-base-uncased:sentiment] released GPU training lock
[2026-06-04T18:04:23.815450+00:00] [distilbert-base-uncased] transfer evaluation complete: micro_f1=0.3159 sentiment_mse=0.6457
{
  "real_jsonl": "/app/paper/real_transfer/herath_mapped_real_reviews.jsonl",
  "overlap_summary": "/app/paper/real_transfer/herath_overlap_summary.csv",
  "summary": "/app/paper/real_transfer/synthetic_to_real_transfer_summary.csv",
  "per_aspect": "/app/paper/real_transfer/synthetic_to_real_transfer_per_aspect.csv",
  "run_dir": "/app/paper/real_transfer/runs/synthetic_to_real_transfer_20260604T180423Z",
  "n_real_reviews": 5584,
  "overlap_aspects": [
    "accessibility",
    "exam_fairness",
    "lecturer_quality",
    "materials",
    "organization",
    "overall_experience",
    "workload"
  ]
}

=== stderr ===

