=== stdout ===
[2026-06-04T17:21:29.785036+00:00] Resume signature mismatch at /app/paper/real_transfer/resume_real_transfer.json; starting a fresh checkpoint
[2026-06-04T17:21:29.785372+00:00] Detailed log file -> /app/paper/benchmark_outputs/logs/real_transfer_20260604T172129Z.log
[2026-06-04T17:21:29.785413+00:00] Resume checkpoint -> /app/paper/real_transfer/resume_real_transfer.json
[2026-06-04T17:21:30.852088+00:00] Loaded pre-mapped real JSONL (5584 rows) from /app/external_data/edurabsa_all_mapped.jsonl
[2026-06-04T17:21:31.310634+00:00] [bert-base-uncased] transfer evaluation start
[2026-06-04T17:21:31.310948+00:00] [bert-base-uncased:detection] acquired GPU training lock -> /app/paper/benchmark_outputs/gpu_training.lock
[2026-06-04T17:21:35.575741+00:00] [bert-base-uncased] detection training start: train_rows=4609 val_rows=576 epochs=3 batch_size=8 device=cuda
[2026-06-04T17:22:40.747227+00:00] [bert-base-uncased] detection epoch 1/3: train_loss=1.0497 val_micro_f1=0.4032 val_macro_f1=0.4355 best_macro_f1=0.4355 patience=0 epoch_seconds=65.2
[2026-06-04T17:23:46.206647+00:00] [bert-base-uncased] detection epoch 2/3: train_loss=0.9429 val_micro_f1=0.4241 val_macro_f1=0.4510 best_macro_f1=0.4510 patience=0 epoch_seconds=65.3
[2026-06-04T17:24:51.813209+00:00] [bert-base-uncased] detection epoch 3/3: train_loss=0.8855 val_micro_f1=0.4407 val_macro_f1=0.4627 best_macro_f1=0.4627 patience=0 epoch_seconds=65.4
[2026-06-04T17:24:51.928809+00:00] [bert-base-uncased] detection training complete: best_macro_f1=0.4627
[2026-06-04T17:24:51.929274+00:00] [bert-base-uncased:detection] released GPU training lock
[2026-06-04T17:24:51.932945+00:00] [bert-base-uncased:sentiment] acquired GPU training lock -> /app/paper/benchmark_outputs/gpu_training.lock
[2026-06-04T17:24:52.490923+00:00] [bert-base-uncased] sentiment training start: train_rows=4609 val_rows=576 epochs=3 batch_size=8 device=cuda
[2026-06-04T17:25:57.973607+00:00] [bert-base-uncased] sentiment epoch 1/3: train_loss=0.6519 val_mse=0.6351 best_val_mse=0.6351 patience=0 epoch_seconds=65.5
[2026-06-04T17:27:03.496546+00:00] [bert-base-uncased] sentiment epoch 2/3: train_loss=0.4781 val_mse=0.5984 best_val_mse=0.5984 patience=0 epoch_seconds=65.5
[2026-06-04T17:28:09.124865+00:00] [bert-base-uncased] sentiment epoch 3/3: train_loss=0.3493 val_mse=0.5051 best_val_mse=0.5051 patience=0 epoch_seconds=65.5
[2026-06-04T17:28:09.279299+00:00] [bert-base-uncased] sentiment training complete: best_val_mse=0.5051
[2026-06-04T17:28:09.280009+00:00] [bert-base-uncased:sentiment] released GPU training lock
[2026-06-04T17:28:59.405251+00:00] [bert-base-uncased] transfer evaluation complete: micro_f1=0.4321 sentiment_mse=0.4310
{
  "real_jsonl": "/app/paper/real_transfer/herath_mapped_real_reviews.jsonl",
  "overlap_summary": "/app/paper/real_transfer/herath_overlap_summary.csv",
  "summary": "/app/paper/real_transfer/synthetic_to_real_transfer_summary.csv",
  "per_aspect": "/app/paper/real_transfer/synthetic_to_real_transfer_per_aspect.csv",
  "run_dir": "/app/paper/real_transfer/runs/synthetic_to_real_transfer_20260604T172859Z",
  "n_real_reviews": 5584,
  "overlap_aspects": [
    "accessibility",
    "exam_fairness",
    "lecturer_quality",
    "materials",
    "organization",
    "overall_experience",
    "workload"
  ]
}

=== stderr ===

