=== stdout ===
[2026-06-04T17:56:37.526736+00:00] Resume signature mismatch at /app/paper/real_transfer/resume_real_transfer.json; starting a fresh checkpoint
[2026-06-04T17:56:37.527098+00:00] Detailed log file -> /app/paper/benchmark_outputs/logs/real_transfer_20260604T175637Z.log
[2026-06-04T17:56:37.527152+00:00] Resume checkpoint -> /app/paper/real_transfer/resume_real_transfer.json
[2026-06-04T17:56:38.125993+00:00] Loaded pre-mapped real JSONL (5584 rows) from /app/external_data/edurabsa_all_mapped.jsonl
[2026-06-04T17:56:38.406128+00:00] [distilbert-base-uncased] transfer evaluation start
[2026-06-04T17:56:38.406450+00:00] [distilbert-base-uncased:detection] acquired GPU training lock -> /app/paper/benchmark_outputs/gpu_training.lock
[2026-06-04T17:56:41.456593+00:00] [distilbert-base-uncased] detection training start: train_rows=2317 val_rows=289 epochs=3 batch_size=8 device=cuda
[2026-06-04T17:56:58.913212+00:00] [distilbert-base-uncased] detection epoch 1/3: train_loss=1.0423 val_micro_f1=0.4841 val_macro_f1=0.5270 best_macro_f1=0.5270 patience=0 epoch_seconds=17.5
[2026-06-04T17:57:16.206861+00:00] [distilbert-base-uncased] detection epoch 2/3: train_loss=0.8747 val_micro_f1=0.5061 val_macro_f1=0.5352 best_macro_f1=0.5352 patience=0 epoch_seconds=17.1
[2026-06-04T17:57:33.566626+00:00] [distilbert-base-uncased] detection epoch 3/3: train_loss=0.8037 val_micro_f1=0.5109 val_macro_f1=0.5203 best_macro_f1=0.5352 patience=0 epoch_seconds=17.2
[2026-06-04T17:57:33.610038+00:00] [distilbert-base-uncased] detection training complete: best_macro_f1=0.5352
[2026-06-04T17:57:33.610479+00:00] [distilbert-base-uncased:detection] released GPU training lock
[2026-06-04T17:57:33.616163+00:00] [distilbert-base-uncased:sentiment] acquired GPU training lock -> /app/paper/benchmark_outputs/gpu_training.lock
[2026-06-04T17:57:34.059868+00:00] [distilbert-base-uncased] sentiment training start: train_rows=2317 val_rows=289 epochs=3 batch_size=8 device=cuda
[2026-06-04T17:57:51.262893+00:00] [distilbert-base-uncased] sentiment epoch 1/3: train_loss=0.7022 val_mse=0.6545 best_val_mse=0.6545 patience=0 epoch_seconds=17.2
[2026-06-04T17:58:08.429263+00:00] [distilbert-base-uncased] sentiment epoch 2/3: train_loss=0.5109 val_mse=0.4562 best_val_mse=0.4562 patience=0 epoch_seconds=17.1
[2026-06-04T17:58:25.727511+00:00] [distilbert-base-uncased] sentiment epoch 3/3: train_loss=0.3621 val_mse=0.4547 best_val_mse=0.4547 patience=0 epoch_seconds=17.2
[2026-06-04T17:58:25.794240+00:00] [distilbert-base-uncased] sentiment training complete: best_val_mse=0.4547
[2026-06-04T17:58:25.794733+00:00] [distilbert-base-uncased:sentiment] released GPU training lock
[2026-06-04T17:58:51.117178+00:00] [distilbert-base-uncased] transfer evaluation complete: micro_f1=0.4286 sentiment_mse=0.4999
{
  "real_jsonl": "/app/paper/real_transfer/herath_mapped_real_reviews.jsonl",
  "overlap_summary": "/app/paper/real_transfer/herath_overlap_summary.csv",
  "summary": "/app/paper/real_transfer/synthetic_to_real_transfer_summary.csv",
  "per_aspect": "/app/paper/real_transfer/synthetic_to_real_transfer_per_aspect.csv",
  "run_dir": "/app/paper/real_transfer/runs/synthetic_to_real_transfer_20260604T175851Z",
  "n_real_reviews": 5584,
  "overlap_aspects": [
    "accessibility",
    "exam_fairness",
    "lecturer_quality",
    "materials",
    "organization",
    "overall_experience",
    "workload"
  ]
}

=== stderr ===

