=== stdout ===
[2026-06-04T17:57:44.176999+00:00] Resume signature mismatch at /app/paper/real_transfer/resume_real_transfer.json; starting a fresh checkpoint
[2026-06-04T17:57:44.177361+00:00] Detailed log file -> /app/paper/benchmark_outputs/logs/real_transfer_20260604T175744Z.log
[2026-06-04T17:57:44.177408+00:00] Resume checkpoint -> /app/paper/real_transfer/resume_real_transfer.json
[2026-06-04T17:57:45.245628+00:00] Loaded pre-mapped real JSONL (5584 rows) from /app/external_data/edurabsa_all_mapped.jsonl
[2026-06-04T17:57:45.702330+00:00] [distilbert-base-uncased] transfer evaluation start
[2026-06-04T17:57:45.702700+00:00] [distilbert-base-uncased:detection] acquired GPU training lock -> /app/paper/benchmark_outputs/gpu_training.lock
[2026-06-04T17:57:49.873555+00:00] [distilbert-base-uncased] detection training start: train_rows=4609 val_rows=576 epochs=3 batch_size=8 device=cuda
[2026-06-04T17:58:24.552872+00:00] [distilbert-base-uncased] detection epoch 1/3: train_loss=1.0601 val_micro_f1=0.4050 val_macro_f1=0.3867 best_macro_f1=0.3867 patience=0 epoch_seconds=34.7
[2026-06-04T17:58:58.979092+00:00] [distilbert-base-uncased] detection epoch 2/3: train_loss=0.9540 val_micro_f1=0.4410 val_macro_f1=0.4651 best_macro_f1=0.4651 patience=0 epoch_seconds=34.3
[2026-06-04T17:59:33.546276+00:00] [distilbert-base-uncased] detection epoch 3/3: train_loss=0.8980 val_micro_f1=0.4321 val_macro_f1=0.4529 best_macro_f1=0.4651 patience=0 epoch_seconds=34.5
[2026-06-04T17:59:33.576124+00:00] [distilbert-base-uncased] detection training complete: best_macro_f1=0.4651
[2026-06-04T17:59:33.576551+00:00] [distilbert-base-uncased:detection] released GPU training lock
[2026-06-04T17:59:33.578590+00:00] [distilbert-base-uncased:sentiment] acquired GPU training lock -> /app/paper/benchmark_outputs/gpu_training.lock
[2026-06-04T17:59:34.011256+00:00] [distilbert-base-uncased] sentiment training start: train_rows=4609 val_rows=576 epochs=3 batch_size=8 device=cuda
[2026-06-04T18:00:08.578679+00:00] [distilbert-base-uncased] sentiment epoch 1/3: train_loss=0.6556 val_mse=0.5944 best_val_mse=0.5944 patience=0 epoch_seconds=34.6
[2026-06-04T18:00:43.142409+00:00] [distilbert-base-uncased] sentiment epoch 2/3: train_loss=0.5108 val_mse=0.5702 best_val_mse=0.5702 patience=0 epoch_seconds=34.5
[2026-06-04T18:01:17.817288+00:00] [distilbert-base-uncased] sentiment epoch 3/3: train_loss=0.3882 val_mse=0.5581 best_val_mse=0.5581 patience=0 epoch_seconds=34.6
[2026-06-04T18:01:17.869812+00:00] [distilbert-base-uncased] sentiment training complete: best_val_mse=0.5581
[2026-06-04T18:01:17.870200+00:00] [distilbert-base-uncased:sentiment] released GPU training lock
[2026-06-04T18:01:44.627920+00:00] [distilbert-base-uncased] transfer evaluation complete: micro_f1=0.4698 sentiment_mse=0.4674
{
  "real_jsonl": "/app/paper/real_transfer/herath_mapped_real_reviews.jsonl",
  "overlap_summary": "/app/paper/real_transfer/herath_overlap_summary.csv",
  "summary": "/app/paper/real_transfer/synthetic_to_real_transfer_summary.csv",
  "per_aspect": "/app/paper/real_transfer/synthetic_to_real_transfer_per_aspect.csv",
  "run_dir": "/app/paper/real_transfer/runs/synthetic_to_real_transfer_20260604T180144Z",
  "n_real_reviews": 5584,
  "overlap_aspects": [
    "accessibility",
    "exam_fairness",
    "lecturer_quality",
    "materials",
    "organization",
    "overall_experience",
    "workload"
  ]
}

=== stderr ===

