=== stdout ===
[2026-06-04T17:00:50.587807+00:00] Detailed log file -> /app/paper/benchmark_outputs/logs/real_transfer_20260604T170050Z.log
[2026-06-04T17:00:50.587943+00:00] Resume checkpoint -> /app/paper/real_transfer/resume_real_transfer.json
[2026-06-04T17:00:54.252368+00:00] [distilbert-base-uncased] transfer evaluation start
[2026-06-04T17:00:54.252849+00:00] [distilbert-base-uncased:detection] acquired GPU training lock -> /app/paper/benchmark_outputs/gpu_training.lock
[2026-06-04T17:01:01.548651+00:00] [distilbert-base-uncased] detection training start: train_rows=2729 val_rows=341 epochs=3 batch_size=8 device=cuda
[2026-06-04T17:01:19.586711+00:00] [distilbert-base-uncased] detection epoch 1/3: train_loss=1.1035 val_micro_f1=0.4196 val_macro_f1=0.4397 best_macro_f1=0.4397 patience=0 epoch_seconds=18.0
[2026-06-04T17:01:37.057291+00:00] [distilbert-base-uncased] detection epoch 2/3: train_loss=0.9165 val_micro_f1=0.4338 val_macro_f1=0.4793 best_macro_f1=0.4793 patience=0 epoch_seconds=17.4
[2026-06-04T17:01:54.459718+00:00] [distilbert-base-uncased] detection epoch 3/3: train_loss=0.8216 val_micro_f1=0.4549 val_macro_f1=0.4949 best_macro_f1=0.4949 patience=0 epoch_seconds=17.3
[2026-06-04T17:01:54.542462+00:00] [distilbert-base-uncased] detection training complete: best_macro_f1=0.4949
[2026-06-04T17:01:54.543627+00:00] [distilbert-base-uncased:detection] released GPU training lock
[2026-06-04T17:01:54.547130+00:00] [distilbert-base-uncased:sentiment] acquired GPU training lock -> /app/paper/benchmark_outputs/gpu_training.lock
[2026-06-04T17:01:55.203810+00:00] [distilbert-base-uncased] sentiment training start: train_rows=2729 val_rows=341 epochs=3 batch_size=8 device=cuda
[2026-06-04T17:02:12.755821+00:00] [distilbert-base-uncased] sentiment epoch 1/3: train_loss=0.6848 val_mse=0.5759 best_val_mse=0.5759 patience=0 epoch_seconds=17.6
[2026-06-04T17:02:29.895744+00:00] [distilbert-base-uncased] sentiment epoch 2/3: train_loss=0.4912 val_mse=0.4668 best_val_mse=0.4668 patience=0 epoch_seconds=17.1
[2026-06-04T17:02:46.885937+00:00] [distilbert-base-uncased] sentiment epoch 3/3: train_loss=0.3358 val_mse=0.4619 best_val_mse=0.4619 patience=0 epoch_seconds=16.9
[2026-06-04T17:02:46.963800+00:00] [distilbert-base-uncased] sentiment training complete: best_val_mse=0.4619
[2026-06-04T17:02:46.964369+00:00] [distilbert-base-uncased:sentiment] released GPU training lock
[2026-06-04T17:02:57.519107+00:00] [distilbert-base-uncased] transfer evaluation complete: micro_f1=0.2996 sentiment_mse=0.3513
{
  "real_jsonl": "/app/paper/real_transfer/herath_mapped_real_reviews.jsonl",
  "overlap_summary": "/app/paper/real_transfer/herath_overlap_summary.csv",
  "summary": "/app/paper/real_transfer/synthetic_to_real_transfer_summary.csv",
  "per_aspect": "/app/paper/real_transfer/synthetic_to_real_transfer_per_aspect.csv",
  "run_dir": "/app/paper/real_transfer/runs/synthetic_to_real_transfer_20260604T170257Z",
  "n_real_reviews": 2829,
  "overlap_aspects": [
    "accessibility",
    "assessment_design",
    "exam_fairness",
    "grading_transparency",
    "lecturer_quality",
    "materials",
    "organization",
    "overall_experience",
    "workload"
  ]
}

=== stderr ===

