=== stdout ===
[2026-06-04T17:26:09.222545+00:00] Detailed log file -> /app/paper/benchmark_outputs/logs/real_transfer_20260604T172609Z.log
[2026-06-04T17:26:09.223240+00:00] Resume checkpoint -> /app/paper/real_transfer/resume_real_transfer.json
[2026-06-04T17:26:09.851824+00:00] Loaded pre-mapped real JSONL (5584 rows) from /app/external_data/edurabsa_all_mapped.jsonl
[2026-06-04T17:26:10.131258+00:00] [bert-base-uncased] transfer evaluation start
[2026-06-04T17:26:10.131570+00:00] [bert-base-uncased:detection] acquired GPU training lock -> /app/paper/benchmark_outputs/gpu_training.lock
[2026-06-04T17:26:17.254901+00:00] [bert-base-uncased] detection training start: train_rows=2337 val_rows=291 epochs=3 batch_size=8 device=cuda
[2026-06-04T17:26:49.554140+00:00] [bert-base-uncased] detection epoch 1/3: train_loss=1.1041 val_micro_f1=0.3714 val_macro_f1=0.3943 best_macro_f1=0.3943 patience=0 epoch_seconds=32.3
[2026-06-04T17:27:21.918480+00:00] [bert-base-uncased] detection epoch 2/3: train_loss=0.9746 val_micro_f1=0.4216 val_macro_f1=0.4466 best_macro_f1=0.4466 patience=0 epoch_seconds=32.2
[2026-06-04T17:27:54.492268+00:00] [bert-base-uncased] detection epoch 3/3: train_loss=0.8933 val_micro_f1=0.4316 val_macro_f1=0.4576 best_macro_f1=0.4576 patience=0 epoch_seconds=32.4
[2026-06-04T17:27:54.619024+00:00] [bert-base-uncased] detection training complete: best_macro_f1=0.4576
[2026-06-04T17:27:54.619401+00:00] [bert-base-uncased:detection] released GPU training lock
[2026-06-04T17:27:54.622706+00:00] [bert-base-uncased:sentiment] acquired GPU training lock -> /app/paper/benchmark_outputs/gpu_training.lock
[2026-06-04T17:27:55.183173+00:00] [bert-base-uncased] sentiment training start: train_rows=2337 val_rows=291 epochs=3 batch_size=8 device=cuda
[2026-06-04T17:28:27.788856+00:00] [bert-base-uncased] sentiment epoch 1/3: train_loss=0.6876 val_mse=0.6526 best_val_mse=0.6526 patience=0 epoch_seconds=32.6
[2026-06-04T17:29:00.430758+00:00] [bert-base-uncased] sentiment epoch 2/3: train_loss=0.6004 val_mse=0.5607 best_val_mse=0.5607 patience=0 epoch_seconds=32.6
[2026-06-04T17:29:33.345872+00:00] [bert-base-uncased] sentiment epoch 3/3: train_loss=0.4187 val_mse=0.7352 best_val_mse=0.5607 patience=0 epoch_seconds=32.8
[2026-06-04T17:29:33.402530+00:00] [bert-base-uncased] sentiment training complete: best_val_mse=0.5607
[2026-06-04T17:29:33.403251+00:00] [bert-base-uncased:sentiment] released GPU training lock
[2026-06-04T17:30:21.753361+00:00] [bert-base-uncased] transfer evaluation complete: micro_f1=0.3954 sentiment_mse=0.5799
{
  "real_jsonl": "/app/paper/real_transfer/herath_mapped_real_reviews.jsonl",
  "overlap_summary": "/app/paper/real_transfer/herath_overlap_summary.csv",
  "summary": "/app/paper/real_transfer/synthetic_to_real_transfer_summary.csv",
  "per_aspect": "/app/paper/real_transfer/synthetic_to_real_transfer_per_aspect.csv",
  "run_dir": "/app/paper/real_transfer/runs/synthetic_to_real_transfer_20260604T173021Z",
  "n_real_reviews": 5584,
  "overlap_aspects": [
    "accessibility",
    "exam_fairness",
    "lecturer_quality",
    "materials",
    "organization",
    "overall_experience",
    "workload"
  ]
}

=== stderr ===

