=== stdout ===
[2026-06-04T17:56:10.756703+00:00] Resume signature mismatch at /app/paper/real_transfer/resume_real_transfer.json; starting a fresh checkpoint
[2026-06-04T17:56:10.757008+00:00] Detailed log file -> /app/paper/benchmark_outputs/logs/real_transfer_20260604T175610Z.log
[2026-06-04T17:56:10.757042+00:00] Resume checkpoint -> /app/paper/real_transfer/resume_real_transfer.json
[2026-06-04T17:56:11.339003+00:00] Loaded pre-mapped real JSONL (5584 rows) from /app/external_data/edurabsa_all_mapped.jsonl
[2026-06-04T17:56:11.611090+00:00] [distilbert-base-uncased] transfer evaluation start
[2026-06-04T17:56:11.611313+00:00] [distilbert-base-uncased:detection] acquired GPU training lock -> /app/paper/benchmark_outputs/gpu_training.lock
[2026-06-04T17:56:14.495906+00:00] [distilbert-base-uncased] detection training start: train_rows=2317 val_rows=289 epochs=3 batch_size=8 device=cuda
[2026-06-04T17:56:31.872894+00:00] [distilbert-base-uncased] detection epoch 1/3: train_loss=1.0685 val_micro_f1=0.4093 val_macro_f1=0.4494 best_macro_f1=0.4494 patience=0 epoch_seconds=17.4
[2026-06-04T17:56:48.971944+00:00] [distilbert-base-uncased] detection epoch 2/3: train_loss=0.8970 val_micro_f1=0.4594 val_macro_f1=0.5017 best_macro_f1=0.5017 patience=0 epoch_seconds=17.0
[2026-06-04T17:57:06.038336+00:00] [distilbert-base-uncased] detection epoch 3/3: train_loss=0.8127 val_micro_f1=0.4469 val_macro_f1=0.4803 best_macro_f1=0.5017 patience=0 epoch_seconds=17.0
[2026-06-04T17:57:06.067285+00:00] [distilbert-base-uncased] detection training complete: best_macro_f1=0.5017
[2026-06-04T17:57:06.067619+00:00] [distilbert-base-uncased:detection] released GPU training lock
[2026-06-04T17:57:06.070224+00:00] [distilbert-base-uncased:sentiment] acquired GPU training lock -> /app/paper/benchmark_outputs/gpu_training.lock
[2026-06-04T17:57:06.460616+00:00] [distilbert-base-uncased] sentiment training start: train_rows=2317 val_rows=289 epochs=3 batch_size=8 device=cuda
[2026-06-04T17:57:23.580684+00:00] [distilbert-base-uncased] sentiment epoch 1/3: train_loss=0.7042 val_mse=0.6121 best_val_mse=0.6121 patience=0 epoch_seconds=17.1
[2026-06-04T17:57:40.698762+00:00] [distilbert-base-uncased] sentiment epoch 2/3: train_loss=0.5054 val_mse=0.5098 best_val_mse=0.5098 patience=0 epoch_seconds=17.1
[2026-06-04T17:57:57.887998+00:00] [distilbert-base-uncased] sentiment epoch 3/3: train_loss=0.3628 val_mse=0.5260 best_val_mse=0.5098 patience=0 epoch_seconds=17.1
[2026-06-04T17:57:57.917044+00:00] [distilbert-base-uncased] sentiment training complete: best_val_mse=0.5098
[2026-06-04T17:57:57.917427+00:00] [distilbert-base-uncased:sentiment] released GPU training lock
[2026-06-04T17:58:23.187632+00:00] [distilbert-base-uncased] transfer evaluation complete: micro_f1=0.4088 sentiment_mse=0.6193
{
  "real_jsonl": "/app/paper/real_transfer/herath_mapped_real_reviews.jsonl",
  "overlap_summary": "/app/paper/real_transfer/herath_overlap_summary.csv",
  "summary": "/app/paper/real_transfer/synthetic_to_real_transfer_summary.csv",
  "per_aspect": "/app/paper/real_transfer/synthetic_to_real_transfer_per_aspect.csv",
  "run_dir": "/app/paper/real_transfer/runs/synthetic_to_real_transfer_20260604T175823Z",
  "n_real_reviews": 5584,
  "overlap_aspects": [
    "accessibility",
    "exam_fairness",
    "lecturer_quality",
    "materials",
    "organization",
    "overall_experience",
    "workload"
  ]
}

=== stderr ===

