=== stdout ===
[2026-06-04T18:02:40.442025+00:00] Resume signature mismatch at /app/paper/real_transfer/resume_real_transfer.json; starting a fresh checkpoint
[2026-06-04T18:02:40.442463+00:00] Detailed log file -> /app/paper/benchmark_outputs/logs/real_transfer_20260604T180240Z.log
[2026-06-04T18:02:40.442530+00:00] Resume checkpoint -> /app/paper/real_transfer/resume_real_transfer.json
[2026-06-04T18:02:41.045813+00:00] Loaded pre-mapped real JSONL (5584 rows) from /app/external_data/edurabsa_all_mapped.jsonl
[2026-06-04T18:02:41.319644+00:00] [distilbert-base-uncased] transfer evaluation start
[2026-06-04T18:02:41.319945+00:00] [distilbert-base-uncased:detection] acquired GPU training lock -> /app/paper/benchmark_outputs/gpu_training.lock
[2026-06-04T18:02:44.384527+00:00] [distilbert-base-uncased] detection training start: train_rows=2337 val_rows=291 epochs=3 batch_size=8 device=cuda
[2026-06-04T18:03:02.417086+00:00] [distilbert-base-uncased] detection epoch 1/3: train_loss=1.1105 val_micro_f1=0.3932 val_macro_f1=0.4325 best_macro_f1=0.4325 patience=0 epoch_seconds=18.0
[2026-06-04T18:03:19.991005+00:00] [distilbert-base-uncased] detection epoch 2/3: train_loss=0.9887 val_micro_f1=0.4514 val_macro_f1=0.4821 best_macro_f1=0.4821 patience=0 epoch_seconds=17.4
[2026-06-04T18:03:37.539227+00:00] [distilbert-base-uncased] detection epoch 3/3: train_loss=0.9178 val_micro_f1=0.3969 val_macro_f1=0.4248 best_macro_f1=0.4821 patience=0 epoch_seconds=17.4
[2026-06-04T18:03:37.571711+00:00] [distilbert-base-uncased] detection training complete: best_macro_f1=0.4821
[2026-06-04T18:03:37.572062+00:00] [distilbert-base-uncased:detection] released GPU training lock
[2026-06-04T18:03:37.573683+00:00] [distilbert-base-uncased:sentiment] acquired GPU training lock -> /app/paper/benchmark_outputs/gpu_training.lock
[2026-06-04T18:03:37.998212+00:00] [distilbert-base-uncased] sentiment training start: train_rows=2337 val_rows=291 epochs=3 batch_size=8 device=cuda
[2026-06-04T18:03:55.515739+00:00] [distilbert-base-uncased] sentiment epoch 1/3: train_loss=0.6829 val_mse=0.6630 best_val_mse=0.6630 patience=0 epoch_seconds=17.5
[2026-06-04T18:04:13.150697+00:00] [distilbert-base-uncased] sentiment epoch 2/3: train_loss=0.6055 val_mse=0.5797 best_val_mse=0.5797 patience=0 epoch_seconds=17.6
[2026-06-04T18:04:30.839132+00:00] [distilbert-base-uncased] sentiment epoch 3/3: train_loss=0.4416 val_mse=0.5662 best_val_mse=0.5662 patience=0 epoch_seconds=17.6
[2026-06-04T18:04:30.891138+00:00] [distilbert-base-uncased] sentiment training complete: best_val_mse=0.5662
[2026-06-04T18:04:30.891549+00:00] [distilbert-base-uncased:sentiment] released GPU training lock
[2026-06-04T18:04:56.751932+00:00] [distilbert-base-uncased] transfer evaluation complete: micro_f1=0.3918 sentiment_mse=0.5188
{
  "real_jsonl": "/app/paper/real_transfer/herath_mapped_real_reviews.jsonl",
  "overlap_summary": "/app/paper/real_transfer/herath_overlap_summary.csv",
  "summary": "/app/paper/real_transfer/synthetic_to_real_transfer_summary.csv",
  "per_aspect": "/app/paper/real_transfer/synthetic_to_real_transfer_per_aspect.csv",
  "run_dir": "/app/paper/real_transfer/runs/synthetic_to_real_transfer_20260604T180456Z",
  "n_real_reviews": 5584,
  "overlap_aspects": [
    "accessibility",
    "exam_fairness",
    "lecturer_quality",
    "materials",
    "organization",
    "overall_experience",
    "workload"
  ]
}

=== stderr ===

