=== stdout ===
[2026-06-04T17:17:01.622665+00:00] Resume signature mismatch at /app/paper/real_transfer/resume_real_transfer.json; starting a fresh checkpoint
[2026-06-04T17:17:01.623128+00:00] Detailed log file -> /app/paper/benchmark_outputs/logs/real_transfer_20260604T171701Z.log
[2026-06-04T17:17:01.623219+00:00] Resume checkpoint -> /app/paper/real_transfer/resume_real_transfer.json
[2026-06-04T17:17:05.947398+00:00] [distilbert-base-uncased] transfer evaluation start
[2026-06-04T17:17:05.947968+00:00] [distilbert-base-uncased:detection] acquired GPU training lock -> /app/paper/benchmark_outputs/gpu_training.lock
[2026-06-04T17:17:10.621835+00:00] [distilbert-base-uncased] detection training start: train_rows=5495 val_rows=686 epochs=3 batch_size=8 device=cuda
[2026-06-04T17:17:51.295416+00:00] [distilbert-base-uncased] detection epoch 1/3: train_loss=1.0973 val_micro_f1=0.3875 val_macro_f1=0.4164 best_macro_f1=0.4164 patience=0 epoch_seconds=40.7
[2026-06-04T17:18:31.763787+00:00] [distilbert-base-uncased] detection epoch 2/3: train_loss=0.9764 val_micro_f1=0.3784 val_macro_f1=0.3993 best_macro_f1=0.4164 patience=0 epoch_seconds=40.3
[2026-06-04T17:19:12.235416+00:00] [distilbert-base-uncased] detection epoch 3/3: train_loss=0.9213 val_micro_f1=0.3908 val_macro_f1=0.3988 best_macro_f1=0.4164 patience=1 epoch_seconds=40.5
[2026-06-04T17:19:12.235548+00:00] [distilbert-base-uncased] detection early stop at epoch 3
[2026-06-04T17:19:12.269858+00:00] [distilbert-base-uncased] detection training complete: best_macro_f1=0.4164
[2026-06-04T17:19:12.270262+00:00] [distilbert-base-uncased:detection] released GPU training lock
[2026-06-04T17:19:12.273168+00:00] [distilbert-base-uncased:sentiment] acquired GPU training lock -> /app/paper/benchmark_outputs/gpu_training.lock
[2026-06-04T17:19:12.696051+00:00] [distilbert-base-uncased] sentiment training start: train_rows=5495 val_rows=686 epochs=3 batch_size=8 device=cuda
[2026-06-04T17:19:53.308354+00:00] [distilbert-base-uncased] sentiment epoch 1/3: train_loss=0.6731 val_mse=0.5924 best_val_mse=0.5924 patience=0 epoch_seconds=40.6
[2026-06-04T17:20:34.049956+00:00] [distilbert-base-uncased] sentiment epoch 2/3: train_loss=0.5381 val_mse=0.5007 best_val_mse=0.5007 patience=0 epoch_seconds=40.7
[2026-06-04T17:21:14.902187+00:00] [distilbert-base-uncased] sentiment epoch 3/3: train_loss=0.4144 val_mse=0.4923 best_val_mse=0.4923 patience=0 epoch_seconds=40.7
[2026-06-04T17:21:14.986246+00:00] [distilbert-base-uncased] sentiment training complete: best_val_mse=0.4923
[2026-06-04T17:21:14.986776+00:00] [distilbert-base-uncased:sentiment] released GPU training lock
[2026-06-04T17:21:29.190635+00:00] [distilbert-base-uncased] transfer evaluation complete: micro_f1=0.2822 sentiment_mse=0.4425
{
  "real_jsonl": "/app/paper/real_transfer/herath_mapped_real_reviews.jsonl",
  "overlap_summary": "/app/paper/real_transfer/herath_overlap_summary.csv",
  "summary": "/app/paper/real_transfer/synthetic_to_real_transfer_summary.csv",
  "per_aspect": "/app/paper/real_transfer/synthetic_to_real_transfer_per_aspect.csv",
  "run_dir": "/app/paper/real_transfer/runs/synthetic_to_real_transfer_20260604T172129Z",
  "n_real_reviews": 2829,
  "overlap_aspects": [
    "accessibility",
    "assessment_design",
    "exam_fairness",
    "grading_transparency",
    "lecturer_quality",
    "materials",
    "organization",
    "overall_experience",
    "workload"
  ]
}

=== stderr ===

