=== stdout ===
[2026-06-04T18:02:57.489611+00:00] Resume signature mismatch at /app/paper/real_transfer/resume_real_transfer.json; starting a fresh checkpoint
[2026-06-04T18:02:57.489953+00:00] Detailed log file -> /app/paper/benchmark_outputs/logs/real_transfer_20260604T180257Z.log
[2026-06-04T18:02:57.489994+00:00] Resume checkpoint -> /app/paper/real_transfer/resume_real_transfer.json
[2026-06-04T18:02:58.076751+00:00] Loaded pre-mapped real JSONL (5584 rows) from /app/external_data/edurabsa_all_mapped.jsonl
[2026-06-04T18:02:58.347418+00:00] [distilbert-base-uncased] transfer evaluation start
[2026-06-04T18:02:58.347681+00:00] [distilbert-base-uncased:detection] acquired GPU training lock -> /app/paper/benchmark_outputs/gpu_training.lock
[2026-06-04T18:03:01.319117+00:00] [distilbert-base-uncased] detection training start: train_rows=2337 val_rows=291 epochs=3 batch_size=8 device=cuda
[2026-06-04T18:03:19.143670+00:00] [distilbert-base-uncased] detection epoch 1/3: train_loss=1.0925 val_micro_f1=0.3936 val_macro_f1=0.4359 best_macro_f1=0.4359 patience=0 epoch_seconds=17.8
[2026-06-04T18:03:36.704373+00:00] [distilbert-base-uncased] detection epoch 2/3: train_loss=0.9652 val_micro_f1=0.3839 val_macro_f1=0.4041 best_macro_f1=0.4359 patience=0 epoch_seconds=17.5
[2026-06-04T18:03:54.181035+00:00] [distilbert-base-uncased] detection epoch 3/3: train_loss=0.9029 val_micro_f1=0.3972 val_macro_f1=0.4219 best_macro_f1=0.4359 patience=1 epoch_seconds=17.5
[2026-06-04T18:03:54.181216+00:00] [distilbert-base-uncased] detection early stop at epoch 3
[2026-06-04T18:03:54.211044+00:00] [distilbert-base-uncased] detection training complete: best_macro_f1=0.4359
[2026-06-04T18:03:54.211424+00:00] [distilbert-base-uncased:detection] released GPU training lock
[2026-06-04T18:03:54.213174+00:00] [distilbert-base-uncased:sentiment] acquired GPU training lock -> /app/paper/benchmark_outputs/gpu_training.lock
[2026-06-04T18:03:54.659885+00:00] [distilbert-base-uncased] sentiment training start: train_rows=2337 val_rows=291 epochs=3 batch_size=8 device=cuda
[2026-06-04T18:04:12.181535+00:00] [distilbert-base-uncased] sentiment epoch 1/3: train_loss=0.6972 val_mse=0.6444 best_val_mse=0.6444 patience=0 epoch_seconds=17.5
[2026-06-04T18:04:29.800945+00:00] [distilbert-base-uncased] sentiment epoch 2/3: train_loss=0.6375 val_mse=0.5660 best_val_mse=0.5660 patience=0 epoch_seconds=17.6
[2026-06-04T18:04:47.601493+00:00] [distilbert-base-uncased] sentiment epoch 3/3: train_loss=0.4855 val_mse=0.5016 best_val_mse=0.5016 patience=0 epoch_seconds=17.7
[2026-06-04T18:04:47.690134+00:00] [distilbert-base-uncased] sentiment training complete: best_val_mse=0.5016
[2026-06-04T18:04:47.690754+00:00] [distilbert-base-uncased:sentiment] released GPU training lock
[2026-06-04T18:05:13.788946+00:00] [distilbert-base-uncased] transfer evaluation complete: micro_f1=0.4538 sentiment_mse=0.4798
{
  "real_jsonl": "/app/paper/real_transfer/herath_mapped_real_reviews.jsonl",
  "overlap_summary": "/app/paper/real_transfer/herath_overlap_summary.csv",
  "summary": "/app/paper/real_transfer/synthetic_to_real_transfer_summary.csv",
  "per_aspect": "/app/paper/real_transfer/synthetic_to_real_transfer_per_aspect.csv",
  "run_dir": "/app/paper/real_transfer/runs/synthetic_to_real_transfer_20260604T180513Z",
  "n_real_reviews": 5584,
  "overlap_aspects": [
    "accessibility",
    "exam_fairness",
    "lecturer_quality",
    "materials",
    "organization",
    "overall_experience",
    "workload"
  ]
}

=== stderr ===

