=== stdout ===
[2026-06-04T17:04:40.283715+00:00] Resume signature mismatch at /app/paper/real_transfer/resume_real_transfer.json; starting a fresh checkpoint
[2026-06-04T17:04:40.284196+00:00] Detailed log file -> /app/paper/benchmark_outputs/logs/real_transfer_20260604T170440Z.log
[2026-06-04T17:04:40.284247+00:00] Resume checkpoint -> /app/paper/real_transfer/resume_real_transfer.json
[2026-06-04T17:04:44.594188+00:00] [bert-base-uncased] transfer evaluation start
[2026-06-04T17:04:44.594554+00:00] [bert-base-uncased:detection] acquired GPU training lock -> /app/paper/benchmark_outputs/gpu_training.lock
[2026-06-04T17:04:53.332061+00:00] [bert-base-uncased] detection training start: train_rows=5495 val_rows=686 epochs=3 batch_size=8 device=cuda
[2026-06-04T17:06:11.136662+00:00] [bert-base-uncased] detection epoch 1/3: train_loss=1.0812 val_micro_f1=0.3642 val_macro_f1=0.3961 best_macro_f1=0.3961 patience=0 epoch_seconds=77.8
[2026-06-04T17:07:29.541782+00:00] [bert-base-uncased] detection epoch 2/3: train_loss=0.9626 val_micro_f1=0.3466 val_macro_f1=0.3811 best_macro_f1=0.3961 patience=0 epoch_seconds=78.2
[2026-06-04T17:08:47.935063+00:00] [bert-base-uncased] detection epoch 3/3: train_loss=0.8889 val_micro_f1=0.3924 val_macro_f1=0.4061 best_macro_f1=0.4061 patience=1 epoch_seconds=78.4
[2026-06-04T17:08:48.299128+00:00] [bert-base-uncased] detection training complete: best_macro_f1=0.4061
[2026-06-04T17:08:48.299662+00:00] [bert-base-uncased:detection] released GPU training lock
[2026-06-04T17:08:48.327054+00:00] [bert-base-uncased:sentiment] acquired GPU training lock -> /app/paper/benchmark_outputs/gpu_training.lock
[2026-06-04T17:08:48.892041+00:00] [bert-base-uncased] sentiment training start: train_rows=5495 val_rows=686 epochs=3 batch_size=8 device=cuda
[2026-06-04T17:10:07.231527+00:00] [bert-base-uncased] sentiment epoch 1/3: train_loss=0.6535 val_mse=0.6035 best_val_mse=0.6035 patience=0 epoch_seconds=78.3
[2026-06-04T17:11:25.700327+00:00] [bert-base-uncased] sentiment epoch 2/3: train_loss=0.5101 val_mse=0.5666 best_val_mse=0.5666 patience=0 epoch_seconds=78.3
[2026-06-04T17:12:44.377219+00:00] [bert-base-uncased] sentiment epoch 3/3: train_loss=0.3783 val_mse=0.5680 best_val_mse=0.5666 patience=0 epoch_seconds=78.5
[2026-06-04T17:12:44.444396+00:00] [bert-base-uncased] sentiment training complete: best_val_mse=0.5666
[2026-06-04T17:12:44.444864+00:00] [bert-base-uncased:sentiment] released GPU training lock
[2026-06-04T17:13:11.725650+00:00] [bert-base-uncased] transfer evaluation complete: micro_f1=0.4232 sentiment_mse=0.3756
{
  "real_jsonl": "/app/paper/real_transfer/herath_mapped_real_reviews.jsonl",
  "overlap_summary": "/app/paper/real_transfer/herath_overlap_summary.csv",
  "summary": "/app/paper/real_transfer/synthetic_to_real_transfer_summary.csv",
  "per_aspect": "/app/paper/real_transfer/synthetic_to_real_transfer_per_aspect.csv",
  "run_dir": "/app/paper/real_transfer/runs/synthetic_to_real_transfer_20260604T171311Z",
  "n_real_reviews": 2829,
  "overlap_aspects": [
    "accessibility",
    "assessment_design",
    "exam_fairness",
    "grading_transparency",
    "lecturer_quality",
    "materials",
    "organization",
    "overall_experience",
    "workload"
  ]
}

=== stderr ===

