=== stdout ===
[2026-06-04T17:26:03.814211+00:00] Detailed log file -> /app/paper/benchmark_outputs/logs/real_transfer_20260604T172603Z.log
[2026-06-04T17:26:03.814317+00:00] Resume checkpoint -> /app/paper/real_transfer/resume_real_transfer.json
[2026-06-04T17:26:04.559965+00:00] Loaded pre-mapped real JSONL (5584 rows) from /app/external_data/edurabsa_all_mapped.jsonl
[2026-06-04T17:26:04.882528+00:00] [bert-base-uncased] transfer evaluation start
[2026-06-04T17:26:04.883183+00:00] [bert-base-uncased:detection] acquired GPU training lock -> /app/paper/benchmark_outputs/gpu_training.lock
[2026-06-04T17:26:13.158583+00:00] [bert-base-uncased] detection training start: train_rows=2337 val_rows=291 epochs=3 batch_size=8 device=cuda
[2026-06-04T17:26:40.633701+00:00] [bert-base-uncased] detection epoch 1/3: train_loss=1.1038 val_micro_f1=0.3842 val_macro_f1=0.4165 best_macro_f1=0.4165 patience=0 epoch_seconds=27.5
[2026-06-04T17:27:07.951931+00:00] [bert-base-uncased] detection epoch 2/3: train_loss=0.9805 val_micro_f1=0.4036 val_macro_f1=0.4187 best_macro_f1=0.4187 patience=0 epoch_seconds=27.0
[2026-06-04T17:27:35.284512+00:00] [bert-base-uncased] detection epoch 3/3: train_loss=0.8926 val_micro_f1=0.3952 val_macro_f1=0.4079 best_macro_f1=0.4187 patience=0 epoch_seconds=27.0
[2026-06-04T17:27:35.351171+00:00] [bert-base-uncased] detection training complete: best_macro_f1=0.4187
[2026-06-04T17:27:35.351995+00:00] [bert-base-uncased:detection] released GPU training lock
[2026-06-04T17:27:35.362299+00:00] [bert-base-uncased:sentiment] acquired GPU training lock -> /app/paper/benchmark_outputs/gpu_training.lock
[2026-06-04T17:27:36.255307+00:00] [bert-base-uncased] sentiment training start: train_rows=2337 val_rows=291 epochs=3 batch_size=8 device=cuda
[2026-06-04T17:28:03.389762+00:00] [bert-base-uncased] sentiment epoch 1/3: train_loss=0.6942 val_mse=0.6094 best_val_mse=0.6094 patience=0 epoch_seconds=27.1
[2026-06-04T17:28:30.506042+00:00] [bert-base-uncased] sentiment epoch 2/3: train_loss=0.5776 val_mse=0.5605 best_val_mse=0.5605 patience=0 epoch_seconds=27.1
[2026-06-04T17:28:57.795254+00:00] [bert-base-uncased] sentiment epoch 3/3: train_loss=0.3791 val_mse=0.6297 best_val_mse=0.5605 patience=0 epoch_seconds=27.1
[2026-06-04T17:28:57.848057+00:00] [bert-base-uncased] sentiment training complete: best_val_mse=0.5605
[2026-06-04T17:28:57.849138+00:00] [bert-base-uncased:sentiment] released GPU training lock
[2026-06-04T17:29:35.591768+00:00] [bert-base-uncased] transfer evaluation complete: micro_f1=0.5005 sentiment_mse=0.6258
{
  "real_jsonl": "/app/paper/real_transfer/herath_mapped_real_reviews.jsonl",
  "overlap_summary": "/app/paper/real_transfer/herath_overlap_summary.csv",
  "summary": "/app/paper/real_transfer/synthetic_to_real_transfer_summary.csv",
  "per_aspect": "/app/paper/real_transfer/synthetic_to_real_transfer_per_aspect.csv",
  "run_dir": "/app/paper/real_transfer/runs/synthetic_to_real_transfer_20260604T172935Z",
  "n_real_reviews": 5584,
  "overlap_aspects": [
    "accessibility",
    "exam_fairness",
    "lecturer_quality",
    "materials",
    "organization",
    "overall_experience",
    "workload"
  ]
}

=== stderr ===

