=== stdout ===
[2026-06-04T17:17:10.363126+00:00] Resume signature mismatch at /app/paper/real_transfer/resume_real_transfer.json; starting a fresh checkpoint
[2026-06-04T17:17:10.363596+00:00] Detailed log file -> /app/paper/benchmark_outputs/logs/real_transfer_20260604T171710Z.log
[2026-06-04T17:17:10.363637+00:00] Resume checkpoint -> /app/paper/real_transfer/resume_real_transfer.json
[2026-06-04T17:17:10.963413+00:00] Loaded pre-mapped real JSONL (5584 rows) from /app/external_data/edurabsa_all_mapped.jsonl
[2026-06-04T17:17:11.244308+00:00] [bert-base-uncased] transfer evaluation start
[2026-06-04T17:17:11.244686+00:00] [bert-base-uncased:detection] acquired GPU training lock -> /app/paper/benchmark_outputs/gpu_training.lock
[2026-06-04T17:17:14.588645+00:00] [bert-base-uncased] detection training start: train_rows=2317 val_rows=289 epochs=3 batch_size=8 device=cuda
[2026-06-04T17:17:47.492638+00:00] [bert-base-uncased] detection epoch 1/3: train_loss=1.0744 val_micro_f1=0.4534 val_macro_f1=0.4924 best_macro_f1=0.4924 patience=0 epoch_seconds=32.9
[2026-06-04T17:18:20.438543+00:00] [bert-base-uncased] detection epoch 2/3: train_loss=0.8806 val_micro_f1=0.4907 val_macro_f1=0.5214 best_macro_f1=0.5214 patience=0 epoch_seconds=32.7
[2026-06-04T17:18:53.552469+00:00] [bert-base-uncased] detection epoch 3/3: train_loss=0.7811 val_micro_f1=0.5017 val_macro_f1=0.5073 best_macro_f1=0.5214 patience=0 epoch_seconds=32.9
[2026-06-04T17:18:53.616588+00:00] [bert-base-uncased] detection training complete: best_macro_f1=0.5214
[2026-06-04T17:18:53.617050+00:00] [bert-base-uncased:detection] released GPU training lock
[2026-06-04T17:18:53.620518+00:00] [bert-base-uncased:sentiment] acquired GPU training lock -> /app/paper/benchmark_outputs/gpu_training.lock
[2026-06-04T17:18:54.200681+00:00] [bert-base-uncased] sentiment training start: train_rows=2317 val_rows=289 epochs=3 batch_size=8 device=cuda
[2026-06-04T17:19:27.167173+00:00] [bert-base-uncased] sentiment epoch 1/3: train_loss=0.6703 val_mse=0.5346 best_val_mse=0.5346 patience=0 epoch_seconds=33.0
[2026-06-04T17:20:00.203925+00:00] [bert-base-uncased] sentiment epoch 2/3: train_loss=0.4561 val_mse=0.4583 best_val_mse=0.4583 patience=0 epoch_seconds=33.0
[2026-06-04T17:20:33.469052+00:00] [bert-base-uncased] sentiment epoch 3/3: train_loss=0.3070 val_mse=0.4630 best_val_mse=0.4583 patience=0 epoch_seconds=33.0
[2026-06-04T17:20:33.529551+00:00] [bert-base-uncased] sentiment training complete: best_val_mse=0.4583
[2026-06-04T17:20:33.530005+00:00] [bert-base-uncased:sentiment] released GPU training lock
[2026-06-04T17:21:22.132962+00:00] [bert-base-uncased] transfer evaluation complete: micro_f1=0.4249 sentiment_mse=0.6700
{
  "real_jsonl": "/app/paper/real_transfer/herath_mapped_real_reviews.jsonl",
  "overlap_summary": "/app/paper/real_transfer/herath_overlap_summary.csv",
  "summary": "/app/paper/real_transfer/synthetic_to_real_transfer_summary.csv",
  "per_aspect": "/app/paper/real_transfer/synthetic_to_real_transfer_per_aspect.csv",
  "run_dir": "/app/paper/real_transfer/runs/synthetic_to_real_transfer_20260604T172122Z",
  "n_real_reviews": 5584,
  "overlap_aspects": [
    "accessibility",
    "exam_fairness",
    "lecturer_quality",
    "materials",
    "organization",
    "overall_experience",
    "workload"
  ]
}

=== stderr ===

