=== stdout ===
[2026-06-04T12:53:36.034630+00:00] Detailed log file -> /app/paper/benchmark_outputs/logs/real_transfer_20260604T125336Z.log
[2026-06-04T12:53:36.034688+00:00] Resume checkpoint -> /app/paper/real_transfer/resume_real_transfer.json
[2026-06-04T12:53:40.235801+00:00] [bert-base-uncased] transfer evaluation start
[2026-06-04T12:53:40.236189+00:00] [bert-base-uncased:detection] acquired GPU training lock -> /app/paper/benchmark_outputs/gpu_training.lock
[2026-06-04T12:53:48.903333+00:00] [bert-base-uncased] detection training start: train_rows=5495 val_rows=686 epochs=3 batch_size=8 device=cuda
[2026-06-04T12:55:05.730076+00:00] [bert-base-uncased] detection epoch 1/3: train_loss=1.0908 val_micro_f1=0.3550 val_macro_f1=0.3748 best_macro_f1=0.3748 patience=0 epoch_seconds=76.8
[2026-06-04T12:56:22.709715+00:00] [bert-base-uncased] detection epoch 2/3: train_loss=0.9692 val_micro_f1=0.3982 val_macro_f1=0.4220 best_macro_f1=0.4220 patience=0 epoch_seconds=76.8
[2026-06-04T12:57:40.246395+00:00] [bert-base-uncased] detection epoch 3/3: train_loss=0.8967 val_micro_f1=0.3717 val_macro_f1=0.3959 best_macro_f1=0.4220 patience=0 epoch_seconds=77.4
[2026-06-04T12:57:40.302542+00:00] [bert-base-uncased] detection training complete: best_macro_f1=0.4220
[2026-06-04T12:57:40.303061+00:00] [bert-base-uncased:detection] released GPU training lock
[2026-06-04T12:57:40.306381+00:00] [bert-base-uncased:sentiment] acquired GPU training lock -> /app/paper/benchmark_outputs/gpu_training.lock
[2026-06-04T12:57:40.868275+00:00] [bert-base-uncased] sentiment training start: train_rows=5495 val_rows=686 epochs=3 batch_size=8 device=cuda
[2026-06-04T12:58:58.659186+00:00] [bert-base-uncased] sentiment epoch 1/3: train_loss=0.6438 val_mse=0.5357 best_val_mse=0.5357 patience=0 epoch_seconds=77.8
[2026-06-04T13:00:16.525955+00:00] [bert-base-uncased] sentiment epoch 2/3: train_loss=0.4971 val_mse=0.4839 best_val_mse=0.4839 patience=0 epoch_seconds=77.8
[2026-06-04T13:01:34.698035+00:00] [bert-base-uncased] sentiment epoch 3/3: train_loss=0.3785 val_mse=0.4758 best_val_mse=0.4758 patience=0 epoch_seconds=78.1
[2026-06-04T13:01:34.789724+00:00] [bert-base-uncased] sentiment training complete: best_val_mse=0.4758
[2026-06-04T13:01:34.790200+00:00] [bert-base-uncased:sentiment] released GPU training lock
[2026-06-04T13:02:01.815796+00:00] [bert-base-uncased] transfer evaluation complete: micro_f1=0.4054 sentiment_mse=0.3314
{
  "real_jsonl": "/app/paper/real_transfer/herath_mapped_real_reviews.jsonl",
  "overlap_summary": "/app/paper/real_transfer/herath_overlap_summary.csv",
  "summary": "/app/paper/real_transfer/synthetic_to_real_transfer_summary.csv",
  "per_aspect": "/app/paper/real_transfer/synthetic_to_real_transfer_per_aspect.csv",
  "run_dir": "/app/paper/real_transfer/runs/synthetic_to_real_transfer_20260604T130201Z",
  "n_real_reviews": 2829,
  "overlap_aspects": [
    "accessibility",
    "assessment_design",
    "exam_fairness",
    "grading_transparency",
    "lecturer_quality",
    "materials",
    "organization",
    "overall_experience",
    "workload"
  ]
}

=== stderr ===

