=== stdout ===
[2026-06-04T17:43:02.071282+00:00] Resume signature mismatch at /app/paper/real_transfer/resume_real_transfer.json; starting a fresh checkpoint
[2026-06-04T17:43:02.071678+00:00] Detailed log file -> /app/paper/benchmark_outputs/logs/real_transfer_20260604T174302Z.log
[2026-06-04T17:43:02.071729+00:00] Resume checkpoint -> /app/paper/real_transfer/resume_real_transfer.json
[2026-06-04T17:43:02.418245+00:00] Loaded pre-mapped real JSONL (5584 rows) from /app/external_data/edurabsa_all_mapped.jsonl
[2026-06-04T17:43:02.599355+00:00] [bert-base-uncased] transfer evaluation start
[2026-06-04T17:43:02.599715+00:00] [bert-base-uncased:detection] acquired GPU training lock -> /app/paper/benchmark_outputs/gpu_training.lock
[2026-06-04T17:43:05.101169+00:00] [bert-base-uncased] detection training start: train_rows=986 val_rows=123 epochs=3 batch_size=8 device=cuda
[2026-06-04T17:43:19.235359+00:00] [bert-base-uncased] detection epoch 1/3: train_loss=1.1582 val_micro_f1=0.2423 val_macro_f1=0.1301 best_macro_f1=0.1301 patience=0 epoch_seconds=14.1
[2026-06-04T17:43:33.168177+00:00] [bert-base-uncased] detection epoch 2/3: train_loss=1.1373 val_micro_f1=0.2730 val_macro_f1=0.1849 best_macro_f1=0.1849 patience=0 epoch_seconds=13.8
[2026-06-04T17:43:47.148442+00:00] [bert-base-uncased] detection epoch 3/3: train_loss=1.0845 val_micro_f1=0.3089 val_macro_f1=0.2745 best_macro_f1=0.2745 patience=0 epoch_seconds=13.8
[2026-06-04T17:43:47.280071+00:00] [bert-base-uncased] detection training complete: best_macro_f1=0.2745
[2026-06-04T17:43:47.280641+00:00] [bert-base-uncased:detection] released GPU training lock
[2026-06-04T17:43:47.284251+00:00] [bert-base-uncased:sentiment] acquired GPU training lock -> /app/paper/benchmark_outputs/gpu_training.lock
[2026-06-04T17:43:47.838950+00:00] [bert-base-uncased] sentiment training start: train_rows=986 val_rows=123 epochs=3 batch_size=8 device=cuda
[2026-06-04T17:44:01.659463+00:00] [bert-base-uncased] sentiment epoch 1/3: train_loss=0.4886 val_mse=0.5337 best_val_mse=0.5337 patience=0 epoch_seconds=13.8
[2026-06-04T17:44:15.556909+00:00] [bert-base-uncased] sentiment epoch 2/3: train_loss=0.4426 val_mse=0.5629 best_val_mse=0.5337 patience=0 epoch_seconds=13.9
[2026-06-04T17:44:29.415414+00:00] [bert-base-uncased] sentiment epoch 3/3: train_loss=0.3781 val_mse=0.6049 best_val_mse=0.5337 patience=1 epoch_seconds=13.9
[2026-06-04T17:44:29.415776+00:00] [bert-base-uncased] sentiment early stop at epoch 3
[2026-06-04T17:44:29.472090+00:00] [bert-base-uncased] sentiment training complete: best_val_mse=0.5337
[2026-06-04T17:44:29.472499+00:00] [bert-base-uncased:sentiment] released GPU training lock
[2026-06-04T17:45:17.301755+00:00] [bert-base-uncased] transfer evaluation complete: micro_f1=0.3063 sentiment_mse=0.9812
{
  "real_jsonl": "/app/paper/real_transfer/herath_mapped_real_reviews.jsonl",
  "overlap_summary": "/app/paper/real_transfer/herath_overlap_summary.csv",
  "summary": "/app/paper/real_transfer/synthetic_to_real_transfer_summary.csv",
  "per_aspect": "/app/paper/real_transfer/synthetic_to_real_transfer_per_aspect.csv",
  "run_dir": "/app/paper/real_transfer/runs/synthetic_to_real_transfer_20260604T174517Z",
  "n_real_reviews": 5584,
  "overlap_aspects": [
    "accessibility",
    "exam_fairness",
    "lecturer_quality",
    "materials",
    "organization",
    "overall_experience",
    "workload"
  ]
}

=== stderr ===

