=== stdout ===
[2026-06-04T17:20:39.777849+00:00] Resume signature mismatch at /app/paper/real_transfer/resume_real_transfer.json; starting a fresh checkpoint
[2026-06-04T17:20:39.778239+00:00] Detailed log file -> /app/paper/benchmark_outputs/logs/real_transfer_20260604T172039Z.log
[2026-06-04T17:20:39.778280+00:00] Resume checkpoint -> /app/paper/real_transfer/resume_real_transfer.json
[2026-06-04T17:20:42.748702+00:00] [distilbert-base-uncased] transfer evaluation start
[2026-06-04T17:20:42.748986+00:00] [distilbert-base-uncased:detection] acquired GPU training lock -> /app/paper/benchmark_outputs/gpu_training.lock
[2026-06-04T17:20:45.272256+00:00] [distilbert-base-uncased] detection training start: train_rows=1220 val_rows=152 epochs=3 batch_size=8 device=cuda
[2026-06-04T17:20:54.672670+00:00] [distilbert-base-uncased] detection epoch 1/3: train_loss=1.1979 val_micro_f1=0.2167 val_macro_f1=0.1325 best_macro_f1=0.1325 patience=0 epoch_seconds=9.4
[2026-06-04T17:21:03.809212+00:00] [distilbert-base-uncased] detection epoch 2/3: train_loss=1.1869 val_micro_f1=0.2421 val_macro_f1=0.1611 best_macro_f1=0.1611 patience=0 epoch_seconds=9.0
[2026-06-04T17:21:12.988298+00:00] [distilbert-base-uncased] detection epoch 3/3: train_loss=1.1512 val_micro_f1=0.2571 val_macro_f1=0.2127 best_macro_f1=0.2127 patience=0 epoch_seconds=9.1
[2026-06-04T17:21:13.069826+00:00] [distilbert-base-uncased] detection training complete: best_macro_f1=0.2127
[2026-06-04T17:21:13.070231+00:00] [distilbert-base-uncased:detection] released GPU training lock
[2026-06-04T17:21:13.072430+00:00] [distilbert-base-uncased:sentiment] acquired GPU training lock -> /app/paper/benchmark_outputs/gpu_training.lock
[2026-06-04T17:21:13.499791+00:00] [distilbert-base-uncased] sentiment training start: train_rows=1220 val_rows=152 epochs=3 batch_size=8 device=cuda
[2026-06-04T17:21:22.598590+00:00] [distilbert-base-uncased] sentiment epoch 1/3: train_loss=0.4895 val_mse=0.4730 best_val_mse=0.4730 patience=0 epoch_seconds=9.1
[2026-06-04T17:21:31.718286+00:00] [distilbert-base-uncased] sentiment epoch 2/3: train_loss=0.4614 val_mse=0.4573 best_val_mse=0.4573 patience=0 epoch_seconds=9.1
[2026-06-04T17:21:40.919664+00:00] [distilbert-base-uncased] sentiment epoch 3/3: train_loss=0.4120 val_mse=0.5050 best_val_mse=0.4573 patience=0 epoch_seconds=9.1
[2026-06-04T17:21:40.950759+00:00] [distilbert-base-uncased] sentiment training complete: best_val_mse=0.4573
[2026-06-04T17:21:40.951124+00:00] [distilbert-base-uncased:sentiment] released GPU training lock
[2026-06-04T17:21:54.181063+00:00] [distilbert-base-uncased] transfer evaluation complete: micro_f1=0.3215 sentiment_mse=0.6627
{
  "real_jsonl": "/app/paper/real_transfer/herath_mapped_real_reviews.jsonl",
  "overlap_summary": "/app/paper/real_transfer/herath_overlap_summary.csv",
  "summary": "/app/paper/real_transfer/synthetic_to_real_transfer_summary.csv",
  "per_aspect": "/app/paper/real_transfer/synthetic_to_real_transfer_per_aspect.csv",
  "run_dir": "/app/paper/real_transfer/runs/synthetic_to_real_transfer_20260604T172154Z",
  "n_real_reviews": 2829,
  "overlap_aspects": [
    "accessibility",
    "assessment_design",
    "exam_fairness",
    "grading_transparency",
    "lecturer_quality",
    "materials",
    "organization",
    "overall_experience",
    "workload"
  ]
}

=== stderr ===

