=== stdout ===
[2026-06-04T17:02:09.114318+00:00] Resume signature mismatch at /app/paper/real_transfer/resume_real_transfer.json; starting a fresh checkpoint
[2026-06-04T17:02:09.114808+00:00] Detailed log file -> /app/paper/benchmark_outputs/logs/real_transfer_20260604T170209Z.log
[2026-06-04T17:02:09.114849+00:00] Resume checkpoint -> /app/paper/real_transfer/resume_real_transfer.json
[2026-06-04T17:02:12.502616+00:00] [bert-base-uncased] transfer evaluation start
[2026-06-04T17:02:12.502956+00:00] [bert-base-uncased:detection] acquired GPU training lock -> /app/paper/benchmark_outputs/gpu_training.lock
[2026-06-04T17:02:19.991399+00:00] [bert-base-uncased] detection training start: train_rows=2729 val_rows=341 epochs=3 batch_size=8 device=cuda
[2026-06-04T17:02:58.117900+00:00] [bert-base-uncased] detection epoch 1/3: train_loss=1.0908 val_micro_f1=0.4418 val_macro_f1=0.4710 best_macro_f1=0.4710 patience=0 epoch_seconds=38.1
[2026-06-04T17:03:36.403157+00:00] [bert-base-uncased] detection epoch 2/3: train_loss=0.8954 val_micro_f1=0.4868 val_macro_f1=0.5169 best_macro_f1=0.5169 patience=0 epoch_seconds=38.1
[2026-06-04T17:04:14.963607+00:00] [bert-base-uncased] detection epoch 3/3: train_loss=0.7913 val_micro_f1=0.4940 val_macro_f1=0.5143 best_macro_f1=0.5169 patience=0 epoch_seconds=38.4
[2026-06-04T17:04:15.017722+00:00] [bert-base-uncased] detection training complete: best_macro_f1=0.5169
[2026-06-04T17:04:15.018302+00:00] [bert-base-uncased:detection] released GPU training lock
[2026-06-04T17:04:15.020686+00:00] [bert-base-uncased:sentiment] acquired GPU training lock -> /app/paper/benchmark_outputs/gpu_training.lock
[2026-06-04T17:04:15.604766+00:00] [bert-base-uncased] sentiment training start: train_rows=2729 val_rows=341 epochs=3 batch_size=8 device=cuda
[2026-06-04T17:04:54.103012+00:00] [bert-base-uncased] sentiment epoch 1/3: train_loss=0.6975 val_mse=0.6405 best_val_mse=0.6405 patience=0 epoch_seconds=38.5
[2026-06-04T17:05:32.783045+00:00] [bert-base-uncased] sentiment epoch 2/3: train_loss=0.5023 val_mse=0.5558 best_val_mse=0.5558 patience=0 epoch_seconds=38.6
[2026-06-04T17:06:11.566843+00:00] [bert-base-uncased] sentiment epoch 3/3: train_loss=0.3285 val_mse=0.5500 best_val_mse=0.5500 patience=0 epoch_seconds=38.7
[2026-06-04T17:06:11.653332+00:00] [bert-base-uncased] sentiment training complete: best_val_mse=0.5500
[2026-06-04T17:06:11.653770+00:00] [bert-base-uncased:sentiment] released GPU training lock
[2026-06-04T17:06:36.808623+00:00] [bert-base-uncased] transfer evaluation complete: micro_f1=0.3738 sentiment_mse=0.3026
{
  "real_jsonl": "/app/paper/real_transfer/herath_mapped_real_reviews.jsonl",
  "overlap_summary": "/app/paper/real_transfer/herath_overlap_summary.csv",
  "summary": "/app/paper/real_transfer/synthetic_to_real_transfer_summary.csv",
  "per_aspect": "/app/paper/real_transfer/synthetic_to_real_transfer_per_aspect.csv",
  "run_dir": "/app/paper/real_transfer/runs/synthetic_to_real_transfer_20260604T170636Z",
  "n_real_reviews": 2829,
  "overlap_aspects": [
    "accessibility",
    "assessment_design",
    "exam_fairness",
    "grading_transparency",
    "lecturer_quality",
    "materials",
    "organization",
    "overall_experience",
    "workload"
  ]
}

=== stderr ===

