=== stdout ===
[2026-06-04T17:57:43.998975+00:00] Resume signature mismatch at /app/paper/real_transfer/resume_real_transfer.json; starting a fresh checkpoint
[2026-06-04T17:57:43.999348+00:00] Detailed log file -> /app/paper/benchmark_outputs/logs/real_transfer_20260604T175743Z.log
[2026-06-04T17:57:43.999400+00:00] Resume checkpoint -> /app/paper/real_transfer/resume_real_transfer.json
[2026-06-04T17:57:45.081571+00:00] Loaded pre-mapped real JSONL (5584 rows) from /app/external_data/edurabsa_all_mapped.jsonl
[2026-06-04T17:57:45.545951+00:00] [distilbert-base-uncased] transfer evaluation start
[2026-06-04T17:57:45.546425+00:00] [distilbert-base-uncased:detection] acquired GPU training lock -> /app/paper/benchmark_outputs/gpu_training.lock
[2026-06-04T17:57:49.576802+00:00] [distilbert-base-uncased] detection training start: train_rows=4609 val_rows=576 epochs=3 batch_size=8 device=cuda
[2026-06-04T17:58:24.148427+00:00] [distilbert-base-uncased] detection epoch 1/3: train_loss=1.0446 val_micro_f1=0.4176 val_macro_f1=0.4503 best_macro_f1=0.4503 patience=0 epoch_seconds=34.6
[2026-06-04T17:58:58.502444+00:00] [distilbert-base-uncased] detection epoch 2/3: train_loss=0.9384 val_micro_f1=0.4246 val_macro_f1=0.4491 best_macro_f1=0.4503 patience=0 epoch_seconds=34.3
[2026-06-04T17:59:32.872244+00:00] [distilbert-base-uncased] detection epoch 3/3: train_loss=0.8852 val_micro_f1=0.4524 val_macro_f1=0.4723 best_macro_f1=0.4723 patience=1 epoch_seconds=34.4
[2026-06-04T17:59:33.007849+00:00] [distilbert-base-uncased] detection training complete: best_macro_f1=0.4723
[2026-06-04T17:59:33.008280+00:00] [distilbert-base-uncased:detection] released GPU training lock
[2026-06-04T17:59:33.012126+00:00] [distilbert-base-uncased:sentiment] acquired GPU training lock -> /app/paper/benchmark_outputs/gpu_training.lock
[2026-06-04T17:59:33.446559+00:00] [distilbert-base-uncased] sentiment training start: train_rows=4609 val_rows=576 epochs=3 batch_size=8 device=cuda
[2026-06-04T18:00:08.094764+00:00] [distilbert-base-uncased] sentiment epoch 1/3: train_loss=0.6643 val_mse=0.6796 best_val_mse=0.6796 patience=0 epoch_seconds=34.6
[2026-06-04T18:00:42.860870+00:00] [distilbert-base-uncased] sentiment epoch 2/3: train_loss=0.5159 val_mse=0.5869 best_val_mse=0.5869 patience=0 epoch_seconds=34.7
[2026-06-04T18:01:17.739453+00:00] [distilbert-base-uncased] sentiment epoch 3/3: train_loss=0.4001 val_mse=0.5349 best_val_mse=0.5349 patience=0 epoch_seconds=34.8
[2026-06-04T18:01:17.818263+00:00] [distilbert-base-uncased] sentiment training complete: best_val_mse=0.5349
[2026-06-04T18:01:17.818735+00:00] [distilbert-base-uncased:sentiment] released GPU training lock
[2026-06-04T18:01:44.594738+00:00] [distilbert-base-uncased] transfer evaluation complete: micro_f1=0.4029 sentiment_mse=0.5468
{
  "real_jsonl": "/app/paper/real_transfer/herath_mapped_real_reviews.jsonl",
  "overlap_summary": "/app/paper/real_transfer/herath_overlap_summary.csv",
  "summary": "/app/paper/real_transfer/synthetic_to_real_transfer_summary.csv",
  "per_aspect": "/app/paper/real_transfer/synthetic_to_real_transfer_per_aspect.csv",
  "run_dir": "/app/paper/real_transfer/runs/synthetic_to_real_transfer_20260604T180144Z",
  "n_real_reviews": 5584,
  "overlap_aspects": [
    "accessibility",
    "exam_fairness",
    "lecturer_quality",
    "materials",
    "organization",
    "overall_experience",
    "workload"
  ]
}

=== stderr ===

