=== stdout ===
[2026-06-04T17:38:52.514446+00:00] Detailed log file -> /app/paper/benchmark_outputs/logs/real_transfer_20260604T173852Z.log
[2026-06-04T17:38:52.514687+00:00] Resume checkpoint -> /app/paper/real_transfer/resume_real_transfer.json
[2026-06-04T17:38:53.751035+00:00] Loaded pre-mapped real JSONL (5584 rows) from /app/external_data/edurabsa_all_mapped.jsonl
[2026-06-04T17:38:54.247329+00:00] [bert-base-uncased] transfer evaluation start
[2026-06-04T17:38:54.247731+00:00] [bert-base-uncased:detection] acquired GPU training lock -> /app/paper/benchmark_outputs/gpu_training.lock
[2026-06-04T17:39:01.416179+00:00] [bert-base-uncased] detection training start: train_rows=4609 val_rows=576 epochs=3 batch_size=8 device=cuda
[2026-06-04T17:40:06.481915+00:00] [bert-base-uncased] detection epoch 1/3: train_loss=1.0534 val_micro_f1=0.3904 val_macro_f1=0.4217 best_macro_f1=0.4217 patience=0 epoch_seconds=65.1
[2026-06-04T17:41:12.271713+00:00] [bert-base-uncased] detection epoch 2/3: train_loss=0.9421 val_micro_f1=0.4169 val_macro_f1=0.4533 best_macro_f1=0.4533 patience=0 epoch_seconds=65.6
[2026-06-04T17:42:18.583057+00:00] [bert-base-uncased] detection epoch 3/3: train_loss=0.8717 val_micro_f1=0.4240 val_macro_f1=0.4483 best_macro_f1=0.4533 patience=0 epoch_seconds=66.1
[2026-06-04T17:42:18.640963+00:00] [bert-base-uncased] detection training complete: best_macro_f1=0.4533
[2026-06-04T17:42:18.641523+00:00] [bert-base-uncased:detection] released GPU training lock
[2026-06-04T17:42:18.645678+00:00] [bert-base-uncased:sentiment] acquired GPU training lock -> /app/paper/benchmark_outputs/gpu_training.lock
[2026-06-04T17:42:19.230212+00:00] [bert-base-uncased] sentiment training start: train_rows=4609 val_rows=576 epochs=3 batch_size=8 device=cuda
[2026-06-04T17:43:25.692645+00:00] [bert-base-uncased] sentiment epoch 1/3: train_loss=0.6578 val_mse=0.5379 best_val_mse=0.5379 patience=0 epoch_seconds=66.5
[2026-06-04T17:44:32.464802+00:00] [bert-base-uncased] sentiment epoch 2/3: train_loss=0.4901 val_mse=0.4690 best_val_mse=0.4690 patience=0 epoch_seconds=66.7
[2026-06-04T17:45:39.520077+00:00] [bert-base-uncased] sentiment epoch 3/3: train_loss=0.3537 val_mse=0.4822 best_val_mse=0.4690 patience=0 epoch_seconds=66.9
[2026-06-04T17:45:39.577574+00:00] [bert-base-uncased] sentiment training complete: best_val_mse=0.4690
[2026-06-04T17:45:39.578094+00:00] [bert-base-uncased:sentiment] released GPU training lock
[2026-06-04T17:46:31.298596+00:00] [bert-base-uncased] transfer evaluation complete: micro_f1=0.4902 sentiment_mse=0.6363
{
  "real_jsonl": "/app/paper/real_transfer/herath_mapped_real_reviews.jsonl",
  "overlap_summary": "/app/paper/real_transfer/herath_overlap_summary.csv",
  "summary": "/app/paper/real_transfer/synthetic_to_real_transfer_summary.csv",
  "per_aspect": "/app/paper/real_transfer/synthetic_to_real_transfer_per_aspect.csv",
  "run_dir": "/app/paper/real_transfer/runs/synthetic_to_real_transfer_20260604T174631Z",
  "n_real_reviews": 5584,
  "overlap_aspects": [
    "accessibility",
    "exam_fairness",
    "lecturer_quality",
    "materials",
    "organization",
    "overall_experience",
    "workload"
  ]
}

=== stderr ===

