=== stdout ===
[2026-06-04T17:03:29.305029+00:00] Detailed log file -> /app/paper/benchmark_outputs/logs/real_transfer_20260604T170329Z.log
[2026-06-04T17:03:29.305138+00:00] Resume checkpoint -> /app/paper/real_transfer/resume_real_transfer.json
[2026-06-04T17:03:34.170436+00:00] [distilbert-base-uncased] transfer evaluation start
[2026-06-04T17:03:34.170900+00:00] [distilbert-base-uncased:detection] acquired GPU training lock -> /app/paper/benchmark_outputs/gpu_training.lock
[2026-06-04T17:03:44.394786+00:00] [distilbert-base-uncased] detection training start: train_rows=5495 val_rows=686 epochs=3 batch_size=8 device=cuda
[2026-06-04T17:04:20.572344+00:00] [distilbert-base-uncased] detection epoch 1/3: train_loss=1.1050 val_micro_f1=0.3719 val_macro_f1=0.4031 best_macro_f1=0.4031 patience=0 epoch_seconds=36.2
[2026-06-04T17:04:55.913579+00:00] [distilbert-base-uncased] detection epoch 2/3: train_loss=0.9821 val_micro_f1=0.3853 val_macro_f1=0.4094 best_macro_f1=0.4094 patience=0 epoch_seconds=35.2
[2026-06-04T17:05:31.709562+00:00] [distilbert-base-uncased] detection epoch 3/3: train_loss=0.9233 val_micro_f1=0.4165 val_macro_f1=0.4381 best_macro_f1=0.4381 patience=0 epoch_seconds=35.7
[2026-06-04T17:05:31.805529+00:00] [distilbert-base-uncased] detection training complete: best_macro_f1=0.4381
[2026-06-04T17:05:31.806378+00:00] [distilbert-base-uncased:detection] released GPU training lock
[2026-06-04T17:05:31.809200+00:00] [distilbert-base-uncased:sentiment] acquired GPU training lock -> /app/paper/benchmark_outputs/gpu_training.lock
[2026-06-04T17:05:32.665345+00:00] [distilbert-base-uncased] sentiment training start: train_rows=5495 val_rows=686 epochs=3 batch_size=8 device=cuda
[2026-06-04T17:06:08.256574+00:00] [distilbert-base-uncased] sentiment epoch 1/3: train_loss=0.6672 val_mse=0.5870 best_val_mse=0.5870 patience=0 epoch_seconds=35.6
[2026-06-04T17:06:43.905792+00:00] [distilbert-base-uncased] sentiment epoch 2/3: train_loss=0.5311 val_mse=0.5028 best_val_mse=0.5028 patience=0 epoch_seconds=35.6
[2026-06-04T17:07:19.514477+00:00] [distilbert-base-uncased] sentiment epoch 3/3: train_loss=0.4233 val_mse=0.4739 best_val_mse=0.4739 patience=0 epoch_seconds=35.5
[2026-06-04T17:07:19.601914+00:00] [distilbert-base-uncased] sentiment training complete: best_val_mse=0.4739
[2026-06-04T17:07:19.602488+00:00] [distilbert-base-uncased:sentiment] released GPU training lock
[2026-06-04T17:07:31.687466+00:00] [distilbert-base-uncased] transfer evaluation complete: micro_f1=0.4162 sentiment_mse=0.3436
{
  "real_jsonl": "/app/paper/real_transfer/herath_mapped_real_reviews.jsonl",
  "overlap_summary": "/app/paper/real_transfer/herath_overlap_summary.csv",
  "summary": "/app/paper/real_transfer/synthetic_to_real_transfer_summary.csv",
  "per_aspect": "/app/paper/real_transfer/synthetic_to_real_transfer_per_aspect.csv",
  "run_dir": "/app/paper/real_transfer/runs/synthetic_to_real_transfer_20260604T170731Z",
  "n_real_reviews": 2829,
  "overlap_aspects": [
    "accessibility",
    "assessment_design",
    "exam_fairness",
    "grading_transparency",
    "lecturer_quality",
    "materials",
    "organization",
    "overall_experience",
    "workload"
  ]
}

=== stderr ===

