=== stdout ===
[2026-06-04T17:11:29.045315+00:00] Resume signature mismatch at /app/paper/real_transfer/resume_real_transfer.json; starting a fresh checkpoint
[2026-06-04T17:11:29.045655+00:00] Detailed log file -> /app/paper/benchmark_outputs/logs/real_transfer_20260604T171129Z.log
[2026-06-04T17:11:29.045687+00:00] Resume checkpoint -> /app/paper/real_transfer/resume_real_transfer.json
[2026-06-04T17:11:32.109454+00:00] [distilbert-base-uncased] transfer evaluation start
[2026-06-04T17:11:32.109674+00:00] [distilbert-base-uncased:detection] acquired GPU training lock -> /app/paper/benchmark_outputs/gpu_training.lock
[2026-06-04T17:11:35.337424+00:00] [distilbert-base-uncased] detection training start: train_rows=2755 val_rows=344 epochs=3 batch_size=8 device=cuda
[2026-06-04T17:11:56.072846+00:00] [distilbert-base-uncased] detection epoch 1/3: train_loss=1.1474 val_micro_f1=0.3721 val_macro_f1=0.4203 best_macro_f1=0.4203 patience=0 epoch_seconds=20.7
[2026-06-04T17:12:16.604212+00:00] [distilbert-base-uncased] detection epoch 2/3: train_loss=1.0154 val_micro_f1=0.4069 val_macro_f1=0.4382 best_macro_f1=0.4382 patience=0 epoch_seconds=20.4
[2026-06-04T17:12:37.205589+00:00] [distilbert-base-uncased] detection epoch 3/3: train_loss=0.9496 val_micro_f1=0.4058 val_macro_f1=0.4162 best_macro_f1=0.4382 patience=0 epoch_seconds=20.5
[2026-06-04T17:12:37.238952+00:00] [distilbert-base-uncased] detection training complete: best_macro_f1=0.4382
[2026-06-04T17:12:37.239629+00:00] [distilbert-base-uncased:detection] released GPU training lock
[2026-06-04T17:12:37.241689+00:00] [distilbert-base-uncased:sentiment] acquired GPU training lock -> /app/paper/benchmark_outputs/gpu_training.lock
[2026-06-04T17:12:37.695371+00:00] [distilbert-base-uncased] sentiment training start: train_rows=2755 val_rows=344 epochs=3 batch_size=8 device=cuda
[2026-06-04T17:12:58.246391+00:00] [distilbert-base-uncased] sentiment epoch 1/3: train_loss=0.6920 val_mse=0.7029 best_val_mse=0.7029 patience=0 epoch_seconds=20.6
[2026-06-04T17:13:18.835447+00:00] [distilbert-base-uncased] sentiment epoch 2/3: train_loss=0.6343 val_mse=0.6307 best_val_mse=0.6307 patience=0 epoch_seconds=20.6
[2026-06-04T17:13:39.689897+00:00] [distilbert-base-uncased] sentiment epoch 3/3: train_loss=0.4743 val_mse=0.6036 best_val_mse=0.6036 patience=0 epoch_seconds=20.7
[2026-06-04T17:13:39.747324+00:00] [distilbert-base-uncased] sentiment training complete: best_val_mse=0.6036
[2026-06-04T17:13:39.747883+00:00] [distilbert-base-uncased:sentiment] released GPU training lock
[2026-06-04T17:13:53.530330+00:00] [distilbert-base-uncased] transfer evaluation complete: micro_f1=0.2619 sentiment_mse=0.3855
{
  "real_jsonl": "/app/paper/real_transfer/herath_mapped_real_reviews.jsonl",
  "overlap_summary": "/app/paper/real_transfer/herath_overlap_summary.csv",
  "summary": "/app/paper/real_transfer/synthetic_to_real_transfer_summary.csv",
  "per_aspect": "/app/paper/real_transfer/synthetic_to_real_transfer_per_aspect.csv",
  "run_dir": "/app/paper/real_transfer/runs/synthetic_to_real_transfer_20260604T171353Z",
  "n_real_reviews": 2829,
  "overlap_aspects": [
    "accessibility",
    "assessment_design",
    "exam_fairness",
    "grading_transparency",
    "lecturer_quality",
    "materials",
    "organization",
    "overall_experience",
    "workload"
  ]
}

=== stderr ===

