=== stdout ===
[2026-06-04T17:14:54.490844+00:00] Detailed log file -> /app/paper/benchmark_outputs/logs/real_transfer_20260604T171454Z.log
[2026-06-04T17:14:54.491119+00:00] Resume checkpoint -> /app/paper/real_transfer/resume_real_transfer.json
[2026-06-04T17:14:57.661265+00:00] [distilbert-base-uncased] transfer evaluation start
[2026-06-04T17:14:57.661652+00:00] [distilbert-base-uncased:detection] acquired GPU training lock -> /app/paper/benchmark_outputs/gpu_training.lock
[2026-06-04T17:15:03.965581+00:00] [distilbert-base-uncased] detection training start: train_rows=1237 val_rows=154 epochs=3 batch_size=8 device=cuda
[2026-06-04T17:15:13.725106+00:00] [distilbert-base-uncased] detection epoch 1/3: train_loss=1.1826 val_micro_f1=0.3073 val_macro_f1=0.2971 best_macro_f1=0.2971 patience=0 epoch_seconds=9.8
[2026-06-04T17:15:23.016987+00:00] [distilbert-base-uncased] detection epoch 2/3: train_loss=1.0002 val_micro_f1=0.3818 val_macro_f1=0.4475 best_macro_f1=0.4475 patience=0 epoch_seconds=9.2
[2026-06-04T17:15:32.331305+00:00] [distilbert-base-uncased] detection epoch 3/3: train_loss=0.8614 val_micro_f1=0.4453 val_macro_f1=0.4825 best_macro_f1=0.4825 patience=0 epoch_seconds=9.2
[2026-06-04T17:15:32.413363+00:00] [distilbert-base-uncased] detection training complete: best_macro_f1=0.4825
[2026-06-04T17:15:32.413703+00:00] [distilbert-base-uncased:detection] released GPU training lock
[2026-06-04T17:15:32.415757+00:00] [distilbert-base-uncased:sentiment] acquired GPU training lock -> /app/paper/benchmark_outputs/gpu_training.lock
[2026-06-04T17:15:32.833489+00:00] [distilbert-base-uncased] sentiment training start: train_rows=1237 val_rows=154 epochs=3 batch_size=8 device=cuda
[2026-06-04T17:15:42.103201+00:00] [distilbert-base-uncased] sentiment epoch 1/3: train_loss=0.7244 val_mse=0.8245 best_val_mse=0.8245 patience=0 epoch_seconds=9.3
[2026-06-04T17:15:51.395901+00:00] [distilbert-base-uncased] sentiment epoch 2/3: train_loss=0.6583 val_mse=0.6631 best_val_mse=0.6631 patience=0 epoch_seconds=9.3
[2026-06-04T17:16:00.698409+00:00] [distilbert-base-uncased] sentiment epoch 3/3: train_loss=0.4592 val_mse=0.6262 best_val_mse=0.6262 patience=0 epoch_seconds=9.2
[2026-06-04T17:16:00.755249+00:00] [distilbert-base-uncased] sentiment training complete: best_val_mse=0.6262
[2026-06-04T17:16:00.755643+00:00] [distilbert-base-uncased:sentiment] released GPU training lock
[2026-06-04T17:16:13.923029+00:00] [distilbert-base-uncased] transfer evaluation complete: micro_f1=0.3503 sentiment_mse=0.4436
{
  "real_jsonl": "/app/paper/real_transfer/herath_mapped_real_reviews.jsonl",
  "overlap_summary": "/app/paper/real_transfer/herath_overlap_summary.csv",
  "summary": "/app/paper/real_transfer/synthetic_to_real_transfer_summary.csv",
  "per_aspect": "/app/paper/real_transfer/synthetic_to_real_transfer_per_aspect.csv",
  "run_dir": "/app/paper/real_transfer/runs/synthetic_to_real_transfer_20260604T171613Z",
  "n_real_reviews": 2829,
  "overlap_aspects": [
    "accessibility",
    "assessment_design",
    "exam_fairness",
    "grading_transparency",
    "lecturer_quality",
    "materials",
    "organization",
    "overall_experience",
    "workload"
  ]
}

=== stderr ===

