=== stdout ===
[2026-06-04T17:02:13.062838+00:00] Resume signature mismatch at /app/paper/real_transfer/resume_real_transfer.json; starting a fresh checkpoint
[2026-06-04T17:02:13.063397+00:00] Detailed log file -> /app/paper/benchmark_outputs/logs/real_transfer_20260604T170213Z.log
[2026-06-04T17:02:13.063428+00:00] Resume checkpoint -> /app/paper/real_transfer/resume_real_transfer.json
[2026-06-04T17:02:16.615409+00:00] [distilbert-base-uncased] transfer evaluation start
[2026-06-04T17:02:16.615935+00:00] [distilbert-base-uncased:detection] acquired GPU training lock -> /app/paper/benchmark_outputs/gpu_training.lock
[2026-06-04T17:02:20.617839+00:00] [distilbert-base-uncased] detection training start: train_rows=2729 val_rows=341 epochs=3 batch_size=8 device=cuda
[2026-06-04T17:02:41.205677+00:00] [distilbert-base-uncased] detection epoch 1/3: train_loss=1.0981 val_micro_f1=0.4424 val_macro_f1=0.4615 best_macro_f1=0.4615 patience=0 epoch_seconds=20.6
[2026-06-04T17:03:01.307855+00:00] [distilbert-base-uncased] detection epoch 2/3: train_loss=0.9069 val_micro_f1=0.4672 val_macro_f1=0.4997 best_macro_f1=0.4997 patience=0 epoch_seconds=20.0
[2026-06-04T17:03:21.483309+00:00] [distilbert-base-uncased] detection epoch 3/3: train_loss=0.8224 val_micro_f1=0.4770 val_macro_f1=0.4930 best_macro_f1=0.4997 patience=0 epoch_seconds=20.1
[2026-06-04T17:03:21.515811+00:00] [distilbert-base-uncased] detection training complete: best_macro_f1=0.4997
[2026-06-04T17:03:21.516279+00:00] [distilbert-base-uncased:detection] released GPU training lock
[2026-06-04T17:03:21.518527+00:00] [distilbert-base-uncased:sentiment] acquired GPU training lock -> /app/paper/benchmark_outputs/gpu_training.lock
[2026-06-04T17:03:21.814768+00:00] [distilbert-base-uncased] sentiment training start: train_rows=2729 val_rows=341 epochs=3 batch_size=8 device=cuda
[2026-06-04T17:03:41.974379+00:00] [distilbert-base-uncased] sentiment epoch 1/3: train_loss=0.7057 val_mse=0.6540 best_val_mse=0.6540 patience=0 epoch_seconds=20.2
[2026-06-04T17:04:02.181752+00:00] [distilbert-base-uncased] sentiment epoch 2/3: train_loss=0.5198 val_mse=0.5529 best_val_mse=0.5529 patience=0 epoch_seconds=20.2
[2026-06-04T17:04:22.669180+00:00] [distilbert-base-uncased] sentiment epoch 3/3: train_loss=0.3613 val_mse=0.5972 best_val_mse=0.5529 patience=0 epoch_seconds=20.4
[2026-06-04T17:04:22.703882+00:00] [distilbert-base-uncased] sentiment training complete: best_val_mse=0.5529
[2026-06-04T17:04:22.704370+00:00] [distilbert-base-uncased:sentiment] released GPU training lock
[2026-06-04T17:04:36.190345+00:00] [distilbert-base-uncased] transfer evaluation complete: micro_f1=0.4247 sentiment_mse=0.3537
{
  "real_jsonl": "/app/paper/real_transfer/herath_mapped_real_reviews.jsonl",
  "overlap_summary": "/app/paper/real_transfer/herath_overlap_summary.csv",
  "summary": "/app/paper/real_transfer/synthetic_to_real_transfer_summary.csv",
  "per_aspect": "/app/paper/real_transfer/synthetic_to_real_transfer_per_aspect.csv",
  "run_dir": "/app/paper/real_transfer/runs/synthetic_to_real_transfer_20260604T170436Z",
  "n_real_reviews": 2829,
  "overlap_aspects": [
    "accessibility",
    "assessment_design",
    "exam_fairness",
    "grading_transparency",
    "lecturer_quality",
    "materials",
    "organization",
    "overall_experience",
    "workload"
  ]
}

=== stderr ===

