=== stdout ===
[2026-06-04T12:53:36.940716+00:00] Detailed log file -> /app/paper/benchmark_outputs/logs/real_transfer_20260604T125336Z.log
[2026-06-04T12:53:36.940802+00:00] Resume checkpoint -> /app/paper/real_transfer/resume_real_transfer.json
[2026-06-04T12:53:39.924840+00:00] [bert-base-uncased] transfer evaluation start
[2026-06-04T12:53:39.925297+00:00] [bert-base-uncased:detection] acquired GPU training lock -> /app/paper/benchmark_outputs/gpu_training.lock
[2026-06-04T12:53:47.004497+00:00] [bert-base-uncased] detection training start: train_rows=1220 val_rows=152 epochs=3 batch_size=8 device=cuda
[2026-06-04T12:54:03.574540+00:00] [bert-base-uncased] detection epoch 1/3: train_loss=1.1982 val_micro_f1=0.2225 val_macro_f1=0.1190 best_macro_f1=0.1190 patience=0 epoch_seconds=16.6
[2026-06-04T12:54:19.909472+00:00] [bert-base-uncased] detection epoch 2/3: train_loss=1.1739 val_micro_f1=0.1454 val_macro_f1=0.0782 best_macro_f1=0.1190 patience=0 epoch_seconds=16.2
[2026-06-04T12:54:36.105776+00:00] [bert-base-uncased] detection epoch 3/3: train_loss=1.1098 val_micro_f1=0.2290 val_macro_f1=0.2122 best_macro_f1=0.2122 patience=1 epoch_seconds=16.2
[2026-06-04T12:54:36.356169+00:00] [bert-base-uncased] detection training complete: best_macro_f1=0.2122
[2026-06-04T12:54:36.356665+00:00] [bert-base-uncased:detection] released GPU training lock
[2026-06-04T12:54:36.367106+00:00] [bert-base-uncased:sentiment] acquired GPU training lock -> /app/paper/benchmark_outputs/gpu_training.lock
[2026-06-04T12:54:36.958335+00:00] [bert-base-uncased] sentiment training start: train_rows=1220 val_rows=152 epochs=3 batch_size=8 device=cuda
[2026-06-04T12:54:53.366488+00:00] [bert-base-uncased] sentiment epoch 1/3: train_loss=0.4871 val_mse=0.5192 best_val_mse=0.5192 patience=0 epoch_seconds=16.4
[2026-06-04T12:55:09.837691+00:00] [bert-base-uncased] sentiment epoch 2/3: train_loss=0.4446 val_mse=0.5470 best_val_mse=0.5192 patience=0 epoch_seconds=16.4
[2026-06-04T12:55:26.239441+00:00] [bert-base-uncased] sentiment epoch 3/3: train_loss=0.3637 val_mse=0.5869 best_val_mse=0.5192 patience=1 epoch_seconds=16.4
[2026-06-04T12:55:26.239637+00:00] [bert-base-uncased] sentiment early stop at epoch 3
[2026-06-04T12:55:26.300252+00:00] [bert-base-uncased] sentiment training complete: best_val_mse=0.5192
[2026-06-04T12:55:26.300913+00:00] [bert-base-uncased:sentiment] released GPU training lock
[2026-06-04T12:55:49.802648+00:00] [bert-base-uncased] transfer evaluation complete: micro_f1=0.3678 sentiment_mse=0.9404
{
  "real_jsonl": "/app/paper/real_transfer/herath_mapped_real_reviews.jsonl",
  "overlap_summary": "/app/paper/real_transfer/herath_overlap_summary.csv",
  "summary": "/app/paper/real_transfer/synthetic_to_real_transfer_summary.csv",
  "per_aspect": "/app/paper/real_transfer/synthetic_to_real_transfer_per_aspect.csv",
  "run_dir": "/app/paper/real_transfer/runs/synthetic_to_real_transfer_20260604T125549Z",
  "n_real_reviews": 2829,
  "overlap_aspects": [
    "accessibility",
    "assessment_design",
    "exam_fairness",
    "grading_transparency",
    "lecturer_quality",
    "materials",
    "organization",
    "overall_experience",
    "workload"
  ]
}

=== stderr ===

